Archive member included because of file (symbol)

miosix/libmiosix.a(kernel.o)  Microphone.o (_ZN6miosix6Thread5yieldEv)
miosix/libmiosix.a(error.o)   Microphone.o (_ZN6miosix12errorHandlerENS_5ErrorE)
miosix/libmiosix.a(pthread.o)
                              Microphone.o (pthread_create)
miosix/libmiosix.a(stage_2_boot.o)
                              miosix/libmiosix.a(kernel.o) (_ZN6miosix10mainLoaderEPv)
miosix/libmiosix.a(priority_scheduler.o)
                              miosix/libmiosix.a(kernel.o) (_ZN6miosix17PriorityScheduler11PKaddThreadEPNS_6ThreadENS_25PrioritySchedulerPriorityE)
miosix/libmiosix.a(console_device.o)
                              miosix/libmiosix.a(error.o) (_ZN6miosix14DefaultConsole8instanceEv)
miosix/libmiosix.a(devfs.o)   miosix/libmiosix.a(console_device.o) (_ZNK6miosix6Device5fstatEP4stat)
miosix/libmiosix.a(libc_integration.o)
                              main.o (write)
miosix/libmiosix.a(libstdcpp_integration.o)
                              Microphone.o (__cxa_guard_acquire)
miosix/libmiosix.a(util.o)    miosix/libmiosix.a(stage_2_boot.o) (_ZN6miosix15MemoryProfiling11getHeapSizeEv)
miosix/libmiosix.a(version.o)
                              miosix/libmiosix.a(stage_2_boot.o) (_ZN6miosix16getMiosixVersionEv)
miosix/libmiosix.a(bsp.o)     miosix/libmiosix.a(stage_2_boot.o) (_ZN6miosix8shutdownEv)
miosix/libmiosix.a(interrupts_cortexMx.o)
                              miosix/arch/cortexM4_stm32f4/stm32f407vg_stm32f4discovery/core/stage_1_boot.o (_Z17HardFault_Handlerv)
miosix/libmiosix.a(serial_stm32.o)
                              miosix/libmiosix.a(bsp.o) (_ZN6miosix11STM32SerialC1EiiNS0_8FlowCtrlE)
miosix/libmiosix.a(portability.o)
                              miosix/arch/cortexM4_stm32f4/stm32f407vg_stm32f4discovery/core/stage_1_boot.o (_Z15SysTick_Handlerv)
miosix/libmiosix.a(delays.o)  Microphone.o (_ZN6miosix7delayMsEj)
miosix/libmiosix.a(gpio_impl.o)
                              Microphone.o (_ZN6miosix8GpioBase8modeImplEjhNS_4Mode5Mode_E)
miosix/libmiosix.a(sd_stm32f2_f4.o)
                              miosix/libmiosix.a(bsp.o) (_ZN6miosix10SDIODriver8instanceEv)
miosix/libmiosix.a(system_stm32f4xx.o)
                              miosix/arch/cortexM4_stm32f4/stm32f407vg_stm32f4discovery/core/stage_1_boot.o (SystemInit)
miosix/libmiosix.a(file_access.o)
                              miosix/libmiosix.a(bsp.o) (_ZN6miosix17FilesystemManager8instanceEv)
miosix/libmiosix.a(file.o)    miosix/libmiosix.a(devfs.o) (_ZNK6miosix8FileBase6isattyEv)
miosix/libmiosix.a(stringpart.o)
                              miosix/libmiosix.a(devfs.o) (_ZN6miosix10StringPartC1ERSsjj)
miosix/libmiosix.a(mountpointfs.o)
                              miosix/libmiosix.a(file_access.o) (_ZTVN6miosix12MountpointFsE)
miosix/libmiosix.a(fat32.o)   miosix/libmiosix.a(file_access.o) (_ZN6miosix7Fat32FsC1ENS_17intrusive_ref_ptrINS_8FileBaseEEE)
miosix/libmiosix.a(ff.o)      miosix/libmiosix.a(fat32.o) (_Z10f_closedirP4DIR_)
miosix/libmiosix.a(diskio.o)  miosix/libmiosix.a(ff.o) (_Z9disk_readN6miosix17intrusive_ref_ptrINS_8FileBaseEEEPhmj)
miosix/libmiosix.a(wtoupper.o)
                              miosix/libmiosix.a(ff.o) (_Z11ff_wtouppert)
miosix/libmiosix.a(ccsbcs.o)  miosix/libmiosix.a(ff.o) (_Z10ff_converttj)
miosix/libmiosix.a(unicode.o)
                              miosix/libmiosix.a(ff.o) (_ZN6miosix7Unicode7putUtf8EPcDii)
/opt/arm-miosix-eabi/bin/../lib/gcc/arm-miosix-eabi/4.7.3/../../../../arm-miosix-eabi/lib/thumb/cm4/hardfp/fpv4/libstdc++.a(eh_exception.o)
                              miosix/libmiosix.a(kernel.o) (_ZTISt9exception)
/opt/arm-miosix-eabi/bin/../lib/gcc/arm-miosix-eabi/4.7.3/../../../../arm-miosix-eabi/lib/thumb/cm4/hardfp/fpv4/libstdc++.a(class_type_info.o)
                              main.o (_ZTVN10__cxxabiv117__class_type_infoE)
/opt/arm-miosix-eabi/bin/../lib/gcc/arm-miosix-eabi/4.7.3/../../../../arm-miosix-eabi/lib/thumb/cm4/hardfp/fpv4/libstdc++.a(eh_catch.o)
                              miosix/libmiosix.a(kernel.o) (__cxa_begin_catch)
/opt/arm-miosix-eabi/bin/../lib/gcc/arm-miosix-eabi/4.7.3/../../../../arm-miosix-eabi/lib/thumb/cm4/hardfp/fpv4/libstdc++.a(del_op.o)
                              main.o (_ZdlPv)
/opt/arm-miosix-eabi/bin/../lib/gcc/arm-miosix-eabi/4.7.3/../../../../arm-miosix-eabi/lib/thumb/cm4/hardfp/fpv4/libstdc++.a(eh_personality.o)
                              main.o (__gxx_personality_v0)
/opt/arm-miosix-eabi/bin/../lib/gcc/arm-miosix-eabi/4.7.3/../../../../arm-miosix-eabi/lib/thumb/cm4/hardfp/fpv4/libstdc++.a(si_class_type_info.o)
                              main.o (_ZTVN10__cxxabiv120__si_class_type_infoE)
/opt/arm-miosix-eabi/bin/../lib/gcc/arm-miosix-eabi/4.7.3/../../../../arm-miosix-eabi/lib/thumb/cm4/hardfp/fpv4/libstdc++.a(new_op.o)
                              main.o (_Znwj)
/opt/arm-miosix-eabi/bin/../lib/gcc/arm-miosix-eabi/4.7.3/../../../../arm-miosix-eabi/lib/thumb/cm4/hardfp/fpv4/libstdc++.a(pure.o)
[...]
Memory Configuration

Name             Origin             Length             Attributes
flash            0x08000000         0x00100000         xr
smallram         0x10000200         0x0000fe00         xw
largeram         0x20000000         0x00020000         xw
*default*        0x00000000         0xffffffff

Linker script and memory map

                0x00000200                _main_stack_size = 0x200
                0x10000200                _main_stack_top = (0x10000000 + _main_stack_size)
                0x00000001                ASSERT (((_main_stack_size % 0x8) == 0x0), MAIN stack size error)
                0x20000000                _end = 0x20000000
                0x20020000                _heap_end = 0x20020000
                0x00000000                . = 0x0

.text           0x08000000    0x1b24c
 *(.isr_vector)
 .isr_vector    0x08000000      0x188 miosix/arch/cortexM4_stm32f4/stm32f407vg_stm32f4discovery/core/stage_1_boot.o
                0x08000000                __Vectors
 *(.text)
 .text          0x08000188       0x10 /opt/arm-miosix-eabi/bin/../lib/gcc/arm-miosix-eabi/4.7.3/../../../../arm-miosix-eabi/lib/thumb/cm4/hardfp/fpv4/libc.a(lib_a-abort.o)
                0x08000188                abort
 .text          0x08000198       0x4c /opt/arm-miosix-eabi/bin/../lib/gcc/arm-miosix-eabi/4.7.3/../../../../arm-miosix-eabi/lib/thumb/cm4/hardfp/fpv4/libc.a(lib_a-assert.o)
                0x08000198                __assert_func
                0x080001d8                __assert
 .text          0x080001e4       0x14 /opt/arm-miosix-eabi/bin/../lib/gcc/arm-miosix-eabi/4.7.3/../../../../arm-miosix-eabi/lib/thumb/cm4/hardfp/fpv4/libc.a(lib_a-cxa_atexit.o)
                0x080001e4                __cxa_atexit
 .text          0x080001f8      0x25c /opt/arm-miosix-eabi/bin/../lib/gcc/arm-miosix-eabi/4.7.3/../../../../arm-miosix-eabi/lib/thumb/cm4/hardfp/fpv4/libc.a(lib_a-findfp.o)
                0x080001f8                _cleanup_r
                0x08000284                __sfmoreglue
                0x080002ac                _cleanup
                0x080002bc                __sfp_lock_acquire
                0x080002c8                __sfp_lock_release
                0x080002d4                __sinit_lock_acquire
                0x080002e0                __sinit_lock_release
                0x080002ec                __sinit
                0x08000364                __sfp
                0x0800041c                __fp_lock_all
                0x08000438                __fp_unlock_all
 .text          0x08000454       0x48 /opt/arm-miosix-eabi/bin/../lib/gcc/arm-miosix-eabi/4.7.3/../../../../arm-miosix-eabi/lib/thumb/cm4/hardfp/fpv4/libc.a(lib_a-fiprintf.o)
                0x08000454                _fiprintf_r
                0x08000474                fiprintf
 .text          0x0800049c       0x94 /opt/arm-miosix-eabi/bin/../lib/gcc/arm-miosix-eabi/4.7.3/../../../../arm-miosix-eabi/lib/thumb/cm4/hardfp/fpv4/libc.a(lib_a-fwalk.o)
                0x0800049c                _fwalk
                0x080004e4                _fwalk_reent
 .text          0x08000530      0x178 /opt/arm-miosix-eabi/bin/../lib/gcc/arm-miosix-eabi/4.7.3/../../../../arm-miosix-eabi/lib/thumb/cm4/hardfp/fpv4/libc.a(lib_a-getc.o)
                0x08000530                _getc_r
                0x080005e4                getc
 .text          0x080006a8       0x88 /opt/arm-miosix-eabi/bin/../lib/gcc/arm-miosix-eabi/4.7.3/../../../../arm-miosix-eabi/lib/thumb/cm4/hardfp/fpv4/libc.a(lib_a-mallinfor.o)
                0x080006a8                __malloc_update_mallinfo
                0x080006fc                _mallinfo_r
 .text          0x08000730       0x28 /opt/arm-miosix-eabi/bin/../lib/gcc/arm-miosix-eabi/4.7.3/../../../../arm-miosix-eabi/lib/thumb/cm4/hardfp/fpv4/libc.a(lib_a-malloc.o)
                0x08000730                malloc
                0x08000744                free
 .text          0x08000758      0x54c /opt/arm-miosix-eabi/bin/../lib/gcc/arm-miosix-eabi/4.7.3/../../../../arm-miosix-eabi/lib/thumb/cm4/hardfp/fpv4/libc.a(lib_a-mallocr.o)
                0x08000758                _malloc_r
 .text          0x08000ca4       0x94 /opt/arm-miosix-eabi/bin/../lib/gcc/arm-miosix-eabi/4.7.3/../../../../arm-miosix-eabi/lib/thumb/cm4/hardfp/fpv4/libc.a(lib_a-memchr-stub.o)
                0x08000ca4                memchr
 .text          0x08000d38       0x64 /opt/arm-miosix-eabi/bin/../lib/gcc/arm-miosix-eabi/4.7.3/../../../../arm-miosix-eabi/lib/thumb/cm4/hardfp/fpv4/libc.a(lib_a-memcmp.o)
                0x08000d38                memcmp
 .text          0x08000d9c       0x94 /opt/arm-miosix-eabi/bin/../lib/gcc/arm-miosix-eabi/4.7.3/../../../../arm-miosix-eabi/lib/thumb/cm4/hardfp/fpv4/libc.a(lib_a-memcpy-stub.o)
                0x08000d9c                memcpy
 .text          0x08000e30       0xbc /opt/arm-miosix-eabi/bin/../lib/gcc/arm-miosix-eabi/4.7.3/../../../../arm-miosix-eabi/lib/thumb/cm4/hardfp/fpv4/libc.a(lib_a-memmove.o)
                0x08000e30                memmove
 .text          0x08000eec       0x90 /opt/arm-miosix-eabi/bin/../lib/gcc/arm-miosix-eabi/4.7.3/../../../../arm-miosix-eabi/lib/thumb/cm4/hardfp/fpv4/libc.a(lib_a-memrchr.o)
                0x08000eec                memrchr
 .text          0x08000f7c       0x94 /opt/arm-miosix-eabi/bin/../lib/gcc/arm-miosix-eabi/4.7.3/../../../../arm-miosix-eabi/lib/thumb/cm4/hardfp/fpv4/libc.a(lib_a-memset.o)
                0x08000f7c                memset
 .text          0x08001010       0x6c /opt/arm-miosix-eabi/bin/../lib/gcc/arm-miosix-eabi/4.7.3/../../../../arm-miosix-eabi/lib/thumb/cm4/hardfp/fpv4/libc.a(lib_a-printf.o)
                0x08001010                _printf_r
                0x08001044                printf
 .text          0x0800107c       0xc4 /opt/arm-miosix-eabi/bin/../lib/gcc/arm-miosix-eabi/4.7.3/../../../../arm-miosix-eabi/lib/thumb/cm4/hardfp/fpv4/libc.a(lib_a-puts.o)
                0x0800107c                _puts_r
                0x0800112c                puts
 .text          0x08001140       0x2c /opt/arm-miosix-eabi/bin/../lib/gcc/arm-miosix-eabi/4.7.3/../../../../arm-miosix-eabi/lib/thumb/cm4/hardfp/fpv4/libc.a(lib_a-raise.o)
                0x08001140                _raise_r
                0x08001158                raise
 .text          0x0800116c       0xd8 /opt/arm-miosix-eabi/bin/../lib/gcc/arm-miosix-eabi/4.7.3/../../../../arm-miosix-eabi/lib/thumb/cm4/hardfp/fpv4/libc.a(lib_a-reent.o)
                0x0800116c                cleanup_glue
                0x08001188                _reclaim_reent
 .text          0x08001244       0x84 /opt/arm-miosix-eabi/bin/../lib/gcc/arm-miosix-eabi/4.7.3/../../../../arm-miosix-eabi/lib/thumb/cm4/hardfp/fpv4/libc.a(lib_a-rget.o)
                0x08001244                __srget_r
                0x080012b4                __srget
 .text          0x080012c8       0xb8 /opt/arm-miosix-eabi/bin/../lib/gcc/arm-miosix-eabi/4.7.3/../../../../arm-miosix-eabi/lib/thumb/cm4/hardfp/fpv4/libc.a(lib_a-stdio.o)
                0x080012c8                __sread
                0x080012f4                __seofread
                0x080012f8                __swrite
                0x08001340                __sseek
                0x08001378                __sclose
 .text          0x08001380       0xfc /opt/arm-miosix-eabi/bin/../lib/gcc/arm-miosix-eabi/4.7.3/../../../../arm-miosix-eabi/lib/thumb/cm4/hardfp/fpv4/libc.a(lib_a-strchr.o)
                0x08001380                strchr
 .text          0x0800147c      0x248 /opt/arm-miosix-eabi/bin/../lib/gcc/arm-miosix-eabi/4.7.3/../../../../arm-miosix-eabi/lib/thumb/cm4/hardfp/fpv4/libc.a(lib_a-strcmp.o)
                0x0800147c                strcmp
 .text          0x080016c4       0xbc /opt/arm-miosix-eabi/bin/../lib/gcc/arm-miosix-eabi/4.7.3/../../../../arm-miosix-eabi/lib/thumb/cm4/hardfp/fpv4/libc.a(lib_a-strcpy.o)
                0x080016c4                strcpy
 .text          0x08001780      0x3b4 /opt/arm-miosix-eabi/bin/../lib/gcc/arm-miosix-eabi/4.7.3/../../../../arm-miosix-eabi/lib/thumb/cm4/hardfp/fpv4/libc.a(lib_a-strerror.o)
                0x08001780                _strerror_r
                0x08001b1c                strerror
 .text          0x08001b34       0x60 /opt/arm-miosix-eabi/bin/../lib/gcc/arm-miosix-eabi/4.7.3/../../../../arm-miosix-eabi/lib/thumb/cm4/hardfp/fpv4/libc.a(lib_a-strlen.o)
                0x08001b34                strlen
 .text          0x08001b94       0x68 /opt/arm-miosix-eabi/bin/../lib/gcc/arm-miosix-eabi/4.7.3/../../../../arm-miosix-eabi/lib/thumb/cm4/hardfp/fpv4/libc.a(lib_a-termios.o)
                0x08001b94                tcgetattr
                0x08001b9c                tcsetattr
                0x08001bd4                cfgetospeed
                0x08001bdc                cfsetospeed
                0x08001bec                tcdrain
                0x08001bf4                tcflush
 .text          0x08001bfc        0x4 /opt/arm-miosix-eabi/bin/../lib/gcc/arm-miosix-eabi/4.7.3/../../../../arm-miosix-eabi/lib/thumb/cm4/hardfp/fpv4/libc.a(lib_a-u_strerr.o)
                0x08001bfc                _user_strerror
 .text          0x08001c00      0xd90 /opt/arm-miosix-eabi/bin/../lib/gcc/arm-miosix-eabi/4.7.3/../../../../arm-miosix-eabi/lib/thumb/cm4/hardfp/fpv4/libc.a(lib_a-vfiprintf.o)
                0x08001c00                __sprint_r
                0x08001c7c                _vfiprintf_r
                0x08002974                vfiprintf
 .text          0x08002990     0x1640 /opt/arm-miosix-eabi/bin/../lib/gcc/arm-miosix-eabi/4.7.3/../../../../arm-miosix-eabi/lib/thumb/cm4/hardfp/fpv4/libc.a(lib_a-vfprintf.o)
                0x08002990                _vfprintf_r
                0x08003fb4                vfprintf
 .text          0x08003fd0       0x64 /opt/arm-miosix-eabi/bin/../lib/gcc/arm-miosix-eabi/4.7.3/../../../../arm-miosix-eabi/lib/thumb/cm4/hardfp/fpv4/libc.a(lib_a-viprintf.o)
                0x08003fd0                viprintf
                0x08004008                _viprintf_r
 .text          0x08004034      0x11c /opt/arm-miosix-eabi/bin/../lib/gcc/arm-miosix-eabi/4.7.3/../../../../arm-miosix-eabi/lib/thumb/cm4/hardfp/fpv4/libc.a(lib_a-wsetup.o)
                0x08004034                __swsetup_r
 .text          0x08004150      0xff8 /opt/arm-miosix-eabi/bin/../lib/gcc/arm-miosix-eabi/4.7.3/../../../../arm-miosix-eabi/lib/thumb/cm4/hardfp/fpv4/libc.a(lib_a-dtoa.o)
                0x08004270                _dtoa_r
 .text          0x08005148        0x8 /opt/arm-miosix-eabi/bin/../lib/gcc/arm-miosix-eabi/4.7.3/../../../../arm-miosix-eabi/lib/thumb/cm4/hardfp/fpv4/libc.a(lib_a-errno.o)
                0x08005148                __errno
 .text          0x08005150      0x124 /opt/arm-miosix-eabi/bin/../lib/gcc/arm-miosix-eabi/4.7.3/../../../../arm-miosix-eabi/lib/thumb/cm4/hardfp/fpv4/libc.a(lib_a-fclose.o)
                0x08005150                _fclose_r
                0x08005260                fclose
 .text          0x08005274      0x234 /opt/arm-miosix-eabi/bin/../lib/gcc/arm-miosix-eabi/4.7.3/../../../../arm-miosix-eabi/lib/thumb/cm4/hardfp/fpv4/libc.a(lib_a-fflush.o)
                0x08005274                __sflush_r
                0x080053d4                _fflush_r
                0x0800547c                fflush
 .text          0x080054a8      0x17c /opt/arm-miosix-eabi/bin/../lib/gcc/arm-miosix-eabi/4.7.3/../../../../arm-miosix-eabi/lib/thumb/cm4/hardfp/fpv4/libc.a(lib_a-fputwc.o)
                0x080054a8                _fputwc_r
                0x080055b8                fputwc
 .text          0x08005624      0x228 /opt/arm-miosix-eabi/bin/../lib/gcc/arm-miosix-eabi/4.7.3/../../../../arm-miosix-eabi/lib/thumb/cm4/hardfp/fpv4/libc.a(lib_a-freer.o)
                0x08005624                _malloc_trim_r
                0x080056bc                _free_r
 .text          0x0800584c      0x32c /opt/arm-miosix-eabi/bin/../lib/gcc/arm-miosix-eabi/4.7.3/../../../../arm-miosix-eabi/lib/thumb/cm4/hardfp/fpv4/libc.a(lib_a-fvwrite.o)
                0x0800584c                __sfvwrite_r
 .text          0x08005b78       0x94 /opt/arm-miosix-eabi/bin/../lib/gcc/arm-miosix-eabi/4.7.3/../../../../arm-miosix-eabi/lib/thumb/cm4/hardfp/fpv4/libc.a(lib_a-locale.o)
                0x08005b78                _setlocale_r
                0x08005bb8                __locale_charset
                0x08005bc4                __locale_mb_cur_max
                0x08005bd0                __locale_msgcharset
                0x08005bd8                __locale_cjk_lang
                0x08005bdc                _localeconv_r
                0x08005be4                setlocale
                0x08005bfc                localeconv
 .text          0x08005c0c       0xf0 /opt/arm-miosix-eabi/bin/../lib/gcc/arm-miosix-eabi/4.7.3/../../../../arm-miosix-eabi/lib/thumb/cm4/hardfp/fpv4/libc.a(lib_a-makebuf.o)
                0x08005c0c                __smakebuf_r
 .text          0x08005cfc      0x934 /opt/arm-miosix-eabi/bin/../lib/gcc/arm-miosix-eabi/4.7.3/../../../../arm-miosix-eabi/lib/thumb/cm4/hardfp/fpv4/libc.a(lib_a-mprec.o)
                0x08005cfc                _Balloc
                0x08005d64                _Bfree
                0x08005d9c                __multadd
                0x08005e28                __s2b
                0x08005ec4                __hi0bits
                0x08005f00                __lo0bits
                0x08005f5c                __i2b
                0x08005f70                __multiply
                0x080060b4                __pow5mult
                0x08006158                __lshift
                0x0800620c                __mcmp
                0x08006248                __mdiff
                0x08006324                __ulp
                0x08006378                __b2d
                0x0800643c                __d2b
                0x080064f0                __ratio
                0x08006554                _mprec_log10
                0x08006590                __copybits
                0x080065d8                __any_on
 .text          0x08006630      0x3ec /opt/arm-miosix-eabi/bin/../lib/gcc/arm-miosix-eabi/4.7.3/../../../../arm-miosix-eabi/lib/thumb/cm4/hardfp/fpv4/libc.a(lib_a-reallocr.o)
                0x08006630                _realloc_r
 .text          0x08006a1c      0x178 /opt/arm-miosix-eabi/bin/../lib/gcc/arm-miosix-eabi/4.7.3/../../../../arm-miosix-eabi/lib/thumb/cm4/hardfp/fpv4/libc.a(lib_a-refill.o)
                0x08006a30                __srefill_r
 .text          0x08006b94       0x54 /opt/arm-miosix-eabi/bin/../lib/gcc/arm-miosix-eabi/4.7.3/../../../../arm-miosix-eabi/lib/thumb/cm4/hardfp/fpv4/libc.a(lib_a-s_fpclassify.o)
                0x08006b94                __fpclassifyd
 .text          0x08006be8      0x104 /opt/arm-miosix-eabi/bin/../lib/gcc/arm-miosix-eabi/4.7.3/../../../../arm-miosix-eabi/lib/thumb/cm4/hardfp/fpv4/libc.a(lib_a-wbuf.o)
                0x08006be8                __swbuf_r
                0x08006cd4                __swbuf
 .text          0x08006cec       0xb4 /opt/arm-miosix-eabi/bin/../lib/gcc/arm-miosix-eabi/4.7.3/../../../../arm-miosix-eabi/lib/thumb/cm4/hardfp/fpv4/libc.a(lib_a-wcrtomb.o)
                0x08006cec                _wcrtomb_r
                0x08006d3c                wcrtomb
 .text          0x08006da0       0x4c /opt/arm-miosix-eabi/bin/../lib/gcc/arm-miosix-eabi/4.7.3/../../../../arm-miosix-eabi/lib/thumb/cm4/hardfp/fpv4/libc.a(lib_a-wctomb_r.o)
                0x08006da0                __ascii_wctomb
                0x08006dbc                _wctomb_r
 .text          0x08006dec       0x60 /opt/arm-miosix-eabi/bin/../lib/gcc/arm-miosix-eabi/4.7.3/../../../../arm-miosix-eabi/lib/thumb/cm4/hardfp/fpv4/libc.a(lib_a-callocr.o)
                0x08006dec                _calloc_r
 .text          0x08006e4c      0x370 /opt/arm-miosix-eabi/bin/../lib/gcc/arm-miosix-eabi/4.7.3/thumb/cm4/hardfp/fpv4/libgcc.a(_arm_addsubdf3.o)
                0x08006e4c                __aeabi_drsub
                0x08006e54                __aeabi_dsub
                0x08006e54                __subdf3
                0x08006e58                __adddf3
                0x08006e58                __aeabi_dadd
                0x080070d0                __aeabi_ui2d
                0x080070d0                __floatunsidf
                0x080070f0                __floatsidf
                0x080070f0                __aeabi_i2d
                0x08007114                __extendsfdf2
                0x08007114                __aeabi_f2d
                0x08007150                __aeabi_ul2d
                0x08007150                __floatundidf
                0x08007160                __floatdidf
                0x08007160                __aeabi_l2d
 .text          0x080071bc      0x424 /opt/arm-miosix-eabi/bin/../lib/gcc/arm-miosix-eabi/4.7.3/thumb/cm4/hardfp/fpv4/libgcc.a(_arm_muldivdf3.o)
                0x080071bc                __aeabi_dmul
                0x080071bc                __muldf3
                0x08007410                __aeabi_ddiv
                0x08007410                __divdf3
 .text          0x080075e0      0x110 /opt/arm-miosix-eabi/bin/../lib/gcc/arm-miosix-eabi/4.7.3/thumb/cm4/hardfp/fpv4/libgcc.a(_arm_cmpdf2.o)
                0x080075e0                __gtdf2
                0x080075e0                __gedf2
                0x080075e8                __ltdf2
                0x080075e8                __ledf2
                0x080075f0                __cmpdf2
                0x080075f0                __eqdf2
                0x080075f0                __nedf2
                0x0800766c                __aeabi_cdrcmple
                0x0800767c                __aeabi_cdcmple
                0x0800767c                __aeabi_cdcmpeq
                0x0800768c                __aeabi_dcmpeq
                0x080076a0                __aeabi_dcmplt
                0x080076b4                __aeabi_dcmple
                0x080076c8                __aeabi_dcmpge
                0x080076dc                __aeabi_dcmpgt
 .text          0x080076f0       0x50 /opt/arm-miosix-eabi/bin/../lib/gcc/arm-miosix-eabi/4.7.3/thumb/cm4/hardfp/fpv4/libgcc.a(_arm_fixdfsi.o)
                0x080076f0                __fixdfsi
                0x080076f0                __aeabi_d2iz
 .text          0x08007740       0x2c /opt/arm-miosix-eabi/bin/../lib/gcc/arm-miosix-eabi/4.7.3/thumb/cm4/hardfp/fpv4/libgcc.a(_aeabi_uldivmod.o)
                0x08007740                __aeabi_uldivmod
 .text          0x0800776c       0x58 /opt/arm-miosix-eabi/bin/../lib/gcc/arm-miosix-eabi/4.7.3/thumb/cm4/hardfp/fpv4/libgcc.a(bpabi.o)
                0x0800776c                __gnu_ldivmod_helper
                0x08007798                __gnu_uldivmod_helper
 .text          0x080077c4      0x9fc /opt/arm-miosix-eabi/bin/../lib/gcc/arm-miosix-eabi/4.7.3/thumb/cm4/hardfp/fpv4/libgcc.a(unwind-arm.o)
                0x08007a88                _Unwind_GetCFA
                0x08007a8c                __gnu_Unwind_RaiseException
                0x08007aec                __gnu_Unwind_ForcedUnwind
                0x08007b04                __gnu_Unwind_Resume
                0x08007b48                __gnu_Unwind_Resume_or_Rethrow
                0x08007b60                _Unwind_Complete
                0x08007b64                _Unwind_DeleteException
                0x08007b74                _Unwind_VRS_Get
                0x08007bbc                _Unwind_VRS_Set
                0x08007ed0                __aeabi_unwind_cpp_pr2
                0x08007ed8                __aeabi_unwind_cpp_pr1
                0x08007ee0                __aeabi_unwind_cpp_pr0
                0x08007ee8                __gnu_Unwind_Backtrace
                0x08007f58                _Unwind_VRS_Pop
 .text          0x080081c0      0x1ac /opt/arm-miosix-eabi/bin/../lib/gcc/arm-miosix-eabi/4.7.3/thumb/cm4/hardfp/fpv4/libgcc.a(libunwind.o)
                0x080081c0                __restore_core_regs
                0x080081c0                restore_core_regs
                0x080081d8                __gnu_Unwind_Restore_VFP
                0x080081e0                __gnu_Unwind_Save_VFP
                0x080081e8                __gnu_Unwind_Restore_VFP_D
                0x080081f0                __gnu_Unwind_Save_VFP_D
                0x080081f8                __gnu_Unwind_Restore_VFP_D_16_to_31
                0x08008200                __gnu_Unwind_Save_VFP_D_16_to_31
                0x08008208                __gnu_Unwind_Restore_WMMXD
                0x0800824c                __gnu_Unwind_Save_WMMXD
                0x08008290                __gnu_Unwind_Restore_WMMXC
                0x080082a4                __gnu_Unwind_Save_WMMXC
                0x080082b8                ___Unwind_RaiseException
                0x080082b8                _Unwind_RaiseException
                0x080082dc                ___Unwind_Resume
                0x080082dc                _Unwind_Resume
                0x08008300                _Unwind_Resume_or_Rethrow
                0x08008300                ___Unwind_Resume_or_Rethrow
                0x08008324                ___Unwind_ForcedUnwind
                0x08008324                _Unwind_ForcedUnwind
                0x08008348                _Unwind_Backtrace
                0x08008348                ___Unwind_Backtrace
 .text          0x0800836c      0x3a0 /opt/arm-miosix-eabi/bin/../lib/gcc/arm-miosix-eabi/4.7.3/thumb/cm4/hardfp/fpv4/libgcc.a(pr-support.o)
                0x080083b8                __gnu_unwind_execute
                0x080086b4                __gnu_unwind_frame
                0x080086dc                _Unwind_GetRegionStart
                0x080086e8                _Unwind_GetLanguageSpecificData
                0x080086fc                _Unwind_GetDataRelBase
                0x08008704                _Unwind_GetTextRelBase
 .text          0x0800870c        0x4 /opt/arm-miosix-eabi/bin/../lib/gcc/arm-miosix-eabi/4.7.3/thumb/cm4/hardfp/fpv4/libgcc.a(_dvmd_tls.o)
                0x0800870c                __aeabi_ldiv0
                0x0800870c                __aeabi_idiv0
 .text          0x08008710      0x2c8 /opt/arm-miosix-eabi/bin/../lib/gcc/arm-miosix-eabi/4.7.3/thumb/cm4/hardfp/fpv4/libgcc.a(_divdi3.o)
                0x08008710                __divdi3
 .text          0x080089d8      0x29c /opt/arm-miosix-eabi/bin/../lib/gcc/arm-miosix-eabi/4.7.3/thumb/cm4/hardfp/fpv4/libgcc.a(_udivdi3.o)
                0x080089d8                __udivdi3
 *(.text.*)
 .text._ZNSt17_Function_handlerIFvPhiESt5_BindIFPFvS0_jESt12_PlaceholderILi1EES5_ILi2EEEEE9_M_invokeERKSt9_Any_dataS0_i
                0x08008c74       0x10 main.o
                0x08008c74                _ZNSt17_Function_handlerIFvPhiESt5_BindIFPFvS0_jESt12_PlaceholderILi1EES5_ILi2EEEEE9_M_invokeERKSt9_Any_dataS0_i
 .text._Z12sendToSerialPhj
                0x08008c84       0x24 main.o
                0x08008c84                _Z12sendToSerialPhj
 .text._ZNSt14_Function_base13_Base_managerISt5_BindIFPFvPhjESt12_PlaceholderILi1EES5_ILi2EEEEE10_M_managerERSt9_Any_dataRKSB_St18_Manager_operation
                0x08008ca8       0x48 main.o
                0x08008ca8                _ZNSt14_Function_base13_Base_managerISt5_BindIFPFvPhjESt12_PlaceholderILi1EES5_ILi2EEEEE10_M_managerERSt9_Any_dataRKSB_St18_Manager_operation
 .text._Z12setRawStdoutv
                0x08008cf0       0x24 main.o
                0x08008cf0                _Z12setRawStdoutv
 .text._Z14sendInitSignali
                0x08008d14       0x3c main.o
                0x08008d14                _Z14sendInitSignali
 .text.startup.main
                0x08008d50       0xe0 main.o
                0x08008d50                main
 .text._ZL12IRQdmaRefillv
                0x08008e30       0x54 Microphone.o
 .text._ZN10MicrophoneD2Ev
                0x08008e84       0x1c Microphone.o
                0x08008e84                _ZN10MicrophoneD1Ev
                0x08008e84                _ZN10MicrophoneD2Ev
 .text._ZN10MicrophoneD0Ev
                0x08008ea0       0x24 Microphone.o
                0x08008ea0                _ZN10MicrophoneD0Ev
 .text._Z23DMA1_Stream3_IRQHandlerv
                0x08008ec4       0x3c Microphone.o
                0x08008ec4                _Z23DMA1_Stream3_IRQHandlerv
 .text._Z17I2SdmaHandlerImplv
                0x08008f00       0x7c Microphone.o
                0x08008f00                _Z17I2SdmaHandlerImplv
 .text._ZN10Microphone8instanceEv
                0x08008f7c       0x60 Microphone.o
                0x08008f7c                _ZN10Microphone8instanceEv
 .text._ZN10Microphone4initESt8functionIFvPhiEE
                0x08008fdc       0x78 Microphone.o
                0x08008fdc                _ZN10Microphone4initESt8functionIFvPhiEE
 .text._ZN10Microphone5startEv
                0x08009054      0x138 Microphone.o
                0x08009054                _ZN10Microphone5startEv
 .text._ZN10Microphone9PDMFilterEPKtj
                0x0800918c       0x7c Microphone.o
                0x0800918c                _ZN10Microphone9PDMFilterEPKtj
 .text._ZN10Microphone10processPDMEPKti
                0x08009208       0x58 Microphone.o
                0x08009208                _ZN10Microphone10processPDMEPKti
 .text._ZN10Microphone8mainLoopEv
                0x08009260      0x13c Microphone.o
                0x08009260                _ZN10Microphone8mainLoopEv
 .text._ZN10Microphone16mainLoopLauncherEPv
                0x0800939c        0x8 Microphone.o
                0x0800939c                _ZN10Microphone16mainLoopLauncherEPv
 .text._ZN10Microphone12getBatchSizeEv
                0x080093a4        0x4 Microphone.o
                0x080093a4                _ZN10Microphone12getBatchSizeEv
 .text._ZNKSt8functionIFvPhiEEclES0_i
                0x080093a8       0x10 Microphone.o
                0x080093a8                _ZNKSt8functionIFvPhiEEclES0_i
 .text._ZN10Microphone4stopEv
                0x080093b8       0x74 Microphone.o
                0x080093b8                _ZN10Microphone4stopEv
 .text._ZN10Microphone12execCallbackEv
                0x0800942c       0x64 Microphone.o
                0x0800942c                _ZN10Microphone12execCallbackEv
 .text._ZN10Microphone16callbackLauncherEPv
                0x08009490        0x8 Microphone.o
                0x08009490                _ZN10Microphone16callbackLauncherEPv
 .text._Z16EXTI0_IRQHandlerv
                0x08009498       0x3c button.o
                0x08009498                _Z16EXTI0_IRQHandlerv
 .text._Z16EXTI0HandlerImplv
                0x080094d4       0x48 button.o
                0x080094d4                _Z16EXTI0HandlerImplv
 .text._Z10buttonInitv
                0x0800951c       0x3c button.o
                0x0800951c                _Z10buttonInitv
 .text._Z19signalHasJustPushedv
                0x08009558       0x1c button.o
                0x08009558                _Z19signalHasJustPushedv
 .text._Z13waitForButtonv
                0x08009574       0x38 button.o
                0x08009574                _Z13waitForButtonv
 .text._Z6encodeP10CodecStatePsiPh
                0x080095ac       0xdc adpcm/codec.o
                0x080095ac                _Z6encodeP10CodecStatePsiPh
 .text.Default_Handler
                0x08009688        0x4 miosix/arch/cortexM4_stm32f4/stm32f407vg_stm32f4discovery/core/stage_1_boot.o
                0x08009688                _Z18CAN1_TX_IRQHandlerv
                0x08009688                _Z23DMA2_Stream1_IRQHandlerv
                0x08009688                _Z23DMA2_Stream6_IRQHandlerv
                0x08009688                _Z29TIM8_TRG_COM_TIM14_IRQHandlerv
                0x08009688                _Z23DMA2_Stream5_IRQHandlerv
                0x08009688                _Z16EXTI1_IRQHandlerv
                0x08009688                _Z25OTG_HS_EP1_OUT_IRQHandlerv
                0x08009688                _Z15DCMI_IRQHandlerv
                0x08009688                _Z15WWDG_IRQHandlerv
                0x08009688                _Z14RCC_IRQHandlerv
                0x08009688                _Z15TIM5_IRQHandlerv
                0x08009688                _Z19CAN1_SCE_IRQHandlerv
                0x08009688                _Z19CAN2_RX1_IRQHandlerv
                0x08009688                _Z23DMA1_Stream0_IRQHandlerv
                0x08009688                _Z23DMA1_Stream2_IRQHandlerv
                0x08009688                _Z20EXTI15_10_IRQHandlerv
                0x08009688                _Z16EXTI4_IRQHandlerv
                0x08009688                _Z15SPI1_IRQHandlerv
                0x08009688                _Z23DMA1_Stream7_IRQHandlerv
                0x08009688                _Z21TAMP_STAMP_IRQHandlerv
                0x08009688                _Z15CRYP_IRQHandlerv
                0x08009688                _Z19HASH_RNG_IRQHandlerv
                0x08009688                _Z19CAN1_RX0_IRQHandlerv
                0x08009688                _Z14ADC_IRQHandlerv
                0x08009688                _Z17USART6_IRQHandlerv
                0x08009688                _Z16EXTI2_IRQHandlerv
                0x08009688                _Z15SPI2_IRQHandlerv
                0x08009688                _Z25TIM8_BRK_TIM12_IRQHandlerv
                0x08009688                _Z18I2C1_EV_IRQHandlerv
                0x08009688                _Z20RTC_Alarm_IRQHandlerv
                0x08009688                _Z17OTG_HS_IRQHandlerv
                0x08009688                _Z16UART4_IRQHandlerv
                0x08009688                _Z19RTC_WKUP_IRQHandlerv
                0x08009688                _Z18I2C3_ER_IRQHandlerv
                0x08009688                _Z24TIM1_BRK_TIM9_IRQHandlerv
                0x08009688                _Z18I2C2_ER_IRQHandlerv
                0x08009688                _Z19TIM6_DAC_IRQHandlerv
                0x08009688                _Z29TIM1_TRG_COM_TIM11_IRQHandlerv
                0x08009688                _Z19CAN2_SCE_IRQHandlerv
                0x08009688                _Z18CAN2_TX_IRQHandlerv
                0x08009688                _Z16UART5_IRQHandlerv
                0x08009688                Default_Handler
                0x08009688                _Z18TIM1_CC_IRQHandlerv
                0x08009688                _Z15TIM2_IRQHandlerv
                0x08009688                _Z18I2C3_EV_IRQHandlerv
                0x08009688                _Z19ETH_WKUP_IRQHandlerv
                0x08009688                _Z23DMA2_Stream7_IRQHandlerv
                0x08009688                _Z18TIM8_CC_IRQHandlerv
                0x08009688                _Z16FLASH_IRQHandlerv
                0x08009688                _Z22OTG_FS_WKUP_IRQHandlerv
                0x08009688                _Z24TIM8_UP_TIM13_IRQHandlerv
                0x08009688                _Z15FSMC_IRQHandlerv
                0x08009688                _Z19CAN1_RX1_IRQHandlerv
                0x08009688                _Z16EXTI3_IRQHandlerv
                0x08009688                _Z22OTG_HS_WKUP_IRQHandlerv
                0x08009688                _Z23DMA1_Stream1_IRQHandlerv
                0x08009688                _Z14FPU_IRQHandlerv
                0x08009688                _Z23DMA2_Stream0_IRQHandlerv
                0x08009688                _Z14PVD_IRQHandlerv
                0x08009688                _Z23DMA2_Stream2_IRQHandlerv
                0x08009688                _Z23DMA1_Stream4_IRQHandlerv
                0x08009688                _Z18I2C1_ER_IRQHandlerv
                0x08009688                _Z15TIM3_IRQHandlerv
                0x08009688                _Z23DMA2_Stream4_IRQHandlerv
                0x08009688                _Z19CAN2_RX0_IRQHandlerv
                0x08009688                _Z24TIM1_UP_TIM10_IRQHandlerv
                0x08009688                _Z17OTG_FS_IRQHandlerv
                0x08009688                _Z18I2C2_EV_IRQHandlerv
                0x08009688                _Z14ETH_IRQHandlerv
                0x08009688                _Z15SPI3_IRQHandlerv
                0x08009688                _Z15TIM4_IRQHandlerv
                0x08009688                _Z24OTG_HS_EP1_IN_IRQHandlerv
                0x08009688                _Z18EXTI9_5_IRQHandlerv
                0x08009688                _Z15TIM7_IRQHandlerv
 .text._Z15program_startupv
                0x0800968c       0x5c miosix/arch/cortexM4_stm32f4/stm32f407vg_stm32f4discovery/core/stage_1_boot.o
                0x0800968c                _Z15program_startupv
 .text._Z13Reset_Handlerv
                0x080096e8       0x24 miosix/arch/cortexM4_stm32f4/stm32f407vg_stm32f4discovery/core/stage_1_boot.o
                0x080096e8                _Z13Reset_Handlerv
 .text._Z8errorLogPKcz
                0x0800970c       0x20 miosix/libmiosix.a(kernel.o)
                0x0800970c                _Z8errorLogPKcz
 .text._ZN6miosix17disableInterruptsEv
                0x0800972c       0x24 miosix/libmiosix.a(kernel.o)
                0x0800972c                _ZN6miosix17disableInterruptsEv
 .text._ZN6miosix16enableInterruptsEv
                0x08009750       0x28 miosix/libmiosix.a(kernel.o)
                0x08009750                _ZN6miosix16enableInterruptsEv
 .text._ZN6miosix11pauseKernelEv
                0x08009778       0x2c miosix/libmiosix.a(kernel.o)
                0x08009778                _ZN6miosix11pauseKernelEv
 .text._ZN6miosix13restartKernelEv
                0x080097a4       0x40 miosix/libmiosix.a(kernel.o)
                0x080097a4                _ZN6miosix13restartKernelEv
 .text._ZN6miosix10idleThreadEPv
                0x080097e4       0x2c miosix/libmiosix.a(kernel.o)
                0x080097e4                _ZN6miosix10idleThreadEPv
 .text._ZN6miosix20areInterruptsEnabledEv
                0x08009810       0x10 miosix/libmiosix.a(kernel.o)
                0x08009810                _ZN6miosix20areInterruptsEnabledEv
 .text._ZN6miosix20IRQaddToSleepingListEPNS_9SleepDataE
                0x08009820       0x48 miosix/libmiosix.a(kernel.o)
                0x08009820                _ZN6miosix20IRQaddToSleepingListEPNS_9SleepDataE
 .text._ZN6miosix14IRQwakeThreadsEv
                0x08009868       0x64 miosix/libmiosix.a(kernel.o)
                0x08009868                _ZN6miosix14IRQwakeThreadsEv
 .text._ZN6miosix6Thread5yieldEv
                0x080098cc        0x8 miosix/libmiosix.a(kernel.o)
                0x080098cc                _ZN6miosix6Thread5yieldEv
 .text._ZN6miosix6Thread5sleepEj
                0x080098d4       0x78 miosix/libmiosix.a(kernel.o)
                0x080098d4                _ZN6miosix6Thread5sleepEj
 .text._ZN6miosix6Thread16getCurrentThreadEv
                0x0800994c        0xc miosix/libmiosix.a(kernel.o)
                0x0800994c                _ZN6miosix6Thread16getCurrentThreadEv
 .text._ZN6miosix6Thread6existsEPS0_
                0x08009958       0x24 miosix/libmiosix.a(kernel.o)
                0x08009958                _ZN6miosix6Thread6existsEPS0_
 .text._ZN6miosix6Thread19IRQgetCurrentThreadEv
                0x0800997c        0xc miosix/libmiosix.a(kernel.o)
                0x0800997c                _ZN6miosix6Thread19IRQgetCurrentThreadEv
 .text._ZN6miosix6Thread14IRQgetPriorityEv
                0x08009988        0x4 miosix/libmiosix.a(kernel.o)
                0x08009988                _ZN6miosix6Thread14IRQgetPriorityEv
 .text._ZN6miosix6Thread7IRQwaitEv
                0x0800998c       0x14 miosix/libmiosix.a(kernel.o)
                0x0800998c                _ZN6miosix6Thread7IRQwaitEv
 .text._ZN6miosix6Thread9IRQwakeupEv
                0x080099a0        0xc miosix/libmiosix.a(kernel.o)
                0x080099a0                _ZN6miosix6Thread9IRQwakeupEv
 .text._ZN6miosix6Thread9IRQexistsEPS0_
                0x080099ac        0x8 miosix/libmiosix.a(kernel.o)
                0x080099ac                _ZN6miosix6Thread9IRQexistsEPS0_
 .text._ZN6miosix6Thread4joinEPPv
                0x080099b4       0xa4 miosix/libmiosix.a(kernel.o)
                0x080099b4                _ZN6miosix6Thread4joinEPPv
 .text._ZN6miosix6Thread14threadLauncherEPFPvS1_ES1_
                0x08009a58       0x98 miosix/libmiosix.a(kernel.o)
                0x08009a58                _ZN6miosix6Thread14threadLauncherEPFPvS1_ES1_
 .text._ZN6miosix6ThreadC2EPjjb
                0x08009af0       0x8c miosix/libmiosix.a(kernel.o)
                0x08009af0                _ZN6miosix6ThreadC2EPjjb
                0x08009af0                _ZN6miosix6ThreadC1EPjjb
 .text._ZN6miosix6ThreadD2Ev
                0x08009b7c       0x50 miosix/libmiosix.a(kernel.o)
                0x08009b7c                _ZN6miosix6ThreadD1Ev
                0x08009b7c                _ZN6miosix6ThreadD2Ev
 .text._ZN6miosix6Thread8doCreateEPFPvS1_EjS1_tb
                0x08009bcc       0x94 miosix/libmiosix.a(kernel.o)
                0x08009bcc                _ZN6miosix6Thread8doCreateEPFPvS1_EjS1_tb
 .text._ZN6miosix11startKernelEv
                0x08009c60       0x74 miosix/libmiosix.a(kernel.o)
                0x08009c60                _ZN6miosix11startKernelEv
 .text._ZN6miosix6Thread6createEPFPvS1_EjNS_25PrioritySchedulerPriorityES1_t
                0x08009cd4       0x64 miosix/libmiosix.a(kernel.o)
                0x08009cd4                _ZN6miosix6Thread6createEPFPvS1_EjNS_25PrioritySchedulerPriorityES1_t
 .text._ZN6miosix6Thread11ThreadFlags14IRQsetCondWaitEb
                0x08009d38       0x14 miosix/libmiosix.a(kernel.o)
                0x08009d38                _ZN6miosix6Thread11ThreadFlags14IRQsetCondWaitEb
 .text._ZN6miosix17intrusive_ref_ptrINS_6DeviceEE5resetEv
                0x08009d4c       0x2c miosix/libmiosix.a(error.o)
                0x08009d4c                _ZN6miosix17intrusive_ref_ptrINS_6DeviceEE5resetEv
 .text._ZN6miosix12errorHandlerENS_5ErrorE
                0x08009d78      0x3b4 miosix/libmiosix.a(error.o)
                0x08009d78                _ZN6miosix12errorHandlerENS_5ErrorE
 .text.pthread_create
                0x0800a12c       0x34 miosix/libmiosix.a(pthread.o)
                0x0800a12c                pthread_create
 .text.pthread_join
                0x0800a160       0x30 miosix/libmiosix.a(pthread.o)
                0x0800a160                pthread_join
 .text.pthread_mutexattr_init
                0x0800a190        0x8 miosix/libmiosix.a(pthread.o)
                0x0800a190                pthread_mutexattr_init
 .text.pthread_mutexattr_destroy
                0x0800a198        0x4 miosix/libmiosix.a(pthread.o)
                0x0800a198                pthread_mutexattr_destroy
 .text.pthread_mutexattr_settype
                0x0800a19c       0x14 miosix/libmiosix.a(pthread.o)
                0x0800a19c                pthread_mutexattr_settype
 .text.pthread_mutex_init
                0x0800a1b0       0x24 miosix/libmiosix.a(pthread.o)
                0x0800a1b0                pthread_mutex_init
 .text.pthread_mutex_destroy
                0x0800a1d4        0xc miosix/libmiosix.a(pthread.o)
                0x0800a1d4                pthread_mutex_destroy
 .text.pthread_mutex_lock
                0x0800a1e0       0x74 miosix/libmiosix.a(pthread.o)
                0x0800a1e0                pthread_mutex_lock
 .text.pthread_mutex_unlock
                0x0800a254       0x44 miosix/libmiosix.a(pthread.o)
                0x0800a254                pthread_mutex_unlock
 .text.pthread_cond_wait
                0x0800a298       0xe0 miosix/libmiosix.a(pthread.o)
                0x0800a298                pthread_cond_wait
 .text.pthread_cond_broadcast
                0x0800a378       0x2c miosix/libmiosix.a(pthread.o)
                0x0800a378                pthread_cond_broadcast
 .text.pthread_setcancelstate
                0x0800a3a4        0x4 miosix/libmiosix.a(pthread.o)
                0x0800a3a4                pthread_setcancelstate
 .text._Z7bootlogPKcz
                0x0800a3a8       0x20 miosix/libmiosix.a(stage_2_boot.o)
                0x0800a3a8                _Z7bootlogPKcz
 .text._ZN6miosix10mainLoaderEPv
                0x0800a3c8       0xfc miosix/libmiosix.a(stage_2_boot.o)
                0x0800a3c8                _ZN6miosix10mainLoaderEPv
 .text._init    0x0800a4c4       0xa4 miosix/libmiosix.a(stage_2_boot.o)
                0x0800a4c4                _init
 .text._ZN6miosix17PriorityScheduler11PKaddThreadEPNS_6ThreadENS_25PrioritySchedulerPriorityE
                0x0800a568       0x28 miosix/libmiosix.a(priority_scheduler.o)
                0x0800a568                _ZN6miosix17PriorityScheduler11PKaddThreadEPNS_6ThreadENS_25PrioritySchedulerPriorityE
 .text._ZN6miosix17PriorityScheduler8PKexistsEPNS_6ThreadE
                0x0800a590       0x38 miosix/libmiosix.a(priority_scheduler.o)
                0x0800a590                _ZN6miosix17PriorityScheduler8PKexistsEPNS_6ThreadE
 .text._ZN6miosix17PriorityScheduler19PKremoveDeadThreadsEv
                0x0800a5c8       0xa0 miosix/libmiosix.a(priority_scheduler.o)
                0x0800a5c8                _ZN6miosix17PriorityScheduler19PKremoveDeadThreadsEv
 .text._ZN6miosix17PriorityScheduler16IRQsetIdleThreadEPNS_6ThreadE
                0x0800a668       0x14 miosix/libmiosix.a(priority_scheduler.o)
                0x0800a668                _ZN6miosix17PriorityScheduler16IRQsetIdleThreadEPNS_6ThreadE
 .text._ZN6miosix17PriorityScheduler17IRQfindNextThreadEv
                0x0800a67c       0x60 miosix/libmiosix.a(priority_scheduler.o)
                0x0800a67c                _ZN6miosix17PriorityScheduler17IRQfindNextThreadEv
 .text._ZN6miosix14TerminalDevice5writeEPKvj
                0x0800a6dc       0xac miosix/libmiosix.a(console_device.o)
                0x0800a6dc                _ZN6miosix14TerminalDevice5writeEPKvj
 .text._ZN6miosix14TerminalDevice5lseekExi
                0x0800a788        0xc miosix/libmiosix.a(console_device.o)
                0x0800a788                _ZN6miosix14TerminalDevice5lseekExi
 .text._ZNK6miosix14TerminalDevice6isattyEv
                0x0800a794        0xc miosix/libmiosix.a(console_device.o)
                0x0800a794                _ZNK6miosix14TerminalDevice6isattyEv
 .text._ZN6miosix33IntrusiveRefCountedSharedFromThisINS_6DeviceEED2Ev
                0x0800a7a0        0xc miosix/libmiosix.a(console_device.o)
                0x0800a7a0                _ZN6miosix33IntrusiveRefCountedSharedFromThisINS_6DeviceEED1Ev
                0x0800a7a0                _ZN6miosix33IntrusiveRefCountedSharedFromThisINS_6DeviceEED2Ev
 .text._ZN6miosix33IntrusiveRefCountedSharedFromThisINS_6DeviceEED0Ev
                0x0800a7ac       0x14 miosix/libmiosix.a(console_device.o)
                0x0800a7ac                _ZN6miosix33IntrusiveRefCountedSharedFromThisINS_6DeviceEED0Ev
 .text._ZNK6miosix14TerminalDevice5fstatEP4stat
                0x0800a7c0        0x8 miosix/libmiosix.a(console_device.o)
                0x0800a7c0                _ZNK6miosix14TerminalDevice5fstatEP4stat
 .text._ZN6miosix14TerminalDevice5ioctlEiPv
                0x0800a7c8       0x74 miosix/libmiosix.a(console_device.o)
                0x0800a7c8                _ZN6miosix14TerminalDevice5ioctlEiPv
 .text._ZN6miosix14DefaultConsoleD2Ev
                0x0800a83c       0x30 miosix/libmiosix.a(console_device.o)
                0x0800a83c                _ZN6miosix14DefaultConsoleD2Ev
                0x0800a83c                _ZN6miosix14DefaultConsoleD1Ev
 .text._ZN6miosix14TerminalDevice8echoBackEPKcS2_j
                0x0800a86c       0x60 miosix/libmiosix.a(console_device.o)
                0x0800a86c                _ZN6miosix14TerminalDevice8echoBackEPKcS2_j
 .text._ZN6miosix14TerminalDevice9normalizeEPcii
                0x0800a8cc       0xf4 miosix/libmiosix.a(console_device.o)
                0x0800a8cc                _ZN6miosix14TerminalDevice9normalizeEPcii
 .text._ZN6miosix14TerminalDevice4readEPvj
                0x0800a9c0       0xac miosix/libmiosix.a(console_device.o)
                0x0800a9c0                _ZN6miosix14TerminalDevice4readEPvj
 .text._ZN6miosix14DefaultConsoleC2Ev
                0x0800aa6c       0x34 miosix/libmiosix.a(console_device.o)
                0x0800aa6c                _ZN6miosix14DefaultConsoleC2Ev
                0x0800aa6c                _ZN6miosix14DefaultConsoleC1Ev
 .text._ZN6miosix14DefaultConsole8instanceEv
                0x0800aaa0       0x4c miosix/libmiosix.a(console_device.o)
                0x0800aaa0                _ZN6miosix14DefaultConsole8instanceEv
 .text._ZN6miosix12atomic_storeINS_6DeviceEEEvPNS_17intrusive_ref_ptrIT_EES4_
                0x0800aaec       0x44 miosix/libmiosix.a(console_device.o)
                0x0800aaec                _ZN6miosix12atomic_storeINS_6DeviceEEEvPNS_17intrusive_ref_ptrIT_EES4_
 .text._ZN6miosix14TerminalDeviceD2Ev
                0x0800ab30       0x58 miosix/libmiosix.a(console_device.o)
                0x0800ab30                _ZN6miosix14TerminalDeviceD1Ev
                0x0800ab30                _ZN6miosix14TerminalDeviceD2Ev
 .text._ZN6miosix14TerminalDeviceC2ENS_17intrusive_ref_ptrINS_6DeviceEEE
                0x0800ab88       0xac miosix/libmiosix.a(console_device.o)
                0x0800ab88                _ZN6miosix14TerminalDeviceC2ENS_17intrusive_ref_ptrINS_6DeviceEEE
                0x0800ab88                _ZN6miosix14TerminalDeviceC1ENS_17intrusive_ref_ptrINS_6DeviceEEE
 .text._ZN6miosix14DefaultConsole6IRQsetENS_17intrusive_ref_ptrINS_6DeviceEEE
                0x0800ac34       0x50 miosix/libmiosix.a(console_device.o)
                0x0800ac34                _ZN6miosix14DefaultConsole6IRQsetENS_17intrusive_ref_ptrINS_6DeviceEEE
 .text._ZN6miosix14TerminalDeviceD0Ev
                0x0800ac84       0x5c miosix/libmiosix.a(console_device.o)
                0x0800ac84                _ZN6miosix14TerminalDeviceD0Ev
 .text._ZN6miosix9DevFsFile5writeEPKvj
                0x0800ace0       0x5c miosix/libmiosix.a(devfs.o)
                0x0800ace0                _ZN6miosix9DevFsFile5writeEPKvj
 .text._ZN6miosix9DevFsFile4readEPvj
                0x0800ad3c       0x5c miosix/libmiosix.a(devfs.o)
                0x0800ad3c                _ZN6miosix9DevFsFile4readEPvj
 .text._ZN6miosix9DevFsFile5lseekExi
                0x0800ad98       0x50 miosix/libmiosix.a(devfs.o)
                0x0800ad98                _ZN6miosix9DevFsFile5lseekExi
 .text._ZNK6miosix9DevFsFile6isattyEv
                0x0800ade8        0xc miosix/libmiosix.a(devfs.o)
                0x0800ade8                _ZNK6miosix9DevFsFile6isattyEv
 .text._ZN6miosix9DevFsFile5ioctlEiPv
                0x0800adf4        0xc miosix/libmiosix.a(devfs.o)
                0x0800adf4                _ZN6miosix9DevFsFile5ioctlEiPv
 .text._ZNK6miosix6Device6isattyEv
                0x0800ae00        0x4 miosix/libmiosix.a(devfs.o)
                0x0800ae00                _ZNK6miosix6Device6isattyEv
 .text._ZN6miosix6Device10writeBlockEPKvjx
                0x0800ae04        0x4 miosix/libmiosix.a(devfs.o)
                0x0800ae04                _ZN6miosix6Device10writeBlockEPKvjx
 .text._ZN6miosix6Device8IRQwriteEPKc
                0x0800ae08        0x4 miosix/libmiosix.a(devfs.o)
                0x0800ae08                _ZN6miosix6Device8IRQwriteEPKc
 .text._ZN6miosix6Device5ioctlEiPv
                0x0800ae0c        0x8 miosix/libmiosix.a(devfs.o)
                0x0800ae0c                _ZN6miosix6Device5ioctlEiPv
 .text._ZN6miosix6DeviceD2Ev
                0x0800ae14        0xc miosix/libmiosix.a(devfs.o)
                0x0800ae14                _ZN6miosix6DeviceD1Ev
                0x0800ae14                _ZN6miosix6DeviceD2Ev
 .text._ZN6miosix5DevFs5mkdirERNS_10StringPartEi
                0x0800ae20        0x8 miosix/libmiosix.a(devfs.o)
                0x0800ae20                _ZN6miosix5DevFs5mkdirERNS_10StringPartEi
 .text._ZN6miosix5DevFs5rmdirERNS_10StringPartE
                0x0800ae28        0x8 miosix/libmiosix.a(devfs.o)
                0x0800ae28                _ZN6miosix5DevFs5rmdirERNS_10StringPartE
 .text._ZN6miosix6DeviceD0Ev
                0x0800ae30       0x14 miosix/libmiosix.a(devfs.o)
                0x0800ae30                _ZN6miosix6DeviceD0Ev
 .text._ZN6miosix6Device9readBlockEPvjx
                0x0800ae44       0x10 miosix/libmiosix.a(devfs.o)
                0x0800ae44                _ZN6miosix6Device9readBlockEPvjx
 .text._ZNSt8_Rb_treeIN6miosix10StringPartESt4pairIKS1_NS0_17intrusive_ref_ptrINS0_6DeviceEEEESt10_Select1stIS7_ESt4lessIS1_ESaIS7_EE14_M_lower_boundEPSt13_Rb_tree_nodeIS7_ESG_RS3_.isra.9
                0x0800ae54       0x34 miosix/libmiosix.a(devfs.o)
 .text._ZN6miosix14DevFsDirectoryD2Ev
                0x0800ae88       0x58 miosix/libmiosix.a(devfs.o)
                0x0800ae88                _ZN6miosix14DevFsDirectoryD2Ev
                0x0800ae88                _ZN6miosix14DevFsDirectoryD1Ev
 .text._ZN6miosix14DevFsDirectoryD0Ev
                0x0800aee0       0x5c miosix/libmiosix.a(devfs.o)
                0x0800aee0                _ZN6miosix14DevFsDirectoryD0Ev
 .text._ZN6miosix9DevFsFileD0Ev
                0x0800af3c       0x4c miosix/libmiosix.a(devfs.o)
                0x0800af3c                _ZN6miosix9DevFsFileD0Ev
 .text._ZN6miosix9DevFsFileD2Ev
                0x0800af88       0x48 miosix/libmiosix.a(devfs.o)
                0x0800af88                _ZN6miosix9DevFsFileD1Ev
                0x0800af88                _ZN6miosix9DevFsFileD2Ev
 .text._ZNK6miosix6Device5fstatEP4stat
                0x0800afd0       0x34 miosix/libmiosix.a(devfs.o)
                0x0800afd0                _ZNK6miosix6Device5fstatEP4stat
 .text._ZNK6miosix9DevFsFile5fstatEP4stat
                0x0800b004        0x8 miosix/libmiosix.a(devfs.o)
                0x0800b004                _ZNK6miosix9DevFsFile5fstatEP4stat
 .text._ZNSt4pairIN6miosix10StringPartENS0_17intrusive_ref_ptrINS0_6DeviceEEEED2Ev
                0x0800b00c       0x40 miosix/libmiosix.a(devfs.o)
                0x0800b00c                _ZNSt4pairIN6miosix10StringPartENS0_17intrusive_ref_ptrINS0_6DeviceEEEED1Ev
                0x0800b00c                _ZNSt4pairIN6miosix10StringPartENS0_17intrusive_ref_ptrINS0_6DeviceEEEED2Ev
 .text._ZN6miosix17intrusive_ref_ptrINS_8FileBaseEEaSERKS2_
                0x0800b04c       0x48 miosix/libmiosix.a(devfs.o)
                0x0800b04c                _ZN6miosix17intrusive_ref_ptrINS_8FileBaseEEaSERKS2_
 .text._ZN6miosix4LockINS_9FastMutexEED2Ev
                0x0800b094       0x10 miosix/libmiosix.a(devfs.o)
                0x0800b094                _ZN6miosix4LockINS_9FastMutexEED1Ev
                0x0800b094                _ZN6miosix4LockINS_9FastMutexEED2Ev
 .text._ZN6miosix17intrusive_ref_ptrINS_14FilesystemBaseEE5resetEv
                0x0800b0a4       0x2c miosix/libmiosix.a(devfs.o)
                0x0800b0a4                _ZN6miosix17intrusive_ref_ptrINS_14FilesystemBaseEE5resetEv
 .text._ZN6miosix17intrusive_ref_ptrINS_8FileBaseEE5resetEv
                0x0800b0d0       0x2c miosix/libmiosix.a(devfs.o)
                0x0800b0d0                _ZN6miosix17intrusive_ref_ptrINS_8FileBaseEE5resetEv
 .text._ZN6miosix6Device4openERNS_17intrusive_ref_ptrINS_8FileBaseEEENS1_INS_14FilesystemBaseEEEii
                0x0800b0fc      0x1a0 miosix/libmiosix.a(devfs.o)
                0x0800b0fc                _ZN6miosix6Device4openERNS_17intrusive_ref_ptrINS_8FileBaseEEENS1_INS_14FilesystemBaseEEEii
 .text._ZNSt8_Rb_treeIN6miosix10StringPartESt4pairIKS1_NS0_17intrusive_ref_ptrINS0_6DeviceEEEESt10_Select1stIS7_ESt4lessIS1_ESaIS7_EE4findERS3_
                0x0800b29c       0x3c miosix/libmiosix.a(devfs.o)
                0x0800b29c                _ZNSt8_Rb_treeIN6miosix10StringPartESt4pairIKS1_NS0_17intrusive_ref_ptrINS0_6DeviceEEEESt10_Select1stIS7_ESt4lessIS1_ESaIS7_EE4findERS3_
 .text._ZN6miosix14DevFsDirectory8getdentsEPvi
                0x0800b2d8      0x10c miosix/libmiosix.a(devfs.o)
                0x0800b2d8                _ZN6miosix14DevFsDirectory8getdentsEPvi
 .text._ZN6miosix5DevFs5lstatERNS_10StringPartEP4stat
                0x0800b3e4       0x74 miosix/libmiosix.a(devfs.o)
                0x0800b3e4                _ZN6miosix5DevFs5lstatERNS_10StringPartEP4stat
 .text._ZN6miosix5DevFs4openERNS_17intrusive_ref_ptrINS_8FileBaseEEERNS_10StringPartEii
                0x0800b458      0x2d0 miosix/libmiosix.a(devfs.o)
                0x0800b458                _ZN6miosix5DevFs4openERNS_17intrusive_ref_ptrINS_8FileBaseEEERNS_10StringPartEii
 .text._ZNSt8_Rb_treeIN6miosix10StringPartESt4pairIKS1_NS0_17intrusive_ref_ptrINS0_6DeviceEEEESt10_Select1stIS7_ESt4lessIS1_ESaIS7_EE8_M_eraseEPSt13_Rb_tree_nodeIS7_E
                0x0800b728       0x68 miosix/libmiosix.a(devfs.o)
                0x0800b728                _ZNSt8_Rb_treeIN6miosix10StringPartESt4pairIKS1_NS0_17intrusive_ref_ptrINS0_6DeviceEEEESt10_Select1stIS7_ESt4lessIS1_ESaIS7_EE8_M_eraseEPSt13_Rb_tree_nodeIS7_E
 .text._ZN6miosix5DevFsD2Ev
                0x0800b790       0x30 miosix/libmiosix.a(devfs.o)
                0x0800b790                _ZN6miosix5DevFsD1Ev
                0x0800b790                _ZN6miosix5DevFsD2Ev
 .text._ZN6miosix5DevFsD0Ev
                0x0800b7c0       0x38 miosix/libmiosix.a(devfs.o)
                0x0800b7c0                _ZN6miosix5DevFsD0Ev
 .text._ZNSt8_Rb_treeIN6miosix10StringPartESt4pairIKS1_NS0_17intrusive_ref_ptrINS0_6DeviceEEEESt10_Select1stIS7_ESt4lessIS1_ESaIS7_EE10_M_insert_IS2_IS1_S6_EEESt17_Rb_tree_iteratorIS7_EPKSt18_Rb_tree_node_baseSK_OT_
                0x0800b7f8       0x98 miosix/libmiosix.a(devfs.o)
                0x0800b7f8                _ZNSt8_Rb_treeIN6miosix10StringPartESt4pairIKS1_NS0_17intrusive_ref_ptrINS0_6DeviceEEEESt10_Select1stIS7_ESt4lessIS1_ESaIS7_EE10_M_insert_IS2_IS1_S6_EEESt17_Rb_tree_iteratorIS7_EPKSt18_Rb_tree_node_baseSK_OT_
 .text._ZNSt8_Rb_treeIN6miosix10StringPartESt4pairIKS1_NS0_17intrusive_ref_ptrINS0_6DeviceEEEESt10_Select1stIS7_ESt4lessIS1_ESaIS7_EE16_M_insert_uniqueIS2_IS1_S6_EEES2_ISt17_Rb_tree_iteratorIS7_EbEOT_
                0x0800b890       0x9c miosix/libmiosix.a(devfs.o)
                0x0800b890                _ZNSt8_Rb_treeIN6miosix10StringPartESt4pairIKS1_NS0_17intrusive_ref_ptrINS0_6DeviceEEEESt10_Select1stIS7_ESt4lessIS1_ESaIS7_EE16_M_insert_uniqueIS2_IS1_S6_EEES2_ISt17_Rb_tree_iteratorIS7_EbEOT_
 .text._ZN6miosix5DevFs9addDeviceEPKcNS_17intrusive_ref_ptrINS_6DeviceEEE
                0x0800b92c      0x108 miosix/libmiosix.a(devfs.o)
                0x0800b92c                _ZN6miosix5DevFs9addDeviceEPKcNS_17intrusive_ref_ptrINS_6DeviceEEE
 .text._ZN6miosix5DevFsC2Ev
                0x0800ba34      0x128 miosix/libmiosix.a(devfs.o)
                0x0800ba34                _ZN6miosix5DevFsC2Ev
                0x0800ba34                _ZN6miosix5DevFsC1Ev
 .text._ZNSt8_Rb_treeIN6miosix10StringPartESt4pairIKS1_NS0_17intrusive_ref_ptrINS0_6DeviceEEEESt10_Select1stIS7_ESt4lessIS1_ESaIS7_EE11equal_rangeERS3_
                0x0800bb5c       0xa8 miosix/libmiosix.a(devfs.o)
                0x0800bb5c                _ZNSt8_Rb_treeIN6miosix10StringPartESt4pairIKS1_NS0_17intrusive_ref_ptrINS0_6DeviceEEEESt10_Select1stIS7_ESt4lessIS1_ESaIS7_EE11equal_rangeERS3_
 .text._ZNSt8_Rb_treeIN6miosix10StringPartESt4pairIKS1_NS0_17intrusive_ref_ptrINS0_6DeviceEEEESt10_Select1stIS7_ESt4lessIS1_ESaIS7_EE12_M_erase_auxESt23_Rb_tree_const_iteratorIS7_E
                0x0800bc04       0x58 miosix/libmiosix.a(devfs.o)
                0x0800bc04                _ZNSt8_Rb_treeIN6miosix10StringPartESt4pairIKS1_NS0_17intrusive_ref_ptrINS0_6DeviceEEEESt10_Select1stIS7_ESt4lessIS1_ESaIS7_EE12_M_erase_auxESt23_Rb_tree_const_iteratorIS7_E
 .text._ZNSt8_Rb_treeIN6miosix10StringPartESt4pairIKS1_NS0_17intrusive_ref_ptrINS0_6DeviceEEEESt10_Select1stIS7_ESt4lessIS1_ESaIS7_EE5eraseERS3_
                0x0800bc5c       0x60 miosix/libmiosix.a(devfs.o)
                0x0800bc5c                _ZNSt8_Rb_treeIN6miosix10StringPartESt4pairIKS1_NS0_17intrusive_ref_ptrINS0_6DeviceEEEESt10_Select1stIS7_ESt4lessIS1_ESaIS7_EE5eraseERS3_
 .text._ZN6miosix5DevFs6unlinkERNS_10StringPartE
                0x0800bcbc       0x40 miosix/libmiosix.a(devfs.o)
                0x0800bcbc                _ZN6miosix5DevFs6unlinkERNS_10StringPartE
 .text._ZN6miosix5DevFs6renameERNS_10StringPartES2_
                0x0800bcfc       0xe8 miosix/libmiosix.a(devfs.o)
                0x0800bcfc                _ZN6miosix5DevFs6renameERNS_10StringPartES2_
 .text.__register_exitproc
                0x0800bde4        0x4 miosix/libmiosix.a(libc_integration.o)
                0x0800bde4                __register_exitproc
 .text._exit    0x0800bde8        0x8 miosix/libmiosix.a(libc_integration.o)
                0x0800bde8                _exit
 .text._sbrk_r  0x0800bdf0       0x34 miosix/libmiosix.a(libc_integration.o)
                0x0800bdf0                _sbrk_r
 .text.__malloc_lock
                0x0800be24        0x4 miosix/libmiosix.a(libc_integration.o)
                0x0800be24                __malloc_lock
 .text.__malloc_unlock
                0x0800be28        0x4 miosix/libmiosix.a(libc_integration.o)
                0x0800be28                __malloc_unlock
 .text.__getreent
                0x0800be2c        0xc miosix/libmiosix.a(libc_integration.o)
                0x0800be2c                __getreent
 .text._close_r
                0x0800be38       0x3c miosix/libmiosix.a(libc_integration.o)
                0x0800be38                _close_r
 .text._kill_r  0x0800be74       0x10 miosix/libmiosix.a(libc_integration.o)
                0x0800be74                _kill_r
 .text._getpid_r
                0x0800be84        0x4 miosix/libmiosix.a(libc_integration.o)
                0x0800be84                _getpid_r
 .text._ZN6miosix11atomic_loadINS_8FileBaseEEENS_17intrusive_ref_ptrIT_EEPKS4_
                0x0800be88       0x34 miosix/libmiosix.a(libc_integration.o)
                0x0800be88                _ZN6miosix11atomic_loadINS_8FileBaseEEENS_17intrusive_ref_ptrIT_EEPKS4_
 .text._ioctl_r
                0x0800bebc       0x98 miosix/libmiosix.a(libc_integration.o)
                0x0800bebc                _ioctl_r
 .text.ioctl    0x0800bf54       0x20 miosix/libmiosix.a(libc_integration.o)
                0x0800bf54                ioctl
 .text._isatty_r
                0x0800bf74       0x90 miosix/libmiosix.a(libc_integration.o)
                0x0800bf74                _isatty_r
 .text._fstat_r
                0x0800c004       0x9c miosix/libmiosix.a(libc_integration.o)
                0x0800c004                _fstat_r
 .text._lseek_r
                0x0800c0a0       0xac miosix/libmiosix.a(libc_integration.o)
                0x0800c0a0                _lseek_r
 .text._read_r  0x0800c14c       0xa8 miosix/libmiosix.a(libc_integration.o)
                0x0800c14c                _read_r
 .text._write_r
                0x0800c1f4       0xa8 miosix/libmiosix.a(libc_integration.o)
                0x0800c1f4                _write_r
 .text.write    0x0800c29c       0x20 miosix/libmiosix.a(libc_integration.o)
                0x0800c29c                write
 .text.__cxa_get_globals_fast
                0x0800c2bc        0xc miosix/libmiosix.a(libstdcpp_integration.o)
                0x0800c2bc                __cxa_get_globals_fast
 .text.__cxa_get_globals
                0x0800c2c8        0xc miosix/libmiosix.a(libstdcpp_integration.o)
                0x0800c2c8                __cxa_get_globals
 .text._ZN9__gnu_cxx27__verbose_terminate_handlerEv
                0x0800c2d4       0x14 miosix/libmiosix.a(libstdcpp_integration.o)
                0x0800c2d4                _ZN9__gnu_cxx27__verbose_terminate_handlerEv
 .text.__cxa_guard_acquire
                0x0800c2e8       0xc0 miosix/libmiosix.a(libstdcpp_integration.o)
                0x0800c2e8                __cxa_guard_acquire
 .text.__cxa_guard_release
                0x0800c3a8       0x14 miosix/libmiosix.a(libstdcpp_integration.o)
                0x0800c3a8                __cxa_guard_release
 .text.__cxa_guard_abort
                0x0800c3bc       0x14 miosix/libmiosix.a(libstdcpp_integration.o)
                0x0800c3bc                __cxa_guard_abort
 .text._ZN6miosix15MemoryProfiling11getHeapSizeEv
                0x0800c3d0       0x14 miosix/libmiosix.a(util.o)
                0x0800c3d0                _ZN6miosix15MemoryProfiling11getHeapSizeEv
 .text._ZN6miosix15MemoryProfiling18getCurrentFreeHeapEv
                0x0800c3e4       0x2c miosix/libmiosix.a(util.o)
                0x0800c3e4                _ZN6miosix15MemoryProfiling18getCurrentFreeHeapEv
 .text._ZN6miosix16getMiosixVersionEv
                0x0800c410        0xc miosix/libmiosix.a(version.o)
                0x0800c410                _ZN6miosix16getMiosixVersionEv
 .text._ZN6miosix8shutdownEv
                0x0800c41c       0x1c miosix/libmiosix.a(bsp.o)
                0x0800c41c                _ZN6miosix8shutdownEv
 .text._ZN6miosix6rebootEv
                0x0800c438       0x20 miosix/libmiosix.a(bsp.o)
                0x0800c438                _ZN6miosix6rebootEv
 .text._ZN6miosix10IRQbspInitEv
                0x0800c458       0xec miosix/libmiosix.a(bsp.o)
                0x0800c458                _ZN6miosix10IRQbspInitEv
 .text._ZN6miosix8bspInit2Ev
                0x0800c544       0xc0 miosix/libmiosix.a(bsp.o)
                0x0800c544                _ZN6miosix8bspInit2Ev
 .text._Z17HardFault_Handlerv
                0x0800c604       0x3c miosix/libmiosix.a(interrupts_cortexMx.o)
                0x0800c604                _Z17HardFault_Handlerv
 .text._Z17MemManage_Handlerv
                0x0800c640       0x3c miosix/libmiosix.a(interrupts_cortexMx.o)
                0x0800c640                _Z17MemManage_Handlerv
 .text._Z16BusFault_Handlerv
                0x0800c67c       0x3c miosix/libmiosix.a(interrupts_cortexMx.o)
                0x0800c67c                _Z16BusFault_Handlerv
 .text._Z18UsageFault_Handlerv
                0x0800c6b8       0x3c miosix/libmiosix.a(interrupts_cortexMx.o)
                0x0800c6b8                _Z18UsageFault_Handlerv
 .text._Z19unexpectedInterruptv
                0x0800c6f4       0x60 miosix/libmiosix.a(interrupts_cortexMx.o)
                0x0800c6f4                _Z19unexpectedInterruptv
 .text._ZL16printUnsignedIntj
                0x0800c754       0x88 miosix/libmiosix.a(interrupts_cortexMx.o)
 .text._Z16DebugMon_Handlerv
                0x0800c7dc       0x70 miosix/libmiosix.a(interrupts_cortexMx.o)
                0x0800c7dc                _Z16DebugMon_Handlerv
 .text._Z14PendSV_Handlerv
                0x0800c84c       0x70 miosix/libmiosix.a(interrupts_cortexMx.o)
                0x0800c84c                _Z14PendSV_Handlerv
 .text._Z11NMI_Handlerv
                0x0800c8bc       0x60 miosix/libmiosix.a(interrupts_cortexMx.o)
                0x0800c8bc                _Z11NMI_Handlerv
 .text._Z14HardFault_implv
                0x0800c91c      0x138 miosix/libmiosix.a(interrupts_cortexMx.o)
                0x0800c91c                _Z14HardFault_implv
 .text._Z13BusFault_implv
                0x0800ca54      0x34c miosix/libmiosix.a(interrupts_cortexMx.o)
                0x0800ca54                _Z13BusFault_implv
 .text._Z14MemManage_implv
                0x0800cda0      0x2d8 miosix/libmiosix.a(interrupts_cortexMx.o)
                0x0800cda0                _Z14MemManage_implv
 .text._Z15UsageFault_implv
                0x0800d078      0x2d0 miosix/libmiosix.a(interrupts_cortexMx.o)
                0x0800d078                _Z15UsageFault_implv
 .text._ZN6miosix11STM32Serial8IRQwriteEPKc
                0x0800d348       0x3c miosix/libmiosix.a(serial_stm32.o)
                0x0800d348                _ZN6miosix11STM32Serial8IRQwriteEPKc
 .text._ZN6miosix11STM32Serial5ioctlEiPv
                0x0800d384       0x40 miosix/libmiosix.a(serial_stm32.o)
                0x0800d384                _ZN6miosix11STM32Serial5ioctlEiPv
 .text._ZN6miosix11STM32Serial9readBlockEPvjx
                0x0800d3c4       0x8c miosix/libmiosix.a(serial_stm32.o)
                0x0800d3c4                _ZN6miosix11STM32Serial9readBlockEPvjx
 .text._Z17USART1_IRQHandlerv
                0x0800d450       0x3c miosix/libmiosix.a(serial_stm32.o)
                0x0800d450                _Z17USART1_IRQHandlerv
 .text._Z17USART2_IRQHandlerv
                0x0800d48c       0x3c miosix/libmiosix.a(serial_stm32.o)
                0x0800d48c                _Z17USART2_IRQHandlerv
 .text._Z17USART3_IRQHandlerv
                0x0800d4c8       0x3c miosix/libmiosix.a(serial_stm32.o)
                0x0800d4c8                _Z17USART3_IRQHandlerv
 .text._Z23DMA1_Stream6_IRQHandlerv
                0x0800d504       0x3c miosix/libmiosix.a(serial_stm32.o)
                0x0800d504                _Z23DMA1_Stream6_IRQHandlerv
 .text._Z23DMA1_Stream5_IRQHandlerv
                0x0800d540       0x3c miosix/libmiosix.a(serial_stm32.o)
                0x0800d540                _Z23DMA1_Stream5_IRQHandlerv
 .text._ZN6miosix11STM32SerialC2EiiNS0_8FlowCtrlE
                0x0800d57c      0x3f8 miosix/libmiosix.a(serial_stm32.o)
                0x0800d57c                _ZN6miosix11STM32SerialC2EiiNS0_8FlowCtrlE
                0x0800d57c                _ZN6miosix11STM32SerialC1EiiNS0_8FlowCtrlE
 .text._ZN6miosix11STM32Serial14IRQhandleDMAtxEv
                0x0800d974       0x38 miosix/libmiosix.a(serial_stm32.o)
                0x0800d974                _ZN6miosix11STM32Serial14IRQhandleDMAtxEv
 .text._Z15usart2txDmaImplv
                0x0800d9ac       0x20 miosix/libmiosix.a(serial_stm32.o)
                0x0800d9ac                _Z15usart2txDmaImplv
 .text._ZN6miosix11STM32Serial19waitDmaTxCompletionEv
                0x0800d9cc       0x38 miosix/libmiosix.a(serial_stm32.o)
                0x0800d9cc                _ZN6miosix11STM32Serial19waitDmaTxCompletionEv
 .text._ZN6miosix11STM32Serial10writeBlockEPKvjx
                0x0800da04      0x10c miosix/libmiosix.a(serial_stm32.o)
                0x0800da04                _ZN6miosix11STM32Serial10writeBlockEPKvjx
 .text._ZN6miosix11STM32Serial10IRQreadDmaEv
                0x0800db10       0x84 miosix/libmiosix.a(serial_stm32.o)
                0x0800db10                _ZN6miosix11STM32Serial10IRQreadDmaEv
 .text._ZN6miosix11STM32Serial14IRQhandleDMArxEv
                0x0800db94       0x3c miosix/libmiosix.a(serial_stm32.o)
                0x0800db94                _ZN6miosix11STM32Serial14IRQhandleDMArxEv
 .text._Z15usart2rxDmaImplv
                0x0800dbd0       0x10 miosix/libmiosix.a(serial_stm32.o)
                0x0800dbd0                _Z15usart2rxDmaImplv
 .text._ZN6miosix11STM32Serial18IRQhandleInterruptEv
                0x0800dbe0       0x8c miosix/libmiosix.a(serial_stm32.o)
                0x0800dbe0                _ZN6miosix11STM32Serial18IRQhandleInterruptEv
 .text._Z13usart3irqImplv
                0x0800dc6c       0x10 miosix/libmiosix.a(serial_stm32.o)
                0x0800dc6c                _Z13usart3irqImplv
 .text._Z13usart2irqImplv
                0x0800dc7c       0x10 miosix/libmiosix.a(serial_stm32.o)
                0x0800dc7c                _Z13usart2irqImplv
 .text._Z13usart1irqImplv
                0x0800dc8c       0x10 miosix/libmiosix.a(serial_stm32.o)
                0x0800dc8c                _Z13usart1irqImplv
 .text._ZN6miosix11STM32Serial14IRQdmaReadStopEv
                0x0800dc9c       0x30 miosix/libmiosix.a(serial_stm32.o)
                0x0800dc9c                _ZN6miosix11STM32Serial14IRQdmaReadStopEv
 .text._ZN6miosix11STM32SerialD2Ev
                0x0800dccc      0x110 miosix/libmiosix.a(serial_stm32.o)
                0x0800dccc                _ZN6miosix11STM32SerialD1Ev
                0x0800dccc                _ZN6miosix11STM32SerialD2Ev
 .text._ZN6miosix11STM32SerialD0Ev
                0x0800dddc       0x14 miosix/libmiosix.a(serial_stm32.o)
                0x0800dddc                _ZN6miosix11STM32SerialD0Ev
 .text._Z15SysTick_Handlerv
                0x0800ddf0       0x3c miosix/libmiosix.a(portability.o)
                0x0800ddf0                _Z15SysTick_Handlerv
 .text._Z11SVC_Handlerv
                0x0800de2c       0x3c miosix/libmiosix.a(portability.o)
                0x0800de2c                _Z11SVC_Handlerv
 .text._ZN14miosix_private21IRQstackOverflowCheckEv
                0x0800de68       0x3c miosix/libmiosix.a(portability.o)
                0x0800de68                _ZN14miosix_private21IRQstackOverflowCheckEv
 .text._ZN14miosix_private9ISR_yieldEv
                0x0800dea4       0x10 miosix/libmiosix.a(portability.o)
                0x0800dea4                _ZN14miosix_private9ISR_yieldEv
 .text._ZN14miosix_private11ISR_preemptEv
                0x0800deb4       0x24 miosix/libmiosix.a(portability.o)
                0x0800deb4                _ZN14miosix_private11ISR_preemptEv
 .text._ZN14miosix_private15IRQsystemRebootEv
                0x0800ded8       0x24 miosix/libmiosix.a(portability.o)
                0x0800ded8                _ZN14miosix_private15IRQsystemRebootEv
 .text._ZN14miosix_private11initCtxsaveEPjPFPvS1_ES0_S1_
                0x0800defc       0x44 miosix/libmiosix.a(portability.o)
                0x0800defc                _ZN14miosix_private11initCtxsaveEPjPFPvS1_ES0_S1_
 .text._ZN14miosix_private22IRQportableStartKernelEv
                0x0800df40       0x7c miosix/libmiosix.a(portability.o)
                0x0800df40                _ZN14miosix_private22IRQportableStartKernelEv
 .text._ZN6miosix7delayMsEj
                0x0800dfbc       0x20 miosix/libmiosix.a(delays.o)
                0x0800dfbc                _ZN6miosix7delayMsEj
 .text._ZN6miosix7delayUsEj
                0x0800dfdc       0x18 miosix/libmiosix.a(delays.o)
                0x0800dfdc                _ZN6miosix7delayUsEj
 .text._ZN6miosix8GpioBase8modeImplEjhNS_4Mode5Mode_E
                0x0800dff4       0x54 miosix/libmiosix.a(gpio_impl.o)
                0x0800dff4                _ZN6miosix8GpioBase8modeImplEjhNS_4Mode5Mode_E
 .text._ZN6miosix8GpioBase6afImplEjhh
                0x0800e048       0x48 miosix/libmiosix.a(gpio_impl.o)
                0x0800e048                _ZN6miosix8GpioBase6afImplEjhh
 .text._ZN6miosix17intrusive_ref_ptrINS_10SDIODriverEED2Ev
                0x0800e090       0x30 miosix/libmiosix.a(sd_stm32f2_f4.o)
                0x0800e090                _ZN6miosix17intrusive_ref_ptrINS_10SDIODriverEED2Ev
                0x0800e090                _ZN6miosix17intrusive_ref_ptrINS_10SDIODriverEED1Ev
 .text._ZN6miosix9FastMutexD2Ev
                0x0800e0c0        0xc miosix/libmiosix.a(sd_stm32f2_f4.o)
                0x0800e0c0                _ZN6miosix9FastMutexD2Ev
                0x0800e0c0                _ZN6miosix9FastMutexD1Ev
 .text._ZN6miosixL22dmaTransferCommonSetupEPKh
                0x0800e0cc       0x4c miosix/libmiosix.a(sd_stm32f2_f4.o)
 .text._ZN6miosix10SDIODriverD2Ev
                0x0800e118       0x28 miosix/libmiosix.a(sd_stm32f2_f4.o)
                0x0800e118                _ZN6miosix10SDIODriverD1Ev
                0x0800e118                _ZN6miosix10SDIODriverD2Ev
 .text._ZN6miosix10SDIODriverD0Ev
                0x0800e140       0x2c miosix/libmiosix.a(sd_stm32f2_f4.o)
                0x0800e140                _ZN6miosix10SDIODriverD0Ev
 .text._Z23DMA2_Stream3_IRQHandlerv
                0x0800e16c       0x3c miosix/libmiosix.a(sd_stm32f2_f4.o)
                0x0800e16c                _Z23DMA2_Stream3_IRQHandlerv
 .text._Z15SDIO_IRQHandlerv
                0x0800e1a8       0x3c miosix/libmiosix.a(sd_stm32f2_f4.o)
                0x0800e1a8                _Z15SDIO_IRQHandlerv
 .text._ZN6miosix18DMA2stream3irqImplEv
                0x0800e1e4       0x5c miosix/libmiosix.a(sd_stm32f2_f4.o)
                0x0800e1e4                _ZN6miosix18DMA2stream3irqImplEv
 .text._ZN6miosix11SDIOirqImplEv
                0x0800e240       0x5c miosix/libmiosix.a(sd_stm32f2_f4.o)
                0x0800e240                _ZN6miosix11SDIOirqImplEv
 .text._ZN6miosix15BufferConverter13toWordAlignedEPKh
                0x0800e29c       0x40 miosix/libmiosix.a(sd_stm32f2_f4.o)
                0x0800e29c                _ZN6miosix15BufferConverter13toWordAlignedEPKh
 .text._ZN6miosix15BufferConverter24toWordAlignedWithoutCopyEPh
                0x0800e2dc       0x30 miosix/libmiosix.a(sd_stm32f2_f4.o)
                0x0800e2dc                _ZN6miosix15BufferConverter24toWordAlignedWithoutCopyEPh
 .text._ZN6miosix15BufferConverter16toOriginalBufferEv
                0x0800e30c       0x1c miosix/libmiosix.a(sd_stm32f2_f4.o)
                0x0800e30c                _ZN6miosix15BufferConverter16toOriginalBufferEv
 .text._ZN6miosix9CmdResult18validateR1ResponseEv
                0x0800e328       0x20 miosix/libmiosix.a(sd_stm32f2_f4.o)
                0x0800e328                _ZN6miosix9CmdResult18validateR1ResponseEv
 .text._ZN6miosix7Command4sendENS0_11CommandTypeEj
                0x0800e348      0x140 miosix/libmiosix.a(sd_stm32f2_f4.o)
                0x0800e348                _ZN6miosix7Command4sendENS0_11CommandTypeEj
 .text._ZN6miosixL16waitForCardReadyEv
                0x0800e488       0x48 miosix/libmiosix.a(sd_stm32f2_f4.o)
 .text._ZN6miosix15ClockController19calibrateClockSpeedEPNS_10SDIODriverE
                0x0800e4d0       0xf8 miosix/libmiosix.a(sd_stm32f2_f4.o)
                0x0800e4d0                _ZN6miosix15ClockController19calibrateClockSpeedEPNS_10SDIODriverE
 .text._ZN6miosix15ClockController16reduceClockSpeedEv
                0x0800e5c8       0x54 miosix/libmiosix.a(sd_stm32f2_f4.o)
                0x0800e5c8                _ZN6miosix15ClockController16reduceClockSpeedEv
 .text._ZN6miosixL18multipleBlockWriteEPKhjj
                0x0800e61c      0x164 miosix/libmiosix.a(sd_stm32f2_f4.o)
 .text._ZN6miosixL17multipleBlockReadEPhjj
                0x0800e780      0x14c miosix/libmiosix.a(sd_stm32f2_f4.o)
 .text._ZN6miosix12CardSelectorD2Ev
                0x0800e8cc       0x18 miosix/libmiosix.a(sd_stm32f2_f4.o)
                0x0800e8cc                _ZN6miosix12CardSelectorD1Ev
                0x0800e8cc                _ZN6miosix12CardSelectorD2Ev
 .text._ZN6miosix10SDIODriverC2Ev
                0x0800e8e4      0x2a0 miosix/libmiosix.a(sd_stm32f2_f4.o)
                0x0800e8e4                _ZN6miosix10SDIODriverC1Ev
                0x0800e8e4                _ZN6miosix10SDIODriverC2Ev
 .text._ZN6miosix10SDIODriver5ioctlEiPv
                0x0800eb84       0x40 miosix/libmiosix.a(sd_stm32f2_f4.o)
                0x0800eb84                _ZN6miosix10SDIODriver5ioctlEiPv
 .text._ZN6miosix10SDIODriver10writeBlockEPKvjx
                0x0800ebc4      0x120 miosix/libmiosix.a(sd_stm32f2_f4.o)
                0x0800ebc4                _ZN6miosix10SDIODriver10writeBlockEPKvjx
 .text._ZN6miosix10SDIODriver9readBlockEPvjx
                0x0800ece4      0x124 miosix/libmiosix.a(sd_stm32f2_f4.o)
                0x0800ece4                _ZN6miosix10SDIODriver9readBlockEPvjx
 .text._ZN6miosix10SDIODriver8instanceEv
                0x0800ee08      0x130 miosix/libmiosix.a(sd_stm32f2_f4.o)
                0x0800ee08                _ZN6miosix10SDIODriver8instanceEv
 .text.SystemInit
                0x0800ef38      0x128 miosix/libmiosix.a(system_stm32f4xx.o)
                0x0800ef38                SystemInit
 .text.unlikely._ZN9__gnu_cxxL18__exchange_and_addEPVii.constprop.42
                0x0800f060       0x1c miosix/libmiosix.a(file_access.o)
 .text._ZN6miosix12ResolvedPathD2Ev
                0x0800f07c       0x30 miosix/libmiosix.a(file_access.o)
                0x0800f07c                _ZN6miosix12ResolvedPathD2Ev
                0x0800f07c                _ZN6miosix12ResolvedPathD1Ev
 .text._ZN6miosix17FilesystemManager8instanceEv
                0x0800f0ac       0x78 miosix/libmiosix.a(file_access.o)
                0x0800f0ac                _ZN6miosix17FilesystemManager8instanceEv
 .text._ZNSt4pairIN6miosix10StringPartENS0_17intrusive_ref_ptrINS0_14FilesystemBaseEEEED2Ev
                0x0800f124       0x40 miosix/libmiosix.a(file_access.o)
                0x0800f124                _ZNSt4pairIN6miosix10StringPartENS0_17intrusive_ref_ptrINS0_14FilesystemBaseEEEED1Ev
                0x0800f124                _ZNSt4pairIN6miosix10StringPartENS0_17intrusive_ref_ptrINS0_14FilesystemBaseEEEED2Ev
 .text._ZN6miosix17FilesystemManager15getFilesystemIdEv
                0x0800f164       0x18 miosix/libmiosix.a(file_access.o)
                0x0800f164                _ZN6miosix17FilesystemManager15getFilesystemIdEv
 .text._ZN6miosix12atomic_storeINS_5DevFsEEEvPNS_17intrusive_ref_ptrIT_EES4_
                0x0800f17c       0x44 miosix/libmiosix.a(file_access.o)
                0x0800f17c                _ZN6miosix12atomic_storeINS_5DevFsEEEvPNS_17intrusive_ref_ptrIT_EES4_
 .text._ZN6miosix15atomic_exchangeINS_8FileBaseEEENS_17intrusive_ref_ptrIT_EEPS4_S4_
                0x0800f1c0       0x30 miosix/libmiosix.a(file_access.o)
                0x0800f1c0                _ZN6miosix15atomic_exchangeINS_8FileBaseEEENS_17intrusive_ref_ptrIT_EEPS4_S4_
 .text._ZN6miosix17intrusive_ref_ptrINS_14FilesystemBaseEEaSERKS2_
                0x0800f1f0       0x48 miosix/libmiosix.a(file_access.o)
                0x0800f1f0                _ZN6miosix17intrusive_ref_ptrINS_14FilesystemBaseEEaSERKS2_
 .text._ZN6miosix14PathResolution13followSymlinkERSs
                0x0800f238      0x210 miosix/libmiosix.a(file_access.o)
                0x0800f238                _ZN6miosix14PathResolution13followSymlinkERSs
 .text._ZN6miosix14PathResolutionD2Ev
                0x0800f448       0x60 miosix/libmiosix.a(file_access.o)
                0x0800f448                _ZN6miosix14PathResolutionD2Ev
                0x0800f448                _ZN6miosix14PathResolutionD1Ev
 .text._ZN6miosix19FileDescriptorTable8closeAllEv
                0x0800f4a8       0x74 miosix/libmiosix.a(file_access.o)
                0x0800f4a8                _ZN6miosix19FileDescriptorTable8closeAllEv
 .text._ZN6miosix19FileDescriptorTable5closeEi
                0x0800f51c       0xb0 miosix/libmiosix.a(file_access.o)
                0x0800f51c                _ZN6miosix19FileDescriptorTable5closeEi
 .text._ZN6miosix19FileDescriptorTableD2Ev
                0x0800f5cc       0xa4 miosix/libmiosix.a(file_access.o)
                0x0800f5cc                _ZN6miosix19FileDescriptorTableD1Ev
                0x0800f5cc                _ZN6miosix19FileDescriptorTableD2Ev
 .text._ZN6miosix17intrusive_ref_ptrINS_5DevFsEE5resetEv
                0x0800f670       0x2c miosix/libmiosix.a(file_access.o)
                0x0800f670                _ZN6miosix17intrusive_ref_ptrINS_5DevFsEE5resetEv
 .text._ZNSt8_Rb_treeIN6miosix10StringPartESt4pairIKS1_NS0_17intrusive_ref_ptrINS0_14FilesystemBaseEEEESt10_Select1stIS7_ESt4lessIS1_ESaIS7_EE8_M_eraseEPSt13_Rb_tree_nodeIS7_E
                0x0800f69c       0x68 miosix/libmiosix.a(file_access.o)
                0x0800f69c                _ZNSt8_Rb_treeIN6miosix10StringPartESt4pairIKS1_NS0_17intrusive_ref_ptrINS0_14FilesystemBaseEEEESt10_Select1stIS7_ESt4lessIS1_ESaIS7_EE8_M_eraseEPSt13_Rb_tree_nodeIS7_E
 .text._ZN6miosix17FilesystemManagerD2Ev
                0x0800f704       0x54 miosix/libmiosix.a(file_access.o)
                0x0800f704                _ZN6miosix17FilesystemManagerD1Ev
                0x0800f704                _ZN6miosix17FilesystemManagerD2Ev
 .text._ZN6miosix19FileDescriptorTableC2Ev
                0x0800f758      0x144 miosix/libmiosix.a(file_access.o)
                0x0800f758                _ZN6miosix19FileDescriptorTableC2Ev
                0x0800f758                _ZN6miosix19FileDescriptorTableC1Ev
 .text._ZN6miosix22getFileDescriptorTableEv
                0x0800f89c       0x58 miosix/libmiosix.a(file_access.o)
                0x0800f89c                _ZN6miosix22getFileDescriptorTableEv
 .text._ZN6miosix17FilesystemManager9umountAllEv
                0x0800f8f4       0x40 miosix/libmiosix.a(file_access.o)
                0x0800f8f4                _ZN6miosix17FilesystemManager9umountAllEv
 .text._ZNKSt8_Rb_treeIN6miosix10StringPartESt4pairIKS1_NS0_17intrusive_ref_ptrINS0_14FilesystemBaseEEEESt10_Select1stIS7_ESt4lessIS1_ESaIS7_EE4findERS3_
                0x0800f934       0x64 miosix/libmiosix.a(file_access.o)
                0x0800f934                _ZNKSt8_Rb_treeIN6miosix10StringPartESt4pairIKS1_NS0_17intrusive_ref_ptrINS0_14FilesystemBaseEEEESt10_Select1stIS7_ESt4lessIS1_ESaIS7_EE4findERS3_
 .text._ZN6miosix14PathResolution15recursiveFindFsERSs
                0x0800f998       0x94 miosix/libmiosix.a(file_access.o)
                0x0800f998                _ZN6miosix14PathResolution15recursiveFindFsERSs
 .text._ZN6miosix14PathResolution15upPathComponentERSsj
                0x0800fa2c       0x98 miosix/libmiosix.a(file_access.o)
                0x0800fa2c                _ZN6miosix14PathResolution15upPathComponentERSsj
 .text._ZN6miosix14PathResolution19normalPathComponentERSsb
                0x0800fac4       0xe4 miosix/libmiosix.a(file_access.o)
                0x0800fac4                _ZN6miosix14PathResolution19normalPathComponentERSsb
 .text._ZN6miosix14PathResolution11resolvePathERSsb
                0x0800fba8      0x220 miosix/libmiosix.a(file_access.o)
                0x0800fba8                _ZN6miosix14PathResolution11resolvePathERSsb
 .text._ZN6miosix17FilesystemManager11resolvePathERSsb
                0x0800fdc8       0xec miosix/libmiosix.a(file_access.o)
                0x0800fdc8                _ZN6miosix17FilesystemManager11resolvePathERSsb
 .text._ZN6miosix17FilesystemManager10statHelperERSsP4statb
                0x0800feb4       0x78 miosix/libmiosix.a(file_access.o)
                0x0800feb4                _ZN6miosix17FilesystemManager10statHelperERSsP4statb
 .text._ZNSt8_Rb_treeIN6miosix10StringPartESt4pairIKS1_NS0_17intrusive_ref_ptrINS0_14FilesystemBaseEEEESt10_Select1stIS7_ESt4lessIS1_ESaIS7_EE10_M_insert_IS2_IS1_S6_EEESt17_Rb_tree_iteratorIS7_EPKSt18_Rb_tree_node_baseSK_OT_
                0x0800ff2c       0x98 miosix/libmiosix.a(file_access.o)
                0x0800ff2c                _ZNSt8_Rb_treeIN6miosix10StringPartESt4pairIKS1_NS0_17intrusive_ref_ptrINS0_14FilesystemBaseEEEESt10_Select1stIS7_ESt4lessIS1_ESaIS7_EE10_M_insert_IS2_IS1_S6_EEESt17_Rb_tree_iteratorIS7_EPKSt18_Rb_tree_node_baseSK_OT_
 .text._ZNSt8_Rb_treeIN6miosix10StringPartESt4pairIKS1_NS0_17intrusive_ref_ptrINS0_14FilesystemBaseEEEESt10_Select1stIS7_ESt4lessIS1_ESaIS7_EE16_M_insert_uniqueIS2_IS1_S6_EEES2_ISt17_Rb_tree_iteratorIS7_EbEOT_
                0x0800ffc4       0x9c miosix/libmiosix.a(file_access.o)
                0x0800ffc4                _ZNSt8_Rb_treeIN6miosix10StringPartESt4pairIKS1_NS0_17intrusive_ref_ptrINS0_14FilesystemBaseEEEESt10_Select1stIS7_ESt4lessIS1_ESaIS7_EE16_M_insert_uniqueIS2_IS1_S6_EEES2_ISt17_Rb_tree_iteratorIS7_EbEOT_
 .text._ZN6miosix17FilesystemManager6kmountEPKcNS_17intrusive_ref_ptrINS_14FilesystemBaseEEE
                0x08010060      0x1c8 miosix/libmiosix.a(file_access.o)
                0x08010060                _ZN6miosix17FilesystemManager6kmountEPKcNS_17intrusive_ref_ptrINS_14FilesystemBaseEEE
 .text._ZN6miosix20basicFilesystemSetupENS_17intrusive_ref_ptrINS_6DeviceEEE
                0x08010228      0x4ac miosix/libmiosix.a(file_access.o)
                0x08010228                _ZN6miosix20basicFilesystemSetupENS_17intrusive_ref_ptrINS_6DeviceEEE
 .text._ZNK6miosix8FileBase6isattyEv
                0x080106d4        0x4 miosix/libmiosix.a(file.o)
                0x080106d4                _ZNK6miosix8FileBase6isattyEv
 .text._ZN6miosix8FileBase5fcntlEii
                0x080106d8       0x10 miosix/libmiosix.a(file.o)
                0x080106d8                _ZN6miosix8FileBase5fcntlEii
 .text._ZN6miosix8FileBase5ioctlEiPv
                0x080106e8        0x8 miosix/libmiosix.a(file.o)
                0x080106e8                _ZN6miosix8FileBase5ioctlEiPv
 .text._ZN6miosix8FileBase8getdentsEPvi
                0x080106f0        0x8 miosix/libmiosix.a(file.o)
                0x080106f0                _ZN6miosix8FileBase8getdentsEPvi
 .text._ZN6miosix13DirectoryBase5writeEPKvj
                0x080106f8        0x8 miosix/libmiosix.a(file.o)
                0x080106f8                _ZN6miosix13DirectoryBase5writeEPKvj
 .text._ZN6miosix13DirectoryBase4readEPvj
                0x08010700        0x8 miosix/libmiosix.a(file.o)
                0x08010700                _ZN6miosix13DirectoryBase4readEPvj
 .text._ZN6miosix13DirectoryBase5lseekExi
                0x08010708        0xc miosix/libmiosix.a(file.o)
                0x08010708                _ZN6miosix13DirectoryBase5lseekExi
 .text._ZNK6miosix13DirectoryBase5fstatEP4stat
                0x08010714        0x8 miosix/libmiosix.a(file.o)
                0x08010714                _ZNK6miosix13DirectoryBase5fstatEP4stat
 .text._ZN6miosix14FilesystemBase8readlinkERNS_10StringPartERSs
                0x0801071c        0x8 miosix/libmiosix.a(file.o)
                0x0801071c                _ZN6miosix14FilesystemBase8readlinkERNS_10StringPartERSs
 .text._ZNK6miosix14FilesystemBase16supportsSymlinksEv
                0x08010724        0x4 miosix/libmiosix.a(file.o)
                0x08010724                _ZNK6miosix14FilesystemBase16supportsSymlinksEv
 .text._ZN6miosix14FilesystemBaseD2Ev
                0x08010728        0xc miosix/libmiosix.a(file.o)
                0x08010728                _ZN6miosix14FilesystemBaseD1Ev
                0x08010728                _ZN6miosix14FilesystemBaseD2Ev
 .text._ZN6miosix33IntrusiveRefCountedSharedFromThisINS_14FilesystemBaseEED2Ev
                0x08010734        0xc miosix/libmiosix.a(file.o)
                0x08010734                _ZN6miosix33IntrusiveRefCountedSharedFromThisINS_14FilesystemBaseEED2Ev
                0x08010734                _ZN6miosix33IntrusiveRefCountedSharedFromThisINS_14FilesystemBaseEED1Ev
 .text._ZN6miosix33IntrusiveRefCountedSharedFromThisINS_14FilesystemBaseEED0Ev
                0x08010740       0x14 miosix/libmiosix.a(file.o)
                0x08010740                _ZN6miosix33IntrusiveRefCountedSharedFromThisINS_14FilesystemBaseEED0Ev
 .text._ZN6miosix14FilesystemBaseD0Ev
                0x08010754       0x14 miosix/libmiosix.a(file.o)
                0x08010754                _ZN6miosix14FilesystemBaseD0Ev
 .text._ZN6miosix8FileBaseC2ENS_17intrusive_ref_ptrINS_14FilesystemBaseEEE
                0x08010768       0x3c miosix/libmiosix.a(file.o)
                0x08010768                _ZN6miosix8FileBaseC2ENS_17intrusive_ref_ptrINS_14FilesystemBaseEEE
                0x08010768                _ZN6miosix8FileBaseC1ENS_17intrusive_ref_ptrINS_14FilesystemBaseEEE
 .text._ZN6miosix13DirectoryBase8addEntryEPPcS1_icRKNS_10StringPartE
                0x080107a4       0x4c miosix/libmiosix.a(file.o)
                0x080107a4                _ZN6miosix13DirectoryBase8addEntryEPPcS1_icRKNS_10StringPartE
 .text._ZN6miosix13DirectoryBase17addDefaultEntriesEPPcii
                0x080107f0       0x64 miosix/libmiosix.a(file.o)
                0x080107f0                _ZN6miosix13DirectoryBase17addDefaultEntriesEPPcii
 .text._ZN6miosix13DirectoryBase19addTerminatingEntryEPPcS1_
                0x08010854       0x24 miosix/libmiosix.a(file.o)
                0x08010854                _ZN6miosix13DirectoryBase19addTerminatingEntryEPPcS1_
 .text._ZN6miosix14FilesystemBaseC2Ev
                0x08010878       0x30 miosix/libmiosix.a(file.o)
                0x08010878                _ZN6miosix14FilesystemBaseC1Ev
                0x08010878                _ZN6miosix14FilesystemBaseC2Ev
 .text._ZN6miosix14FilesystemBase13fileCloseHookEv
                0x080108a8       0x30 miosix/libmiosix.a(file.o)
                0x080108a8                _ZN6miosix14FilesystemBase13fileCloseHookEv
 .text._ZN6miosix8FileBaseD2Ev
                0x080108d8       0x68 miosix/libmiosix.a(file.o)
                0x080108d8                _ZN6miosix8FileBaseD1Ev
                0x080108d8                _ZN6miosix8FileBaseD2Ev
 .text._ZN6miosix8FileBaseD0Ev
                0x08010940       0x14 miosix/libmiosix.a(file.o)
                0x08010940                _ZN6miosix8FileBaseD0Ev
 .text._ZN6miosix13DirectoryBaseD2Ev
                0x08010954       0x14 miosix/libmiosix.a(file.o)
                0x08010954                _ZN6miosix13DirectoryBaseD2Ev
                0x08010954                _ZN6miosix13DirectoryBaseD1Ev
 .text._ZN6miosix13DirectoryBaseD0Ev
                0x08010968       0x1c miosix/libmiosix.a(file.o)
                0x08010968                _ZN6miosix13DirectoryBaseD0Ev
 .text._ZN6miosix10StringPartC2ERSsjj
                0x08010984       0x78 miosix/libmiosix.a(stringpart.o)
                0x08010984                _ZN6miosix10StringPartC1ERSsjj
                0x08010984                _ZN6miosix10StringPartC2ERSsjj
 .text._ZN6miosix10StringPartC2EPcjj
                0x080109fc       0x64 miosix/libmiosix.a(stringpart.o)
                0x080109fc                _ZN6miosix10StringPartC1EPcjj
                0x080109fc                _ZN6miosix10StringPartC2EPcjj
 .text._ZN6miosix10StringPartC2EPKc
                0x08010a60       0x38 miosix/libmiosix.a(stringpart.o)
                0x08010a60                _ZN6miosix10StringPartC2EPKc
                0x08010a60                _ZN6miosix10StringPartC1EPKc
 .text._ZNK6miosix10StringPart5c_strEv
                0x08010a98       0x20 miosix/libmiosix.a(stringpart.o)
                0x08010a98                _ZNK6miosix10StringPart5c_strEv
 .text._ZNK6miosix10StringPart10findLastOfEc
                0x08010ab8       0x24 miosix/libmiosix.a(stringpart.o)
                0x08010ab8                _ZNK6miosix10StringPart10findLastOfEc
 .text._ZNK6miosix10StringPartixEj
                0x08010adc       0x38 miosix/libmiosix.a(stringpart.o)
                0x08010adc                _ZNK6miosix10StringPartixEj
 .text._ZN6miosix10StringPart5clearEv
                0x08010b14       0xa4 miosix/libmiosix.a(stringpart.o)
                0x08010b14                _ZN6miosix10StringPart5clearEv
 .text._ZN6miosix10StringPart6assignERKS0_
                0x08010bb8       0x38 miosix/libmiosix.a(stringpart.o)
                0x08010bb8                _ZN6miosix10StringPart6assignERKS0_
 .text._ZN6miosix10StringPartC2ERKS0_
                0x08010bf0       0x28 miosix/libmiosix.a(stringpart.o)
                0x08010bf0                _ZN6miosix10StringPartC2ERKS0_
                0x08010bf0                _ZN6miosix10StringPartC1ERKS0_
 .text._ZN6miosix10StringPartC2ERS0_jj
                0x08010c18       0xe4 miosix/libmiosix.a(stringpart.o)
                0x08010c18                _ZN6miosix10StringPartC2ERS0_jj
                0x08010c18                _ZN6miosix10StringPartC1ERS0_jj
 .text._ZN6miosix12MountpointFs6unlinkERNS_10StringPartE
                0x08010cfc        0x8 miosix/libmiosix.a(mountpointfs.o)
                0x08010cfc                _ZN6miosix12MountpointFs6unlinkERNS_10StringPartE
 .text._ZNSt8_Rb_treeIN6miosix10StringPartESt4pairIKS1_iESt10_Select1stIS4_ESt4lessIS1_ESaIS4_EE14_M_lower_boundEPSt13_Rb_tree_nodeIS4_ESD_RS3_.isra.11
                0x08010d04       0x34 miosix/libmiosix.a(mountpointfs.o)
 .text._ZN6miosix21MountpointFsDirectoryD2Ev
                0x08010d38       0x58 miosix/libmiosix.a(mountpointfs.o)
                0x08010d38                _ZN6miosix21MountpointFsDirectoryD2Ev
                0x08010d38                _ZN6miosix21MountpointFsDirectoryD1Ev
 .text._ZN6miosix21MountpointFsDirectoryD0Ev
                0x08010d90       0x5c miosix/libmiosix.a(mountpointfs.o)
                0x08010d90                _ZN6miosix21MountpointFsDirectoryD0Ev
 .text._ZNSt8_Rb_treeIN6miosix10StringPartESt4pairIKS1_iESt10_Select1stIS4_ESt4lessIS1_ESaIS4_EE8_M_eraseEPSt13_Rb_tree_nodeIS4_E
                0x08010dec       0x28 miosix/libmiosix.a(mountpointfs.o)
                0x08010dec                _ZNSt8_Rb_treeIN6miosix10StringPartESt4pairIKS1_iESt10_Select1stIS4_ESt4lessIS1_ESaIS4_EE8_M_eraseEPSt13_Rb_tree_nodeIS4_E
 .text._ZN6miosix12MountpointFsD2Ev
                0x08010e14       0x30 miosix/libmiosix.a(mountpointfs.o)
                0x08010e14                _ZN6miosix12MountpointFsD2Ev
                0x08010e14                _ZN6miosix12MountpointFsD1Ev
 .text._ZN6miosix12MountpointFsD0Ev
                0x08010e44       0x38 miosix/libmiosix.a(mountpointfs.o)
                0x08010e44                _ZN6miosix12MountpointFsD0Ev
 .text._ZNSt8_Rb_treeIN6miosix10StringPartESt4pairIKS1_iESt10_Select1stIS4_ESt4lessIS1_ESaIS4_EE4findERS3_
                0x08010e7c       0x3c miosix/libmiosix.a(mountpointfs.o)
                0x08010e7c                _ZNSt8_Rb_treeIN6miosix10StringPartESt4pairIKS1_iESt10_Select1stIS4_ESt4lessIS1_ESaIS4_EE4findERS3_
 .text._ZN6miosix21MountpointFsDirectory8getdentsEPvi
                0x08010eb8       0xfc miosix/libmiosix.a(mountpointfs.o)
                0x08010eb8                _ZN6miosix21MountpointFsDirectory8getdentsEPvi
 .text._ZN6miosix12MountpointFs5lstatERNS_10StringPartEP4stat
                0x08010fb4       0x84 miosix/libmiosix.a(mountpointfs.o)
                0x08010fb4                _ZN6miosix12MountpointFs5lstatERNS_10StringPartEP4stat
 .text._ZN6miosix12MountpointFs4openERNS_17intrusive_ref_ptrINS_8FileBaseEEERNS_10StringPartEii
                0x08011038      0x294 miosix/libmiosix.a(mountpointfs.o)
                0x08011038                _ZN6miosix12MountpointFs4openERNS_17intrusive_ref_ptrINS_8FileBaseEEERNS_10StringPartEii
 .text._ZNSt8_Rb_treeIN6miosix10StringPartESt4pairIKS1_iESt10_Select1stIS4_ESt4lessIS1_ESaIS4_EE12_M_erase_auxESt23_Rb_tree_const_iteratorIS4_E
                0x080112cc       0x24 miosix/libmiosix.a(mountpointfs.o)
                0x080112cc                _ZNSt8_Rb_treeIN6miosix10StringPartESt4pairIKS1_iESt10_Select1stIS4_ESt4lessIS1_ESaIS4_EE12_M_erase_auxESt23_Rb_tree_const_iteratorIS4_E
 .text._ZNSt8_Rb_treeIN6miosix10StringPartESt4pairIKS1_iESt10_Select1stIS4_ESt4lessIS1_ESaIS4_EE10_M_insert_IS2_IS1_iEEESt17_Rb_tree_iteratorIS4_EPKSt18_Rb_tree_node_baseSH_OT_
                0x080112f0       0x84 miosix/libmiosix.a(mountpointfs.o)
                0x080112f0                _ZNSt8_Rb_treeIN6miosix10StringPartESt4pairIKS1_iESt10_Select1stIS4_ESt4lessIS1_ESaIS4_EE10_M_insert_IS2_IS1_iEEESt17_Rb_tree_iteratorIS4_EPKSt18_Rb_tree_node_baseSH_OT_