Archive member included because of file (symbol)

miosix/libmiosix.a(kernel.o)  player.o (_ZN6miosix11pauseKernelEv)
miosix/libmiosix.a(sync.o)    player.o (_ZN6miosix5MutexC1ENS0_7OptionsE)
miosix/libmiosix.a(error.o)   player.o (_ZN6miosix12errorHandlerENS_5ErrorE)
miosix/libmiosix.a(stage_2_boot.o)
                              miosix/libmiosix.a(kernel.o) (_ZN6miosix10mainLoaderEPv)
miosix/libmiosix.a(priority_scheduler.o)
                              miosix/libmiosix.a(kernel.o) (_ZN6miosix17PriorityScheduler11PKaddThreadEPNS_6ThreadENS_25PrioritySchedulerPriorityE)
miosix/libmiosix.a(console_device.o)
                              miosix/libmiosix.a(error.o) (_ZN6miosix14DefaultConsole8instanceEv)
miosix/libmiosix.a(devfs.o)   miosix/libmiosix.a(console_device.o) (_ZNK6miosix6Device5fstatEP4stat)
miosix/libmiosix.a(libc_integration.o)
                              player.o (__dso_handle)
miosix/libmiosix.a(libstdcpp_integration.o)
                              player.o (__cxa_guard_acquire)
miosix/libmiosix.a(util.o)    miosix/libmiosix.a(stage_2_boot.o) (_ZN6miosix15MemoryProfiling11getHeapSizeEv)
miosix/libmiosix.a(version.o)
                              miosix/libmiosix.a(stage_2_boot.o) (_ZN6miosix16getMiosixVersionEv)
miosix/libmiosix.a(bsp.o)     miosix/libmiosix.a(stage_2_boot.o) (_ZN6miosix8shutdownEv)
miosix/libmiosix.a(interrupts_cortexMx.o)
                              miosix/arch/cortexM4_stm32f4/stm32f407vg_stm32f4discovery/core/stage_1_boot.o (_Z17HardFault_Handlerv)
miosix/libmiosix.a(serial_stm32.o)
                              miosix/libmiosix.a(bsp.o) (_ZN6miosix11STM32SerialC1EiiNS0_8FlowCtrlE)
miosix/libmiosix.a(portability.o)
                              miosix/arch/cortexM4_stm32f4/stm32f407vg_stm32f4discovery/core/stage_1_boot.o (_Z15SysTick_Handlerv)
miosix/libmiosix.a(delays.o)  miosix/libmiosix.a(bsp.o) (_ZN6miosix7delayMsEj)
miosix/libmiosix.a(gpio_impl.o)
                              player.o (_ZN6miosix8GpioBase8modeImplEjhNS_4Mode5Mode_E)
miosix/libmiosix.a(sd_stm32f2_f4.o)
                              miosix/libmiosix.a(bsp.o) (_ZN6miosix10SDIODriver8instanceEv)
miosix/libmiosix.a(system_stm32f4xx.o)
                              miosix/arch/cortexM4_stm32f4/stm32f407vg_stm32f4discovery/core/stage_1_boot.o (SystemInit)
miosix/libmiosix.a(pthread.o)
                              miosix/libmiosix.a(devfs.o) (pthread_mutexattr_init)
miosix/libmiosix.a(file_access.o)
                              miosix/libmiosix.a(bsp.o) (_ZN6miosix17FilesystemManager8instanceEv)
miosix/libmiosix.a(file.o)    miosix/libmiosix.a(devfs.o) (_ZNK6miosix8FileBase6isattyEv)
miosix/libmiosix.a(stringpart.o)
                              miosix/libmiosix.a(devfs.o) (_ZN6miosix10StringPartC1ERSsjj)
miosix/libmiosix.a(mountpointfs.o)
                              miosix/libmiosix.a(file_access.o) (_ZTVN6miosix12MountpointFsE)
miosix/libmiosix.a(fat32.o)   miosix/libmiosix.a(file_access.o) (_ZN6miosix7Fat32FsC1ENS_17intrusive_ref_ptrINS_8FileBaseEEE)
miosix/libmiosix.a(ff.o)      miosix/libmiosix.a(fat32.o) (_Z10f_closedirP4DIR_)
miosix/libmiosix.a(diskio.o)  miosix/libmiosix.a(ff.o) (_Z9disk_readN6miosix17intrusive_ref_ptrINS_8FileBaseEEEPhmj)
miosix/libmiosix.a(wtoupper.o)
                              miosix/libmiosix.a(ff.o) (_Z11ff_wtouppert)
miosix/libmiosix.a(ccsbcs.o)  miosix/libmiosix.a(ff.o) (_Z10ff_converttj)
miosix/libmiosix.a(unicode.o)
                              miosix/libmiosix.a(ff.o) (_ZN6miosix7Unicode7putUtf8EPcDii)
/opt/arm-miosix-eabi/bin/../lib/gcc/arm-miosix-eabi/4.7.3/../../../../arm-miosix-eabi/lib/thumb/cm4/hardfp/fpv4/libstdc++.a(eh_exception.o)
                              miosix/libmiosix.a(kernel.o) (_ZTISt9exception)
/opt/arm-miosix-eabi/bin/../lib/gcc/arm-miosix-eabi/4.7.3/../../../../arm-miosix-eabi/lib/thumb/cm4/hardfp/fpv4/libstdc++.a(class_type_info.o)
                              player.o (_ZTVN10__cxxabiv117__class_type_infoE)
/opt/arm-miosix-eabi/bin/../lib/gcc/arm-miosix-eabi/4.7.3/../../../../arm-miosix-eabi/lib/thumb/cm4/hardfp/fpv4/libstdc++.a(eh_catch.o)
                              miosix/libmiosix.a(kernel.o) (__cxa_begin_catch)
/opt/arm-miosix-eabi/bin/../lib/gcc/arm-miosix-eabi/4.7.3/../../../../arm-miosix-eabi/lib/thumb/cm4/hardfp/fpv4/libstdc++.a(del_op.o)
                              player.o (_ZdlPv)
/opt/arm-miosix-eabi/bin/../lib/gcc/arm-miosix-eabi/4.7.3/../../../../arm-miosix-eabi/lib/thumb/cm4/hardfp/fpv4/libstdc++.a(eh_personality.o)
                              main.o (__gxx_personality_v0)
/opt/arm-miosix-eabi/bin/../lib/gcc/arm-miosix-eabi/4.7.3/../../../../arm-miosix-eabi/lib/thumb/cm4/hardfp/fpv4/libstdc++.a(si_class_type_info.o)
                              player.o (_ZTVN10__cxxabiv120__si_class_type_infoE)
/opt/arm-miosix-eabi/bin/../lib/gcc/arm-miosix-eabi/4.7.3/../../../../arm-miosix-eabi/lib/thumb/cm4/hardfp/fpv4/libstdc++.a(new_op.o)
                              player.o (_Znwj)
[...]
Memory Configuration

Name             Origin             Length             Attributes
flash            0x08000000         0x00100000         xr
smallram         0x10000200         0x0000fe00         xw
largeram         0x20000000         0x00020000         xw
*default*        0x00000000         0xffffffff

Linker script and memory map

                0x00000200                _main_stack_size = 0x200
                0x10000200                _main_stack_top = (0x10000000 + _main_stack_size)
                0x00000001                ASSERT (((_main_stack_size % 0x8) == 0x0), MAIN stack size error)
                0x20000000                _end = 0x20000000
                0x20020000                _heap_end = 0x20020000
                0x00000000                . = 0x0

.text           0x08000000    0x2903c
 *(.isr_vector)
 .isr_vector    0x08000000      0x188 miosix/arch/cortexM4_stm32f4/stm32f407vg_stm32f4discovery/core/stage_1_boot.o
                0x08000000                __Vectors
 *(.text)
 .text          0x08000188       0x10 /opt/arm-miosix-eabi/bin/../lib/gcc/arm-miosix-eabi/4.7.3/../../../../arm-miosix-eabi/lib/thumb/cm4/hardfp/fpv4/libc.a(lib_a-abort.o)
                0x08000188                abort
 .text          0x08000198       0x4c /opt/arm-miosix-eabi/bin/../lib/gcc/arm-miosix-eabi/4.7.3/../../../../arm-miosix-eabi/lib/thumb/cm4/hardfp/fpv4/libc.a(lib_a-assert.o)
                0x08000198                __assert_func
                0x080001d8                __assert
 .text          0x080001e4       0x14 /opt/arm-miosix-eabi/bin/../lib/gcc/arm-miosix-eabi/4.7.3/../../../../arm-miosix-eabi/lib/thumb/cm4/hardfp/fpv4/libc.a(lib_a-cxa_atexit.o)
                0x080001e4                __cxa_atexit
 .text          0x080001f8      0x25c /opt/arm-miosix-eabi/bin/../lib/gcc/arm-miosix-eabi/4.7.3/../../../../arm-miosix-eabi/lib/thumb/cm4/hardfp/fpv4/libc.a(lib_a-findfp.o)
                0x080001f8                _cleanup_r
                0x08000284                __sfmoreglue
                0x080002ac                _cleanup
                0x080002bc                __sfp_lock_acquire
                0x080002c8                __sfp_lock_release
                0x080002d4                __sinit_lock_acquire
                0x080002e0                __sinit_lock_release
                0x080002ec                __sinit
                0x08000364                __sfp
                0x0800041c                __fp_lock_all
                0x08000438                __fp_unlock_all
 .text          0x08000454       0x48 /opt/arm-miosix-eabi/bin/../lib/gcc/arm-miosix-eabi/4.7.3/../../../../arm-miosix-eabi/lib/thumb/cm4/hardfp/fpv4/libc.a(lib_a-fiprintf.o)
                0x08000454                _fiprintf_r
                0x08000474                fiprintf
 .text          0x0800049c       0x94 /opt/arm-miosix-eabi/bin/../lib/gcc/arm-miosix-eabi/4.7.3/../../../../arm-miosix-eabi/lib/thumb/cm4/hardfp/fpv4/libc.a(lib_a-fwalk.o)
                0x0800049c                _fwalk
                0x080004e4                _fwalk_reent
 .text          0x08000530       0x88 /opt/arm-miosix-eabi/bin/../lib/gcc/arm-miosix-eabi/4.7.3/../../../../arm-miosix-eabi/lib/thumb/cm4/hardfp/fpv4/libc.a(lib_a-mallinfor.o)
                0x08000530                __malloc_update_mallinfo
                0x08000584                _mallinfo_r
 .text          0x080005b8       0x28 /opt/arm-miosix-eabi/bin/../lib/gcc/arm-miosix-eabi/4.7.3/../../../../arm-miosix-eabi/lib/thumb/cm4/hardfp/fpv4/libc.a(lib_a-malloc.o)
                0x080005b8                malloc
                0x080005cc                free
 .text          0x080005e0      0x54c /opt/arm-miosix-eabi/bin/../lib/gcc/arm-miosix-eabi/4.7.3/../../../../arm-miosix-eabi/lib/thumb/cm4/hardfp/fpv4/libc.a(lib_a-mallocr.o)
                0x080005e0                _malloc_r
 .text          0x08000b2c       0x94 /opt/arm-miosix-eabi/bin/../lib/gcc/arm-miosix-eabi/4.7.3/../../../../arm-miosix-eabi/lib/thumb/cm4/hardfp/fpv4/libc.a(lib_a-memchr-stub.o)
                0x08000b2c                memchr
 .text          0x08000bc0       0x64 /opt/arm-miosix-eabi/bin/../lib/gcc/arm-miosix-eabi/4.7.3/../../../../arm-miosix-eabi/lib/thumb/cm4/hardfp/fpv4/libc.a(lib_a-memcmp.o)
                0x08000bc0                memcmp
 .text          0x08000c24       0x94 /opt/arm-miosix-eabi/bin/../lib/gcc/arm-miosix-eabi/4.7.3/../../../../arm-miosix-eabi/lib/thumb/cm4/hardfp/fpv4/libc.a(lib_a-memcpy-stub.o)
                0x08000c24                memcpy
 .text          0x08000cb8       0xbc /opt/arm-miosix-eabi/bin/../lib/gcc/arm-miosix-eabi/4.7.3/../../../../arm-miosix-eabi/lib/thumb/cm4/hardfp/fpv4/libc.a(lib_a-memmove.o)
                0x08000cb8                memmove
 .text          0x08000d74       0x90 /opt/arm-miosix-eabi/bin/../lib/gcc/arm-miosix-eabi/4.7.3/../../../../arm-miosix-eabi/lib/thumb/cm4/hardfp/fpv4/libc.a(lib_a-memrchr.o)
                0x08000d74                memrchr
 .text          0x08000e04       0x94 /opt/arm-miosix-eabi/bin/../lib/gcc/arm-miosix-eabi/4.7.3/../../../../arm-miosix-eabi/lib/thumb/cm4/hardfp/fpv4/libc.a(lib_a-memset.o)
                0x08000e04                memset
 .text          0x08000e98       0x2c /opt/arm-miosix-eabi/bin/../lib/gcc/arm-miosix-eabi/4.7.3/../../../../arm-miosix-eabi/lib/thumb/cm4/hardfp/fpv4/libc.a(lib_a-raise.o)
                0x08000e98                _raise_r
                0x08000eb0                raise
 .text          0x08000ec4       0xd8 /opt/arm-miosix-eabi/bin/../lib/gcc/arm-miosix-eabi/4.7.3/../../../../arm-miosix-eabi/lib/thumb/cm4/hardfp/fpv4/libc.a(lib_a-reent.o)
                0x08000ec4                cleanup_glue
                0x08000ee0                _reclaim_reent
 .text          0x08000f9c       0xb8 /opt/arm-miosix-eabi/bin/../lib/gcc/arm-miosix-eabi/4.7.3/../../../../arm-miosix-eabi/lib/thumb/cm4/hardfp/fpv4/libc.a(lib_a-stdio.o)
                0x08000f9c                __sread
                0x08000fc8                __seofread
                0x08000fcc                __swrite
                0x08001014                __sseek
                0x0800104c                __sclose
 .text          0x08001054       0xfc /opt/arm-miosix-eabi/bin/../lib/gcc/arm-miosix-eabi/4.7.3/../../../../arm-miosix-eabi/lib/thumb/cm4/hardfp/fpv4/libc.a(lib_a-strchr.o)
                0x08001054                strchr
 .text          0x08001150      0x248 /opt/arm-miosix-eabi/bin/../lib/gcc/arm-miosix-eabi/4.7.3/../../../../arm-miosix-eabi/lib/thumb/cm4/hardfp/fpv4/libc.a(lib_a-strcmp.o)
                0x08001150                strcmp
 .text          0x08001398       0xbc /opt/arm-miosix-eabi/bin/../lib/gcc/arm-miosix-eabi/4.7.3/../../../../arm-miosix-eabi/lib/thumb/cm4/hardfp/fpv4/libc.a(lib_a-strcpy.o)
                0x08001398                strcpy
 .text          0x08001454      0x3b4 /opt/arm-miosix-eabi/bin/../lib/gcc/arm-miosix-eabi/4.7.3/../../../../arm-miosix-eabi/lib/thumb/cm4/hardfp/fpv4/libc.a(lib_a-strerror.o)
                0x08001454                _strerror_r
                0x080017f0                strerror
 .text          0x08001808       0x60 /opt/arm-miosix-eabi/bin/../lib/gcc/arm-miosix-eabi/4.7.3/../../../../arm-miosix-eabi/lib/thumb/cm4/hardfp/fpv4/libc.a(lib_a-strlen.o)
                0x08001808                strlen
 .text          0x08001868        0x4 /opt/arm-miosix-eabi/bin/../lib/gcc/arm-miosix-eabi/4.7.3/../../../../arm-miosix-eabi/lib/thumb/cm4/hardfp/fpv4/libc.a(lib_a-u_strerr.o)
                0x08001868                _user_strerror
 .text          0x0800186c      0xd90 /opt/arm-miosix-eabi/bin/../lib/gcc/arm-miosix-eabi/4.7.3/../../../../arm-miosix-eabi/lib/thumb/cm4/hardfp/fpv4/libc.a(lib_a-vfiprintf.o)
                0x0800186c                __sprint_r
                0x080018e8                _vfiprintf_r
                0x080025e0                vfiprintf
 .text          0x080025fc       0x64 /opt/arm-miosix-eabi/bin/../lib/gcc/arm-miosix-eabi/4.7.3/../../../../arm-miosix-eabi/lib/thumb/cm4/hardfp/fpv4/libc.a(lib_a-viprintf.o)
                0x080025fc                viprintf
                0x08002634                _viprintf_r
 .text          0x08002660      0x11c /opt/arm-miosix-eabi/bin/../lib/gcc/arm-miosix-eabi/4.7.3/../../../../arm-miosix-eabi/lib/thumb/cm4/hardfp/fpv4/libc.a(lib_a-wsetup.o)
                0x08002660                __swsetup_r
 .text          0x0800277c      0x124 /opt/arm-miosix-eabi/bin/../lib/gcc/arm-miosix-eabi/4.7.3/../../../../arm-miosix-eabi/lib/thumb/cm4/hardfp/fpv4/libc.a(lib_a-fclose.o)
                0x0800277c                _fclose_r
                0x0800288c                fclose
 .text          0x080028a0      0x234 /opt/arm-miosix-eabi/bin/../lib/gcc/arm-miosix-eabi/4.7.3/../../../../arm-miosix-eabi/lib/thumb/cm4/hardfp/fpv4/libc.a(lib_a-fflush.o)
                0x080028a0                __sflush_r
                0x08002a00                _fflush_r
                0x08002aa8                fflush
 .text          0x08002ad4      0x17c /opt/arm-miosix-eabi/bin/../lib/gcc/arm-miosix-eabi/4.7.3/../../../../arm-miosix-eabi/lib/thumb/cm4/hardfp/fpv4/libc.a(lib_a-fputwc.o)
                0x08002ad4                _fputwc_r
                0x08002be4                fputwc
 .text          0x08002c50      0x228 /opt/arm-miosix-eabi/bin/../lib/gcc/arm-miosix-eabi/4.7.3/../../../../arm-miosix-eabi/lib/thumb/cm4/hardfp/fpv4/libc.a(lib_a-freer.o)
                0x08002c50                _malloc_trim_r
                0x08002ce8                _free_r
 .text          0x08002e78      0x32c /opt/arm-miosix-eabi/bin/../lib/gcc/arm-miosix-eabi/4.7.3/../../../../arm-miosix-eabi/lib/thumb/cm4/hardfp/fpv4/libc.a(lib_a-fvwrite.o)
                0x08002e78                __sfvwrite_r
 .text          0x080031a4       0x94 /opt/arm-miosix-eabi/bin/../lib/gcc/arm-miosix-eabi/4.7.3/../../../../arm-miosix-eabi/lib/thumb/cm4/hardfp/fpv4/libc.a(lib_a-locale.o)
                0x080031a4                _setlocale_r
                0x080031e4                __locale_charset
                0x080031f0                __locale_mb_cur_max
                0x080031fc                __locale_msgcharset
                0x08003204                __locale_cjk_lang
                0x08003208                _localeconv_r
                0x08003210                setlocale
                0x08003228                localeconv
 .text          0x08003238       0xf0 /opt/arm-miosix-eabi/bin/../lib/gcc/arm-miosix-eabi/4.7.3/../../../../arm-miosix-eabi/lib/thumb/cm4/hardfp/fpv4/libc.a(lib_a-makebuf.o)
                0x08003238                __smakebuf_r
 .text          0x08003328      0x3ec /opt/arm-miosix-eabi/bin/../lib/gcc/arm-miosix-eabi/4.7.3/../../../../arm-miosix-eabi/lib/thumb/cm4/hardfp/fpv4/libc.a(lib_a-reallocr.o)
                0x08003328                _realloc_r
 .text          0x08003714      0x104 /opt/arm-miosix-eabi/bin/../lib/gcc/arm-miosix-eabi/4.7.3/../../../../arm-miosix-eabi/lib/thumb/cm4/hardfp/fpv4/libc.a(lib_a-wbuf.o)
                0x08003714                __swbuf_r
                0x08003800                __swbuf
 .text          0x08003818       0xb4 /opt/arm-miosix-eabi/bin/../lib/gcc/arm-miosix-eabi/4.7.3/../../../../arm-miosix-eabi/lib/thumb/cm4/hardfp/fpv4/libc.a(lib_a-wcrtomb.o)
                0x08003818                _wcrtomb_r
                0x08003868                wcrtomb
 .text          0x080038cc       0x4c /opt/arm-miosix-eabi/bin/../lib/gcc/arm-miosix-eabi/4.7.3/../../../../arm-miosix-eabi/lib/thumb/cm4/hardfp/fpv4/libc.a(lib_a-wctomb_r.o)
                0x080038cc                __ascii_wctomb
                0x080038e8                _wctomb_r
 .text          0x08003918       0x2c /opt/arm-miosix-eabi/bin/../lib/gcc/arm-miosix-eabi/4.7.3/thumb/cm4/hardfp/fpv4/libgcc.a(_aeabi_uldivmod.o)
                0x08003918                __aeabi_uldivmod
 .text          0x08003944       0x58 /opt/arm-miosix-eabi/bin/../lib/gcc/arm-miosix-eabi/4.7.3/thumb/cm4/hardfp/fpv4/libgcc.a(bpabi.o)
                0x08003944                __gnu_ldivmod_helper
                0x08003970                __gnu_uldivmod_helper
 .text          0x0800399c      0x9fc /opt/arm-miosix-eabi/bin/../lib/gcc/arm-miosix-eabi/4.7.3/thumb/cm4/hardfp/fpv4/libgcc.a(unwind-arm.o)
                0x08003c60                _Unwind_GetCFA
                0x08003c64                __gnu_Unwind_RaiseException
                0x08003cc4                __gnu_Unwind_ForcedUnwind
                0x08003cdc                __gnu_Unwind_Resume
                0x08003d20                __gnu_Unwind_Resume_or_Rethrow
                0x08003d38                _Unwind_Complete
                0x08003d3c                _Unwind_DeleteException
                0x08003d4c                _Unwind_VRS_Get
                0x08003d94                _Unwind_VRS_Set
                0x080040a8                __aeabi_unwind_cpp_pr2
                0x080040b0                __aeabi_unwind_cpp_pr1
                0x080040b8                __aeabi_unwind_cpp_pr0
                0x080040c0                __gnu_Unwind_Backtrace
                0x08004130                _Unwind_VRS_Pop
 .text          0x08004398      0x1ac /opt/arm-miosix-eabi/bin/../lib/gcc/arm-miosix-eabi/4.7.3/thumb/cm4/hardfp/fpv4/libgcc.a(libunwind.o)
                0x08004398                __restore_core_regs
                0x08004398                restore_core_regs
                0x080043b0                __gnu_Unwind_Restore_VFP
                0x080043b8                __gnu_Unwind_Save_VFP
                0x080043c0                __gnu_Unwind_Restore_VFP_D
                0x080043c8                __gnu_Unwind_Save_VFP_D
                0x080043d0                __gnu_Unwind_Restore_VFP_D_16_to_31
                0x080043d8                __gnu_Unwind_Save_VFP_D_16_to_31
                0x080043e0                __gnu_Unwind_Restore_WMMXD
                0x08004424                __gnu_Unwind_Save_WMMXD
                0x08004468                __gnu_Unwind_Restore_WMMXC
                0x0800447c                __gnu_Unwind_Save_WMMXC
                0x08004490                ___Unwind_RaiseException
                0x08004490                _Unwind_RaiseException
                0x080044b4                ___Unwind_Resume
                0x080044b4                _Unwind_Resume
                0x080044d8                _Unwind_Resume_or_Rethrow
                0x080044d8                ___Unwind_Resume_or_Rethrow
                0x080044fc                ___Unwind_ForcedUnwind
                0x080044fc                _Unwind_ForcedUnwind
                0x08004520                _Unwind_Backtrace
                0x08004520                ___Unwind_Backtrace
 .text          0x08004544      0x3a0 /opt/arm-miosix-eabi/bin/../lib/gcc/arm-miosix-eabi/4.7.3/thumb/cm4/hardfp/fpv4/libgcc.a(pr-support.o)
                0x08004590                __gnu_unwind_execute
                0x0800488c                __gnu_unwind_frame
                0x080048b4                _Unwind_GetRegionStart
                0x080048c0                _Unwind_GetLanguageSpecificData
                0x080048d4                _Unwind_GetDataRelBase
                0x080048dc                _Unwind_GetTextRelBase
 .text          0x080048e4        0x4 /opt/arm-miosix-eabi/bin/../lib/gcc/arm-miosix-eabi/4.7.3/thumb/cm4/hardfp/fpv4/libgcc.a(_dvmd_tls.o)
                0x080048e4                __aeabi_ldiv0
                0x080048e4                __aeabi_idiv0
 .text          0x080048e8      0x2c8 /opt/arm-miosix-eabi/bin/../lib/gcc/arm-miosix-eabi/4.7.3/thumb/cm4/hardfp/fpv4/libgcc.a(_divdi3.o)
                0x080048e8                __divdi3
 .text          0x08004bb0      0x29c /opt/arm-miosix-eabi/bin/../lib/gcc/arm-miosix-eabi/4.7.3/thumb/cm4/hardfp/fpv4/libgcc.a(_udivdi3.o)
                0x08004bb0                __udivdi3
 *(.text.*)
 .text.startup.main
                0x08004e4c       0x48 main.o
                0x08004e4c                main
 .text._ZL12IRQdmaRefillv
                0x08004e94       0x54 player.o
 .text._ZN5SoundD2Ev
                0x08004ee8        0xc player.o
                0x08004ee8                _ZN5SoundD1Ev
                0x08004ee8                _ZN5SoundD2Ev
 .text._ZN10ADPCMSound6rewindEv
                0x08004ef4        0x8 player.o
                0x08004ef4                _ZN10ADPCMSound6rewindEv
 .text._ZN10ADPCMSoundD2Ev
                0x08004efc        0xc player.o
                0x08004efc                _ZN10ADPCMSoundD2Ev
                0x08004efc                _ZN10ADPCMSoundD1Ev
 .text._ZN5SoundD0Ev
                0x08004f08       0x14 player.o
                0x08004f08                _ZN5SoundD0Ev
 .text._ZN10ADPCMSoundD0Ev
                0x08004f1c       0x14 player.o
                0x08004f1c                _ZN10ADPCMSoundD0Ev
 .text._ZL17getWritableBufferv
                0x08004f30       0x44 player.o
 .text._ZL12bufferFilledv
                0x08004f74       0x4c player.o
 .text._ZN10ADPCMSound16fillStereoBufferEPti
                0x08004fc0       0x8c player.o
                0x08004fc0                _ZN10ADPCMSound16fillStereoBufferEPti
 .text._ZN10ADPCMSound14fillMonoBufferEPti
                0x0800504c       0x84 player.o
                0x0800504c                _ZN10ADPCMSound14fillMonoBufferEPti
 .text._ZN6PlayerD2Ev
                0x080050d0       0x10 player.o
                0x080050d0                _ZN6PlayerD2Ev
                0x080050d0                _ZN6PlayerD1Ev
 .text._Z23DMA1_Stream5_IRQHandlerv
                0x080050e0       0x3c player.o
                0x080050e0                _Z23DMA1_Stream5_IRQHandlerv
 .text._Z17I2SdmaHandlerImplv
                0x0800511c       0x64 player.o
                0x0800511c                _Z17I2SdmaHandlerImplv
 .text._ZN6PlayerC2Ev
                0x08005180       0x10 player.o
                0x08005180                _ZN6PlayerC2Ev
                0x08005180                _ZN6PlayerC1Ev
 .text._ZN6Player8instanceEv
                0x08005190       0x58 player.o
                0x08005190                _ZN6Player8instanceEv
 .text._ZN6miosix11SoftwareI2CINS_4GpioILj1073873920ELh9EEENS1_ILj1073873920ELh6EEELj50EE22waitForClockStretchingEv
                0x080051e8       0x30 player.o
                0x080051e8                _ZN6miosix11SoftwareI2CINS_4GpioILj1073873920ELh9EEENS1_ILj1073873920ELh6EEELj50EE22waitForClockStretchingEv
 .text._ZN6miosix11SoftwareI2CINS_4GpioILj1073873920ELh9EEENS1_ILj1073873920ELh6EEELj50EE4sendEh
                0x08005218       0x94 player.o
                0x08005218                _ZN6miosix11SoftwareI2CINS_4GpioILj1073873920ELh9EEENS1_ILj1073873920ELh6EEELj50EE4sendEh
 .text._ZL11cs43l22sendhh
                0x080052ac       0x58 player.o
 .text._Z13cs43l22volumei
                0x08005304       0x2c player.o
                0x08005304                _Z13cs43l22volumei
 .text._ZN6Player4playER5Sound
                0x08005330      0x310 player.o
                0x08005330                _ZN6Player4playER5Sound
 .text.ADPCM_Decode
                0x08005640       0x9c adpcm.o
                0x08005640                ADPCM_Decode
 .text.Default_Handler
                0x080056dc        0x4 miosix/arch/cortexM4_stm32f4/stm32f407vg_stm32f4discovery/core/stage_1_boot.o
                0x080056dc                _Z18CAN1_TX_IRQHandlerv
                0x080056dc                _Z23DMA2_Stream1_IRQHandlerv
                0x080056dc                _Z23DMA2_Stream6_IRQHandlerv
                0x080056dc                _Z29TIM8_TRG_COM_TIM14_IRQHandlerv
                0x080056dc                _Z23DMA2_Stream5_IRQHandlerv
                0x080056dc                _Z16EXTI1_IRQHandlerv
                0x080056dc                _Z25OTG_HS_EP1_OUT_IRQHandlerv
                0x080056dc                _Z15DCMI_IRQHandlerv
                0x080056dc                _Z15WWDG_IRQHandlerv
                0x080056dc                _Z14RCC_IRQHandlerv
                0x080056dc                _Z15TIM5_IRQHandlerv
                0x080056dc                _Z19CAN1_SCE_IRQHandlerv
                0x080056dc                _Z19CAN2_RX1_IRQHandlerv
                0x080056dc                _Z23DMA1_Stream0_IRQHandlerv
                0x080056dc                _Z23DMA1_Stream6_IRQHandlerv
                0x080056dc                _Z23DMA1_Stream2_IRQHandlerv
                0x080056dc                _Z20EXTI15_10_IRQHandlerv
                0x080056dc                _Z16EXTI4_IRQHandlerv
                0x080056dc                _Z15SPI1_IRQHandlerv
                0x080056dc                _Z23DMA1_Stream7_IRQHandlerv
                0x080056dc                _Z21TAMP_STAMP_IRQHandlerv
                0x080056dc                _Z15CRYP_IRQHandlerv
                0x080056dc                _Z19HASH_RNG_IRQHandlerv
                0x080056dc                _Z19CAN1_RX0_IRQHandlerv
                0x080056dc                _Z14ADC_IRQHandlerv
                0x080056dc                _Z17USART6_IRQHandlerv
                0x080056dc                _Z16EXTI2_IRQHandlerv
                0x080056dc                _Z15SPI2_IRQHandlerv
                0x080056dc                _Z25TIM8_BRK_TIM12_IRQHandlerv
                0x080056dc                _Z18I2C1_EV_IRQHandlerv
                0x080056dc                _Z20RTC_Alarm_IRQHandlerv
                0x080056dc                _Z17OTG_HS_IRQHandlerv
                0x080056dc                _Z16UART4_IRQHandlerv
                0x080056dc                _Z19RTC_WKUP_IRQHandlerv
                0x080056dc                _Z18I2C3_ER_IRQHandlerv
                0x080056dc                _Z24TIM1_BRK_TIM9_IRQHandlerv
                0x080056dc                _Z18I2C2_ER_IRQHandlerv
                0x080056dc                _Z19TIM6_DAC_IRQHandlerv
                0x080056dc                _Z29TIM1_TRG_COM_TIM11_IRQHandlerv
                0x080056dc                _Z19CAN2_SCE_IRQHandlerv
                0x080056dc                _Z18CAN2_TX_IRQHandlerv
                0x080056dc                _Z16UART5_IRQHandlerv
                0x080056dc                Default_Handler
                0x080056dc                _Z18TIM1_CC_IRQHandlerv
                0x080056dc                _Z15TIM2_IRQHandlerv
                0x080056dc                _Z18I2C3_EV_IRQHandlerv
                0x080056dc                _Z19ETH_WKUP_IRQHandlerv
                0x080056dc                _Z23DMA2_Stream7_IRQHandlerv
                0x080056dc                _Z18TIM8_CC_IRQHandlerv
                0x080056dc                _Z16FLASH_IRQHandlerv
                0x080056dc                _Z22OTG_FS_WKUP_IRQHandlerv
                0x080056dc                _Z24TIM8_UP_TIM13_IRQHandlerv
                0x080056dc                _Z15FSMC_IRQHandlerv
                0x080056dc                _Z19CAN1_RX1_IRQHandlerv
                0x080056dc                _Z16EXTI3_IRQHandlerv
                0x080056dc                _Z22OTG_HS_WKUP_IRQHandlerv
                0x080056dc                _Z14FPU_IRQHandlerv
                0x080056dc                _Z23DMA2_Stream0_IRQHandlerv
                0x080056dc                _Z14PVD_IRQHandlerv
                0x080056dc                _Z23DMA2_Stream2_IRQHandlerv
                0x080056dc                _Z23DMA1_Stream4_IRQHandlerv
                0x080056dc                _Z18I2C1_ER_IRQHandlerv
                0x080056dc                _Z15TIM3_IRQHandlerv
                0x080056dc                _Z23DMA2_Stream4_IRQHandlerv
                0x080056dc                _Z19CAN2_RX0_IRQHandlerv
                0x080056dc                _Z24TIM1_UP_TIM10_IRQHandlerv
                0x080056dc                _Z17OTG_FS_IRQHandlerv
                0x080056dc                _Z18I2C2_EV_IRQHandlerv
                0x080056dc                _Z14ETH_IRQHandlerv
                0x080056dc                _Z15SPI3_IRQHandlerv
                0x080056dc                _Z15TIM4_IRQHandlerv
                0x080056dc                _Z24OTG_HS_EP1_IN_IRQHandlerv
                0x080056dc                _Z16EXTI0_IRQHandlerv
                0x080056dc                _Z18EXTI9_5_IRQHandlerv
                0x080056dc                _Z15TIM7_IRQHandlerv
 .text._Z15program_startupv
                0x080056e0       0x5c miosix/arch/cortexM4_stm32f4/stm32f407vg_stm32f4discovery/core/stage_1_boot.o
                0x080056e0                _Z15program_startupv
 .text._Z13Reset_Handlerv
                0x0800573c       0x24 miosix/arch/cortexM4_stm32f4/stm32f407vg_stm32f4discovery/core/stage_1_boot.o
                0x0800573c                _Z13Reset_Handlerv
 .text._Z8errorLogPKcz
                0x08005760       0x20 miosix/libmiosix.a(kernel.o)
                0x08005760                _Z8errorLogPKcz
 .text._ZN6miosix17disableInterruptsEv
                0x08005780       0x24 miosix/libmiosix.a(kernel.o)
                0x08005780                _ZN6miosix17disableInterruptsEv
 .text._ZN6miosix16enableInterruptsEv
                0x080057a4       0x28 miosix/libmiosix.a(kernel.o)
                0x080057a4                _ZN6miosix16enableInterruptsEv
 .text._ZN6miosix11pauseKernelEv
                0x080057cc       0x2c miosix/libmiosix.a(kernel.o)
                0x080057cc                _ZN6miosix11pauseKernelEv
 .text._ZN6miosix13restartKernelEv
                0x080057f8       0x40 miosix/libmiosix.a(kernel.o)
                0x080057f8                _ZN6miosix13restartKernelEv
 .text._ZN6miosix10idleThreadEPv
                0x08005838       0x2c miosix/libmiosix.a(kernel.o)
                0x08005838                _ZN6miosix10idleThreadEPv
 .text._ZN6miosix20areInterruptsEnabledEv
                0x08005864       0x10 miosix/libmiosix.a(kernel.o)
                0x08005864                _ZN6miosix20areInterruptsEnabledEv
 .text._ZN6miosix20IRQaddToSleepingListEPNS_9SleepDataE
                0x08005874       0x48 miosix/libmiosix.a(kernel.o)
                0x08005874                _ZN6miosix20IRQaddToSleepingListEPNS_9SleepDataE
 .text._ZN6miosix14IRQwakeThreadsEv
                0x080058bc       0x64 miosix/libmiosix.a(kernel.o)
                0x080058bc                _ZN6miosix14IRQwakeThreadsEv
 .text._ZN6miosix6Thread5yieldEv
                0x08005920        0x8 miosix/libmiosix.a(kernel.o)
                0x08005920                _ZN6miosix6Thread5yieldEv
 .text._ZN6miosix6Thread5sleepEj
                0x08005928       0x78 miosix/libmiosix.a(kernel.o)
                0x08005928                _ZN6miosix6Thread5sleepEj
 .text._ZN6miosix6Thread16getCurrentThreadEv
                0x080059a0        0xc miosix/libmiosix.a(kernel.o)
                0x080059a0                _ZN6miosix6Thread16getCurrentThreadEv
 .text._ZN6miosix6Thread11getPriorityEv
                0x080059ac        0x4 miosix/libmiosix.a(kernel.o)
                0x080059ac                _ZN6miosix6Thread11getPriorityEv
 .text._ZN6miosix6Thread8PKwakeupEv
                0x080059b0       0x10 miosix/libmiosix.a(kernel.o)
                0x080059b0                _ZN6miosix6Thread8PKwakeupEv
 .text._ZN6miosix6Thread19IRQgetCurrentThreadEv
                0x080059c0        0xc miosix/libmiosix.a(kernel.o)
                0x080059c0                _ZN6miosix6Thread19IRQgetCurrentThreadEv
 .text._ZN6miosix6Thread14IRQgetPriorityEv
                0x080059cc        0x4 miosix/libmiosix.a(kernel.o)
                0x080059cc                _ZN6miosix6Thread14IRQgetPriorityEv
 .text._ZN6miosix6Thread7IRQwaitEv
                0x080059d0       0x14 miosix/libmiosix.a(kernel.o)
                0x080059d0                _ZN6miosix6Thread7IRQwaitEv
 .text._ZN6miosix6Thread9IRQwakeupEv
                0x080059e4        0xc miosix/libmiosix.a(kernel.o)
                0x080059e4                _ZN6miosix6Thread9IRQwakeupEv
 .text._ZN6miosix6Thread14threadLauncherEPFPvS1_ES1_
                0x080059f0       0x98 miosix/libmiosix.a(kernel.o)
                0x080059f0                _ZN6miosix6Thread14threadLauncherEPFPvS1_ES1_
 .text._ZN6miosix6ThreadC2EPjjb
                0x08005a88       0x8c miosix/libmiosix.a(kernel.o)
                0x08005a88                _ZN6miosix6ThreadC2EPjjb
                0x08005a88                _ZN6miosix6ThreadC1EPjjb
 .text._ZN6miosix6ThreadD2Ev
                0x08005b14       0x50 miosix/libmiosix.a(kernel.o)
                0x08005b14                _ZN6miosix6ThreadD1Ev
                0x08005b14                _ZN6miosix6ThreadD2Ev
 .text._ZN6miosix6Thread8doCreateEPFPvS1_EjS1_tb
                0x08005b64       0x94 miosix/libmiosix.a(kernel.o)
                0x08005b64                _ZN6miosix6Thread8doCreateEPFPvS1_EjS1_tb
 .text._ZN6miosix11startKernelEv
                0x08005bf8       0x74 miosix/libmiosix.a(kernel.o)
                0x08005bf8                _ZN6miosix11startKernelEv
 .text._ZN6miosix5MutexC2ENS0_7OptionsE
                0x08005c6c       0x1c miosix/libmiosix.a(sync.o)
                0x08005c6c                _ZN6miosix5MutexC1ENS0_7OptionsE
                0x08005c6c                _ZN6miosix5MutexC2ENS0_7OptionsE
 .text._ZNSt6vectorIPN6miosix6ThreadESaIS2_EE19_M_emplace_back_auxIIRKS2_EEEvDpOT_
                0x08005c88       0x70 miosix/libmiosix.a(sync.o)
                0x08005c88                _ZNSt6vectorIPN6miosix6ThreadESaIS2_EE19_M_emplace_back_auxIIRKS2_EEEvDpOT_
                0x08005c88                _ZNSt6vectorIPN6miosix6ThreadESaIS2_EE19_M_emplace_back_auxIJRKS2_EEEvDpOT_
 .text._ZSt11__push_heapIN9__gnu_cxx17__normal_iteratorIPPN6miosix6ThreadESt6vectorIS4_SaIS4_EEEEiS4_NS2_13LowerPriorityEEvT_T0_SC_T1_T2_
                0x08005cf8       0x5c miosix/libmiosix.a(sync.o)
                0x08005cf8                _ZSt11__push_heapIN9__gnu_cxx17__normal_iteratorIPPN6miosix6ThreadESt6vectorIS4_SaIS4_EEEEiS4_NS2_13LowerPriorityEEvT_T0_SC_T1_T2_
 .text._ZSt13__adjust_heapIN9__gnu_cxx17__normal_iteratorIPPN6miosix6ThreadESt6vectorIS4_SaIS4_EEEEiS4_NS2_13LowerPriorityEEvT_T0_SC_T1_T2_
                0x08005d54       0xa4 miosix/libmiosix.a(sync.o)
                0x08005d54                _ZSt13__adjust_heapIN9__gnu_cxx17__normal_iteratorIPPN6miosix6ThreadESt6vectorIS4_SaIS4_EEEEiS4_NS2_13LowerPriorityEEvT_T0_SC_T1_T2_
 .text._ZN6miosix5Mutex8PKunlockERNS_15PauseKernelLockE
                0x08005df8      0x18c miosix/libmiosix.a(sync.o)
                0x08005df8                _ZN6miosix5Mutex8PKunlockERNS_15PauseKernelLockE
 .text._ZSt9make_heapIN9__gnu_cxx17__normal_iteratorIPPN6miosix6ThreadESt6vectorIS4_SaIS4_EEEENS2_13LowerPriorityEEvT_SB_T0_
                0x08005f84       0x44 miosix/libmiosix.a(sync.o)
                0x08005f84                _ZSt9make_heapIN9__gnu_cxx17__normal_iteratorIPPN6miosix6ThreadESt6vectorIS4_SaIS4_EEEENS2_13LowerPriorityEEvT_SB_T0_
 .text._ZN6miosix5Mutex6PKlockERNS_15PauseKernelLockE
                0x08005fc8      0x100 miosix/libmiosix.a(sync.o)
                0x08005fc8                _ZN6miosix5Mutex6PKlockERNS_15PauseKernelLockE
 .text._ZN6miosix17intrusive_ref_ptrINS_6DeviceEE5resetEv
                0x080060c8       0x2c miosix/libmiosix.a(error.o)
                0x080060c8                _ZN6miosix17intrusive_ref_ptrINS_6DeviceEE5resetEv
 .text._ZN6miosix12errorHandlerENS_5ErrorE
                0x080060f4      0x3b4 miosix/libmiosix.a(error.o)
                0x080060f4                _ZN6miosix12errorHandlerENS_5ErrorE
 .text._Z7bootlogPKcz
                0x080064a8       0x20 miosix/libmiosix.a(stage_2_boot.o)
                0x080064a8                _Z7bootlogPKcz
 .text._ZN6miosix10mainLoaderEPv
                0x080064c8       0xfc miosix/libmiosix.a(stage_2_boot.o)
                0x080064c8                _ZN6miosix10mainLoaderEPv
 .text._init    0x080065c4       0xa4 miosix/libmiosix.a(stage_2_boot.o)
                0x080065c4                _init
 .text._ZN6miosix17PriorityScheduler11PKaddThreadEPNS_6ThreadENS_25PrioritySchedulerPriorityE
                0x08006668       0x28 miosix/libmiosix.a(priority_scheduler.o)
                0x08006668                _ZN6miosix17PriorityScheduler11PKaddThreadEPNS_6ThreadENS_25PrioritySchedulerPriorityE
 .text._ZN6miosix17PriorityScheduler19PKremoveDeadThreadsEv
                0x08006690       0xa0 miosix/libmiosix.a(priority_scheduler.o)
                0x08006690                _ZN6miosix17PriorityScheduler19PKremoveDeadThreadsEv
 .text._ZN6miosix17PriorityScheduler13PKsetPriorityEPNS_6ThreadENS_25PrioritySchedulerPriorityE
                0x08006730       0x90 miosix/libmiosix.a(priority_scheduler.o)
                0x08006730                _ZN6miosix17PriorityScheduler13PKsetPriorityEPNS_6ThreadENS_25PrioritySchedulerPriorityE
 .text._ZN6miosix17PriorityScheduler16IRQsetIdleThreadEPNS_6ThreadE
                0x080067c0       0x14 miosix/libmiosix.a(priority_scheduler.o)
                0x080067c0                _ZN6miosix17PriorityScheduler16IRQsetIdleThreadEPNS_6ThreadE
 .text._ZN6miosix17PriorityScheduler17IRQfindNextThreadEv
                0x080067d4       0x60 miosix/libmiosix.a(priority_scheduler.o)
                0x080067d4                _ZN6miosix17PriorityScheduler17IRQfindNextThreadEv
 .text._ZN6miosix14TerminalDevice5writeEPKvj
                0x08006834       0xac miosix/libmiosix.a(console_device.o)
                0x08006834                _ZN6miosix14TerminalDevice5writeEPKvj
 .text._ZN6miosix14TerminalDevice5lseekExi
                0x080068e0        0xc miosix/libmiosix.a(console_device.o)
                0x080068e0                _ZN6miosix14TerminalDevice5lseekExi
 .text._ZNK6miosix14TerminalDevice6isattyEv
                0x080068ec        0xc miosix/libmiosix.a(console_device.o)
                0x080068ec                _ZNK6miosix14TerminalDevice6isattyEv
 .text._ZN6miosix33IntrusiveRefCountedSharedFromThisINS_6DeviceEED2Ev
                0x080068f8        0xc miosix/libmiosix.a(console_device.o)
                0x080068f8                _ZN6miosix33IntrusiveRefCountedSharedFromThisINS_6DeviceEED1Ev
                0x080068f8                _ZN6miosix33IntrusiveRefCountedSharedFromThisINS_6DeviceEED2Ev
 .text._ZN6miosix33IntrusiveRefCountedSharedFromThisINS_6DeviceEED0Ev
                0x08006904       0x14 miosix/libmiosix.a(console_device.o)
                0x08006904                _ZN6miosix33IntrusiveRefCountedSharedFromThisINS_6DeviceEED0Ev
 .text._ZNK6miosix14TerminalDevice5fstatEP4stat
                0x08006918        0x8 miosix/libmiosix.a(console_device.o)
                0x08006918                _ZNK6miosix14TerminalDevice5fstatEP4stat
 .text._ZN6miosix14TerminalDevice5ioctlEiPv
                0x08006920       0x74 miosix/libmiosix.a(console_device.o)
                0x08006920                _ZN6miosix14TerminalDevice5ioctlEiPv
 .text._ZN6miosix14DefaultConsoleD2Ev
                0x08006994       0x30 miosix/libmiosix.a(console_device.o)
                0x08006994                _ZN6miosix14DefaultConsoleD2Ev
                0x08006994                _ZN6miosix14DefaultConsoleD1Ev
 .text._ZN6miosix14TerminalDevice8echoBackEPKcS2_j
                0x080069c4       0x60 miosix/libmiosix.a(console_device.o)
                0x080069c4                _ZN6miosix14TerminalDevice8echoBackEPKcS2_j
 .text._ZN6miosix14TerminalDevice9normalizeEPcii
                0x08006a24       0xf4 miosix/libmiosix.a(console_device.o)
                0x08006a24                _ZN6miosix14TerminalDevice9normalizeEPcii
 .text._ZN6miosix14TerminalDevice4readEPvj
                0x08006b18       0xac miosix/libmiosix.a(console_device.o)
                0x08006b18                _ZN6miosix14TerminalDevice4readEPvj
 .text._ZN6miosix14DefaultConsoleC2Ev
                0x08006bc4       0x34 miosix/libmiosix.a(console_device.o)
                0x08006bc4                _ZN6miosix14DefaultConsoleC2Ev
                0x08006bc4                _ZN6miosix14DefaultConsoleC1Ev
 .text._ZN6miosix14DefaultConsole8instanceEv
                0x08006bf8       0x4c miosix/libmiosix.a(console_device.o)
                0x08006bf8                _ZN6miosix14DefaultConsole8instanceEv
 .text._ZN6miosix12atomic_storeINS_6DeviceEEEvPNS_17intrusive_ref_ptrIT_EES4_
                0x08006c44       0x44 miosix/libmiosix.a(console_device.o)
                0x08006c44                _ZN6miosix12atomic_storeINS_6DeviceEEEvPNS_17intrusive_ref_ptrIT_EES4_
 .text._ZN6miosix14TerminalDeviceD2Ev
                0x08006c88       0x58 miosix/libmiosix.a(console_device.o)
                0x08006c88                _ZN6miosix14TerminalDeviceD1Ev
                0x08006c88                _ZN6miosix14TerminalDeviceD2Ev
 .text._ZN6miosix14TerminalDeviceC2ENS_17intrusive_ref_ptrINS_6DeviceEEE
                0x08006ce0       0xac miosix/libmiosix.a(console_device.o)
                0x08006ce0                _ZN6miosix14TerminalDeviceC2ENS_17intrusive_ref_ptrINS_6DeviceEEE
                0x08006ce0                _ZN6miosix14TerminalDeviceC1ENS_17intrusive_ref_ptrINS_6DeviceEEE
 .text._ZN6miosix14DefaultConsole6IRQsetENS_17intrusive_ref_ptrINS_6DeviceEEE
                0x08006d8c       0x50 miosix/libmiosix.a(console_device.o)
                0x08006d8c                _ZN6miosix14DefaultConsole6IRQsetENS_17intrusive_ref_ptrINS_6DeviceEEE
 .text._ZN6miosix14TerminalDeviceD0Ev
                0x08006ddc       0x5c miosix/libmiosix.a(console_device.o)
                0x08006ddc                _ZN6miosix14TerminalDeviceD0Ev
 .text._ZN6miosix9DevFsFile5writeEPKvj
                0x08006e38       0x5c miosix/libmiosix.a(devfs.o)
                0x08006e38                _ZN6miosix9DevFsFile5writeEPKvj
 .text._ZN6miosix9DevFsFile4readEPvj
                0x08006e94       0x5c miosix/libmiosix.a(devfs.o)
                0x08006e94                _ZN6miosix9DevFsFile4readEPvj
 .text._ZN6miosix9DevFsFile5lseekExi
                0x08006ef0       0x50 miosix/libmiosix.a(devfs.o)
                0x08006ef0                _ZN6miosix9DevFsFile5lseekExi
 .text._ZNK6miosix9DevFsFile6isattyEv
                0x08006f40        0xc miosix/libmiosix.a(devfs.o)
                0x08006f40                _ZNK6miosix9DevFsFile6isattyEv
 .text._ZN6miosix9DevFsFile5ioctlEiPv
                0x08006f4c        0xc miosix/libmiosix.a(devfs.o)
                0x08006f4c                _ZN6miosix9DevFsFile5ioctlEiPv
 .text._ZNK6miosix6Device6isattyEv
                0x08006f58        0x4 miosix/libmiosix.a(devfs.o)
                0x08006f58                _ZNK6miosix6Device6isattyEv
 .text._ZN6miosix6Device10writeBlockEPKvjx
                0x08006f5c        0x4 miosix/libmiosix.a(devfs.o)
                0x08006f5c                _ZN6miosix6Device10writeBlockEPKvjx
 .text._ZN6miosix6Device8IRQwriteEPKc
                0x08006f60        0x4 miosix/libmiosix.a(devfs.o)
                0x08006f60                _ZN6miosix6Device8IRQwriteEPKc
 .text._ZN6miosix6Device5ioctlEiPv
                0x08006f64        0x8 miosix/libmiosix.a(devfs.o)
                0x08006f64                _ZN6miosix6Device5ioctlEiPv
 .text._ZN6miosix6DeviceD2Ev
                0x08006f6c        0xc miosix/libmiosix.a(devfs.o)
                0x08006f6c                _ZN6miosix6DeviceD1Ev
                0x08006f6c                _ZN6miosix6DeviceD2Ev
 .text._ZN6miosix5DevFs5mkdirERNS_10StringPartEi
                0x08006f78        0x8 miosix/libmiosix.a(devfs.o)
                0x08006f78                _ZN6miosix5DevFs5mkdirERNS_10StringPartEi
 .text._ZN6miosix5DevFs5rmdirERNS_10StringPartE
                0x08006f80        0x8 miosix/libmiosix.a(devfs.o)
                0x08006f80                _ZN6miosix5DevFs5rmdirERNS_10StringPartE
 .text._ZN6miosix6DeviceD0Ev
                0x08006f88       0x14 miosix/libmiosix.a(devfs.o)
                0x08006f88                _ZN6miosix6DeviceD0Ev
 .text._ZN6miosix6Device9readBlockEPvjx
                0x08006f9c       0x10 miosix/libmiosix.a(devfs.o)
                0x08006f9c                _ZN6miosix6Device9readBlockEPvjx
 .text._ZNSt8_Rb_treeIN6miosix10StringPartESt4pairIKS1_NS0_17intrusive_ref_ptrINS0_6DeviceEEEESt10_Select1stIS7_ESt4lessIS1_ESaIS7_EE14_M_lower_boundEPSt13_Rb_tree_nodeIS7_ESG_RS3_.isra.9
                0x08006fac       0x34 miosix/libmiosix.a(devfs.o)
 .text._ZN6miosix14DevFsDirectoryD2Ev
                0x08006fe0       0x58 miosix/libmiosix.a(devfs.o)
                0x08006fe0                _ZN6miosix14DevFsDirectoryD2Ev
                0x08006fe0                _ZN6miosix14DevFsDirectoryD1Ev
 .text._ZN6miosix14DevFsDirectoryD0Ev
                0x08007038       0x5c miosix/libmiosix.a(devfs.o)
                0x08007038                _ZN6miosix14DevFsDirectoryD0Ev
 .text._ZN6miosix9DevFsFileD0Ev
                0x08007094       0x4c miosix/libmiosix.a(devfs.o)
                0x08007094                _ZN6miosix9DevFsFileD0Ev
 .text._ZN6miosix9DevFsFileD2Ev
                0x080070e0       0x48 miosix/libmiosix.a(devfs.o)
                0x080070e0                _ZN6miosix9DevFsFileD1Ev
                0x080070e0                _ZN6miosix9DevFsFileD2Ev
 .text._ZNK6miosix6Device5fstatEP4stat
                0x08007128       0x34 miosix/libmiosix.a(devfs.o)
                0x08007128                _ZNK6miosix6Device5fstatEP4stat
 .text._ZNK6miosix9DevFsFile5fstatEP4stat
                0x0800715c        0x8 miosix/libmiosix.a(devfs.o)
                0x0800715c                _ZNK6miosix9DevFsFile5fstatEP4stat
 .text._ZNSt4pairIN6miosix10StringPartENS0_17intrusive_ref_ptrINS0_6DeviceEEEED2Ev
                0x08007164       0x40 miosix/libmiosix.a(devfs.o)
                0x08007164                _ZNSt4pairIN6miosix10StringPartENS0_17intrusive_ref_ptrINS0_6DeviceEEEED1Ev
                0x08007164                _ZNSt4pairIN6miosix10StringPartENS0_17intrusive_ref_ptrINS0_6DeviceEEEED2Ev
 .text._ZN6miosix17intrusive_ref_ptrINS_8FileBaseEEaSERKS2_
                0x080071a4       0x48 miosix/libmiosix.a(devfs.o)
                0x080071a4                _ZN6miosix17intrusive_ref_ptrINS_8FileBaseEEaSERKS2_
 .text._ZN6miosix4LockINS_9FastMutexEED2Ev
                0x080071ec       0x10 miosix/libmiosix.a(devfs.o)
                0x080071ec                _ZN6miosix4LockINS_9FastMutexEED1Ev
                0x080071ec                _ZN6miosix4LockINS_9FastMutexEED2Ev
 .text._ZN6miosix17intrusive_ref_ptrINS_14FilesystemBaseEE5resetEv
                0x080071fc       0x2c miosix/libmiosix.a(devfs.o)
                0x080071fc                _ZN6miosix17intrusive_ref_ptrINS_14FilesystemBaseEE5resetEv
 .text._ZN6miosix17intrusive_ref_ptrINS_8FileBaseEE5resetEv
                0x08007228       0x2c miosix/libmiosix.a(devfs.o)
                0x08007228                _ZN6miosix17intrusive_ref_ptrINS_8FileBaseEE5resetEv
 .text._ZN6miosix6Device4openERNS_17intrusive_ref_ptrINS_8FileBaseEEENS1_INS_14FilesystemBaseEEEii
                0x08007254      0x1a0 miosix/libmiosix.a(devfs.o)
                0x08007254                _ZN6miosix6Device4openERNS_17intrusive_ref_ptrINS_8FileBaseEEENS1_INS_14FilesystemBaseEEEii
 .text._ZNSt8_Rb_treeIN6miosix10StringPartESt4pairIKS1_NS0_17intrusive_ref_ptrINS0_6DeviceEEEESt10_Select1stIS7_ESt4lessIS1_ESaIS7_EE4findERS3_
                0x080073f4       0x3c miosix/libmiosix.a(devfs.o)
                0x080073f4                _ZNSt8_Rb_treeIN6miosix10StringPartESt4pairIKS1_NS0_17intrusive_ref_ptrINS0_6DeviceEEEESt10_Select1stIS7_ESt4lessIS1_ESaIS7_EE4findERS3_
 .text._ZN6miosix14DevFsDirectory8getdentsEPvi
                0x08007430      0x10c miosix/libmiosix.a(devfs.o)
                0x08007430                _ZN6miosix14DevFsDirectory8getdentsEPvi
 .text._ZN6miosix5DevFs5lstatERNS_10StringPartEP4stat
                0x0800753c       0x74 miosix/libmiosix.a(devfs.o)
                0x0800753c                _ZN6miosix5DevFs5lstatERNS_10StringPartEP4stat
 .text._ZN6miosix5DevFs4openERNS_17intrusive_ref_ptrINS_8FileBaseEEERNS_10StringPartEii
                0x080075b0      0x2d0 miosix/libmiosix.a(devfs.o)
                0x080075b0                _ZN6miosix5DevFs4openERNS_17intrusive_ref_ptrINS_8FileBaseEEERNS_10StringPartEii
 .text._ZNSt8_Rb_treeIN6miosix10StringPartESt4pairIKS1_NS0_17intrusive_ref_ptrINS0_6DeviceEEEESt10_Select1stIS7_ESt4lessIS1_ESaIS7_EE8_M_eraseEPSt13_Rb_tree_nodeIS7_E
                0x08007880       0x68 miosix/libmiosix.a(devfs.o)
                0x08007880                _ZNSt8_Rb_treeIN6miosix10StringPartESt4pairIKS1_NS0_17intrusive_ref_ptrINS0_6DeviceEEEESt10_Select1stIS7_ESt4lessIS1_ESaIS7_EE8_M_eraseEPSt13_Rb_tree_nodeIS7_E
 .text._ZN6miosix5DevFsD2Ev
                0x080078e8       0x30 miosix/libmiosix.a(devfs.o)
                0x080078e8                _ZN6miosix5DevFsD1Ev
                0x080078e8                _ZN6miosix5DevFsD2Ev
 .text._ZN6miosix5DevFsD0Ev
                0x08007918       0x38 miosix/libmiosix.a(devfs.o)
                0x08007918                _ZN6miosix5DevFsD0Ev
 .text._ZNSt8_Rb_treeIN6miosix10StringPartESt4pairIKS1_NS0_17intrusive_ref_ptrINS0_6DeviceEEEESt10_Select1stIS7_ESt4lessIS1_ESaIS7_EE10_M_insert_IS2_IS1_S6_EEESt17_Rb_tree_iteratorIS7_EPKSt18_Rb_tree_node_baseSK_OT_
                0x08007950       0x98 miosix/libmiosix.a(devfs.o)
                0x08007950                _ZNSt8_Rb_treeIN6miosix10StringPartESt4pairIKS1_NS0_17intrusive_ref_ptrINS0_6DeviceEEEESt10_Select1stIS7_ESt4lessIS1_ESaIS7_EE10_M_insert_IS2_IS1_S6_EEESt17_Rb_tree_iteratorIS7_EPKSt18_Rb_tree_node_baseSK_OT_
 .text._ZNSt8_Rb_treeIN6miosix10StringPartESt4pairIKS1_NS0_17intrusive_ref_ptrINS0_6DeviceEEEESt10_Select1stIS7_ESt4lessIS1_ESaIS7_EE16_M_insert_uniqueIS2_IS1_S6_EEES2_ISt17_Rb_tree_iteratorIS7_EbEOT_
                0x080079e8       0x9c miosix/libmiosix.a(devfs.o)
                0x080079e8                _ZNSt8_Rb_treeIN6miosix10StringPartESt4pairIKS1_NS0_17intrusive_ref_ptrINS0_6DeviceEEEESt10_Select1stIS7_ESt4lessIS1_ESaIS7_EE16_M_insert_uniqueIS2_IS1_S6_EEES2_ISt17_Rb_tree_iteratorIS7_EbEOT_
 .text._ZN6miosix5DevFs9addDeviceEPKcNS_17intrusive_ref_ptrINS_6DeviceEEE
                0x08007a84      0x108 miosix/libmiosix.a(devfs.o)
                0x08007a84                _ZN6miosix5DevFs9addDeviceEPKcNS_17intrusive_ref_ptrINS_6DeviceEEE
 .text._ZN6miosix5DevFsC2Ev
                0x08007b8c      0x128 miosix/libmiosix.a(devfs.o)
                0x08007b8c                _ZN6miosix5DevFsC2Ev
                0x08007b8c                _ZN6miosix5DevFsC1Ev
 .text._ZNSt8_Rb_treeIN6miosix10StringPartESt4pairIKS1_NS0_17intrusive_ref_ptrINS0_6DeviceEEEESt10_Select1stIS7_ESt4lessIS1_ESaIS7_EE11equal_rangeERS3_
                0x08007cb4       0xa8 miosix/libmiosix.a(devfs.o)
                0x08007cb4                _ZNSt8_Rb_treeIN6miosix10StringPartESt4pairIKS1_NS0_17intrusive_ref_ptrINS0_6DeviceEEEESt10_Select1stIS7_ESt4lessIS1_ESaIS7_EE11equal_rangeERS3_
 .text._ZNSt8_Rb_treeIN6miosix10StringPartESt4pairIKS1_NS0_17intrusive_ref_ptrINS0_6DeviceEEEESt10_Select1stIS7_ESt4lessIS1_ESaIS7_EE12_M_erase_auxESt23_Rb_tree_const_iteratorIS7_E
                0x08007d5c       0x58 miosix/libmiosix.a(devfs.o)
                0x08007d5c                _ZNSt8_Rb_treeIN6miosix10StringPartESt4pairIKS1_NS0_17intrusive_ref_ptrINS0_6DeviceEEEESt10_Select1stIS7_ESt4lessIS1_ESaIS7_EE12_M_erase_auxESt23_Rb_tree_const_iteratorIS7_E
 .text._ZNSt8_Rb_treeIN6miosix10StringPartESt4pairIKS1_NS0_17intrusive_ref_ptrINS0_6DeviceEEEESt10_Select1stIS7_ESt4lessIS1_ESaIS7_EE5eraseERS3_
                0x08007db4       0x60 miosix/libmiosix.a(devfs.o)
                0x08007db4                _ZNSt8_Rb_treeIN6miosix10StringPartESt4pairIKS1_NS0_17intrusive_ref_ptrINS0_6DeviceEEEESt10_Select1stIS7_ESt4lessIS1_ESaIS7_EE5eraseERS3_
 .text._ZN6miosix5DevFs6unlinkERNS_10StringPartE
                0x08007e14       0x40 miosix/libmiosix.a(devfs.o)
                0x08007e14                _ZN6miosix5DevFs6unlinkERNS_10StringPartE
 .text._ZN6miosix5DevFs6renameERNS_10StringPartES2_
                0x08007e54       0xe8 miosix/libmiosix.a(devfs.o)
                0x08007e54                _ZN6miosix5DevFs6renameERNS_10StringPartES2_
 .text.__register_exitproc
                0x08007f3c        0x4 miosix/libmiosix.a(libc_integration.o)
                0x08007f3c                __register_exitproc
 .text._exit    0x08007f40        0x8 miosix/libmiosix.a(libc_integration.o)
                0x08007f40                _exit
 .text._sbrk_r  0x08007f48       0x34 miosix/libmiosix.a(libc_integration.o)
                0x08007f48                _sbrk_r
 .text.__malloc_lock
                0x08007f7c        0x4 miosix/libmiosix.a(libc_integration.o)
                0x08007f7c                __malloc_lock
 .text.__malloc_unlock
                0x08007f80        0x4 miosix/libmiosix.a(libc_integration.o)
                0x08007f80                __malloc_unlock
 .text.__getreent
                0x08007f84        0xc miosix/libmiosix.a(libc_integration.o)
                0x08007f84                __getreent
 .text._close_r
                0x08007f90       0x3c miosix/libmiosix.a(libc_integration.o)
                0x08007f90                _close_r
 .text._kill_r  0x08007fcc       0x10 miosix/libmiosix.a(libc_integration.o)
                0x08007fcc                _kill_r
 .text._getpid_r
                0x08007fdc        0x4 miosix/libmiosix.a(libc_integration.o)
                0x08007fdc                _getpid_r
 .text._ZN6miosix11atomic_loadINS_8FileBaseEEENS_17intrusive_ref_ptrIT_EEPKS4_
                0x08007fe0       0x34 miosix/libmiosix.a(libc_integration.o)
                0x08007fe0                _ZN6miosix11atomic_loadINS_8FileBaseEEENS_17intrusive_ref_ptrIT_EEPKS4_
 .text._ioctl_r
                0x08008014       0x98 miosix/libmiosix.a(libc_integration.o)
                0x08008014                _ioctl_r
 .text.ioctl    0x080080ac       0x20 miosix/libmiosix.a(libc_integration.o)
                0x080080ac                ioctl
 .text._isatty_r
                0x080080cc       0x90 miosix/libmiosix.a(libc_integration.o)
                0x080080cc                _isatty_r
 .text._fstat_r
                0x0800815c       0x9c miosix/libmiosix.a(libc_integration.o)
                0x0800815c                _fstat_r
 .text._lseek_r
                0x080081f8       0xac miosix/libmiosix.a(libc_integration.o)
                0x080081f8                _lseek_r
 .text._read_r  0x080082a4       0xa8 miosix/libmiosix.a(libc_integration.o)
                0x080082a4                _read_r
 .text._write_r
                0x0800834c       0xa8 miosix/libmiosix.a(libc_integration.o)
                0x0800834c                _write_r
 .text.write    0x080083f4       0x20 miosix/libmiosix.a(libc_integration.o)
                0x080083f4                write
 .text.__cxa_get_globals_fast
                0x08008414        0xc miosix/libmiosix.a(libstdcpp_integration.o)
                0x08008414                __cxa_get_globals_fast
 .text.__cxa_get_globals
                0x08008420        0xc miosix/libmiosix.a(libstdcpp_integration.o)
                0x08008420                __cxa_get_globals
 .text._ZN9__gnu_cxx27__verbose_terminate_handlerEv
                0x0800842c       0x14 miosix/libmiosix.a(libstdcpp_integration.o)
                0x0800842c                _ZN9__gnu_cxx27__verbose_terminate_handlerEv
 .text.__cxa_guard_acquire
                0x08008440       0xc0 miosix/libmiosix.a(libstdcpp_integration.o)
                0x08008440                __cxa_guard_acquire
 .text.__cxa_guard_release
                0x08008500       0x14 miosix/libmiosix.a(libstdcpp_integration.o)
                0x08008500                __cxa_guard_release
 .text.__cxa_guard_abort
                0x08008514       0x14 miosix/libmiosix.a(libstdcpp_integration.o)
                0x08008514                __cxa_guard_abort
 .text._ZN6miosix15MemoryProfiling11getHeapSizeEv
                0x08008528       0x14 miosix/libmiosix.a(util.o)
                0x08008528                _ZN6miosix15MemoryProfiling11getHeapSizeEv
 .text._ZN6miosix15MemoryProfiling18getCurrentFreeHeapEv
                0x0800853c       0x2c miosix/libmiosix.a(util.o)
                0x0800853c                _ZN6miosix15MemoryProfiling18getCurrentFreeHeapEv
 .text._ZN6miosix16getMiosixVersionEv
                0x08008568        0xc miosix/libmiosix.a(version.o)
                0x08008568                _ZN6miosix16getMiosixVersionEv
 .text._ZN6miosix8shutdownEv
                0x08008574       0x1c miosix/libmiosix.a(bsp.o)
                0x08008574                _ZN6miosix8shutdownEv
 .text._ZN6miosix6rebootEv
                0x08008590       0x20 miosix/libmiosix.a(bsp.o)
                0x08008590                _ZN6miosix6rebootEv
 .text._ZN6miosix10IRQbspInitEv
                0x080085b0       0xec miosix/libmiosix.a(bsp.o)
                0x080085b0                _ZN6miosix10IRQbspInitEv
 .text._ZN6miosix8bspInit2Ev
                0x0800869c       0xc0 miosix/libmiosix.a(bsp.o)
                0x0800869c                _ZN6miosix8bspInit2Ev
 .text._Z17HardFault_Handlerv
                0x0800875c       0x3c miosix/libmiosix.a(interrupts_cortexMx.o)
                0x0800875c                _Z17HardFault_Handlerv
 .text._Z17MemManage_Handlerv
                0x08008798       0x3c miosix/libmiosix.a(interrupts_cortexMx.o)
                0x08008798                _Z17MemManage_Handlerv
 .text._Z16BusFault_Handlerv
                0x080087d4       0x3c miosix/libmiosix.a(interrupts_cortexMx.o)
                0x080087d4                _Z16BusFault_Handlerv
 .text._Z18UsageFault_Handlerv
                0x08008810       0x3c miosix/libmiosix.a(interrupts_cortexMx.o)
                0x08008810                _Z18UsageFault_Handlerv
 .text._Z19unexpectedInterruptv
                0x0800884c       0x60 miosix/libmiosix.a(interrupts_cortexMx.o)
                0x0800884c                _Z19unexpectedInterruptv
 .text._ZL16printUnsignedIntj
                0x080088ac       0x88 miosix/libmiosix.a(interrupts_cortexMx.o)
 .text._Z16DebugMon_Handlerv
                0x08008934       0x70 miosix/libmiosix.a(interrupts_cortexMx.o)
                0x08008934                _Z16DebugMon_Handlerv
 .text._Z14PendSV_Handlerv
                0x080089a4       0x70 miosix/libmiosix.a(interrupts_cortexMx.o)
                0x080089a4                _Z14PendSV_Handlerv
 .text._Z11NMI_Handlerv
                0x08008a14       0x60 miosix/libmiosix.a(interrupts_cortexMx.o)
                0x08008a14                _Z11NMI_Handlerv
 .text._Z14HardFault_implv
                0x08008a74      0x138 miosix/libmiosix.a(interrupts_cortexMx.o)
                0x08008a74                _Z14HardFault_implv
 .text._Z13BusFault_implv
                0x08008bac      0x34c miosix/libmiosix.a(interrupts_cortexMx.o)
                0x08008bac                _Z13BusFault_implv
 .text._Z14MemManage_implv
                0x08008ef8      0x2d8 miosix/libmiosix.a(interrupts_cortexMx.o)
                0x08008ef8                _Z14MemManage_implv
 .text._Z15UsageFault_implv
                0x080091d0      0x2d0 miosix/libmiosix.a(interrupts_cortexMx.o)
                0x080091d0                _Z15UsageFault_implv
 .text._ZN6miosix11STM32Serial8IRQwriteEPKc
                0x080094a0       0x3c miosix/libmiosix.a(serial_stm32.o)
                0x080094a0                _ZN6miosix11STM32Serial8IRQwriteEPKc
 .text._ZN6miosix11STM32Serial5ioctlEiPv
                0x080094dc       0x40 miosix/libmiosix.a(serial_stm32.o)
                0x080094dc                _ZN6miosix11STM32Serial5ioctlEiPv
 .text._ZN6miosix11STM32Serial9readBlockEPvjx
                0x0800951c       0x8c miosix/libmiosix.a(serial_stm32.o)
                0x0800951c                _ZN6miosix11STM32Serial9readBlockEPvjx
 .text._Z17USART1_IRQHandlerv
                0x080095a8       0x3c miosix/libmiosix.a(serial_stm32.o)
                0x080095a8                _Z17USART1_IRQHandlerv
 .text._Z17USART2_IRQHandlerv
                0x080095e4       0x3c miosix/libmiosix.a(serial_stm32.o)
                0x080095e4                _Z17USART2_IRQHandlerv
 .text._Z17USART3_IRQHandlerv
                0x08009620       0x3c miosix/libmiosix.a(serial_stm32.o)
                0x08009620                _Z17USART3_IRQHandlerv
 .text._Z23DMA1_Stream3_IRQHandlerv
                0x0800965c       0x3c miosix/libmiosix.a(serial_stm32.o)
                0x0800965c                _Z23DMA1_Stream3_IRQHandlerv
 .text._Z23DMA1_Stream1_IRQHandlerv
                0x08009698       0x3c miosix/libmiosix.a(serial_stm32.o)
                0x08009698                _Z23DMA1_Stream1_IRQHandlerv
 .text._ZN6miosix11STM32SerialC2EiiNS0_8FlowCtrlE
                0x080096d4      0x3f4 miosix/libmiosix.a(serial_stm32.o)
                0x080096d4                _ZN6miosix11STM32SerialC2EiiNS0_8FlowCtrlE
                0x080096d4                _ZN6miosix11STM32SerialC1EiiNS0_8FlowCtrlE
 .text._ZN6miosix11STM32Serial14IRQhandleDMAtxEv
                0x08009ac8       0x38 miosix/libmiosix.a(serial_stm32.o)
                0x08009ac8                _ZN6miosix11STM32Serial14IRQhandleDMAtxEv
 .text._Z15usart3txDmaImplv
                0x08009b00       0x20 miosix/libmiosix.a(serial_stm32.o)
                0x08009b00                _Z15usart3txDmaImplv
 .text._ZN6miosix11STM32Serial19waitDmaTxCompletionEv
                0x08009b20       0x38 miosix/libmiosix.a(serial_stm32.o)
                0x08009b20                _ZN6miosix11STM32Serial19waitDmaTxCompletionEv
 .text._ZN6miosix11STM32Serial10writeBlockEPKvjx
                0x08009b58      0x10c miosix/libmiosix.a(serial_stm32.o)
                0x08009b58                _ZN6miosix11STM32Serial10writeBlockEPKvjx
 .text._ZN6miosix11STM32Serial10IRQreadDmaEv
                0x08009c64       0x84 miosix/libmiosix.a(serial_stm32.o)
                0x08009c64                _ZN6miosix11STM32Serial10IRQreadDmaEv
 .text._ZN6miosix11STM32Serial14IRQhandleDMArxEv
                0x08009ce8       0x3c miosix/libmiosix.a(serial_stm32.o)
                0x08009ce8                _ZN6miosix11STM32Serial14IRQhandleDMArxEv
 .text._Z15usart3rxDmaImplv
                0x08009d24       0x10 miosix/libmiosix.a(serial_stm32.o)
                0x08009d24                _Z15usart3rxDmaImplv
 .text._ZN6miosix11STM32Serial18IRQhandleInterruptEv
                0x08009d34       0x8c miosix/libmiosix.a(serial_stm32.o)
                0x08009d34                _ZN6miosix11STM32Serial18IRQhandleInterruptEv
 .text._Z13usart3irqImplv
                0x08009dc0       0x10 miosix/libmiosix.a(serial_stm32.o)
                0x08009dc0                _Z13usart3irqImplv
 .text._Z13usart2irqImplv
                0x08009dd0       0x10 miosix/libmiosix.a(serial_stm32.o)
                0x08009dd0                _Z13usart2irqImplv
 .text._Z13usart1irqImplv
                0x08009de0       0x10 miosix/libmiosix.a(serial_stm32.o)
                0x08009de0                _Z13usart1irqImplv
 .text._ZN6miosix11STM32Serial14IRQdmaReadStopEv
                0x08009df0       0x30 miosix/libmiosix.a(serial_stm32.o)
                0x08009df0                _ZN6miosix11STM32Serial14IRQdmaReadStopEv
 .text._ZN6miosix11STM32SerialD2Ev
                0x08009e20      0x110 miosix/libmiosix.a(serial_stm32.o)
                0x08009e20                _ZN6miosix11STM32SerialD1Ev
                0x08009e20                _ZN6miosix11STM32SerialD2Ev
 .text._ZN6miosix11STM32SerialD0Ev
                0x08009f30       0x14 miosix/libmiosix.a(serial_stm32.o)
                0x08009f30                _ZN6miosix11STM32SerialD0Ev
 .text._Z15SysTick_Handlerv
                0x08009f44       0x3c miosix/libmiosix.a(portability.o)
                0x08009f44                _Z15SysTick_Handlerv
 .text._Z11SVC_Handlerv
                0x08009f80       0x3c miosix/libmiosix.a(portability.o)
                0x08009f80                _Z11SVC_Handlerv
 .text._ZN14miosix_private21IRQstackOverflowCheckEv
                0x08009fbc       0x3c miosix/libmiosix.a(portability.o)
                0x08009fbc                _ZN14miosix_private21IRQstackOverflowCheckEv
 .text._ZN14miosix_private9ISR_yieldEv
                0x08009ff8       0x10 miosix/libmiosix.a(portability.o)
                0x08009ff8                _ZN14miosix_private9ISR_yieldEv
 .text._ZN14miosix_private11ISR_preemptEv
                0x0800a008       0x24 miosix/libmiosix.a(portability.o)
                0x0800a008                _ZN14miosix_private11ISR_preemptEv
 .text._ZN14miosix_private15IRQsystemRebootEv
                0x0800a02c       0x24 miosix/libmiosix.a(portability.o)
                0x0800a02c                _ZN14miosix_private15IRQsystemRebootEv
 .text._ZN14miosix_private11initCtxsaveEPjPFPvS1_ES0_S1_
                0x0800a050       0x44 miosix/libmiosix.a(portability.o)
                0x0800a050                _ZN14miosix_private11initCtxsaveEPjPFPvS1_ES0_S1_
 .text._ZN14miosix_private22IRQportableStartKernelEv
                0x0800a094       0x7c miosix/libmiosix.a(portability.o)
                0x0800a094                _ZN14miosix_private22IRQportableStartKernelEv
 .text._ZN14miosix_private8sleepCpuEv
                0x0800a110        0x4 miosix/libmiosix.a(portability.o)
                0x0800a110                _ZN14miosix_private8sleepCpuEv
 .text._ZN6miosix7delayMsEj
                0x0800a114       0x20 miosix/libmiosix.a(delays.o)
                0x0800a114                _ZN6miosix7delayMsEj
 .text._ZN6miosix7delayUsEj
                0x0800a134       0x18 miosix/libmiosix.a(delays.o)
                0x0800a134                _ZN6miosix7delayUsEj
 .text._ZN6miosix8GpioBase8modeImplEjhNS_4Mode5Mode_E
                0x0800a14c       0x54 miosix/libmiosix.a(gpio_impl.o)
                0x0800a14c                _ZN6miosix8GpioBase8modeImplEjhNS_4Mode5Mode_E
 .text._ZN6miosix8GpioBase6afImplEjhh
                0x0800a1a0       0x48 miosix/libmiosix.a(gpio_impl.o)
                0x0800a1a0                _ZN6miosix8GpioBase6afImplEjhh
 .text._ZN6miosix17intrusive_ref_ptrINS_10SDIODriverEED2Ev
                0x0800a1e8       0x30 miosix/libmiosix.a(sd_stm32f2_f4.o)
                0x0800a1e8                _ZN6miosix17intrusive_ref_ptrINS_10SDIODriverEED2Ev
                0x0800a1e8                _ZN6miosix17intrusive_ref_ptrINS_10SDIODriverEED1Ev
 .text._ZN6miosix9FastMutexD2Ev
                0x0800a218        0xc miosix/libmiosix.a(sd_stm32f2_f4.o)
                0x0800a218                _ZN6miosix9FastMutexD2Ev
                0x0800a218                _ZN6miosix9FastMutexD1Ev
 .text._ZN6miosixL22dmaTransferCommonSetupEPKh
                0x0800a224       0x4c miosix/libmiosix.a(sd_stm32f2_f4.o)
 .text._ZN6miosix10SDIODriverD2Ev
                0x0800a270       0x28 miosix/libmiosix.a(sd_stm32f2_f4.o)
                0x0800a270                _ZN6miosix10SDIODriverD1Ev
                0x0800a270                _ZN6miosix10SDIODriverD2Ev
 .text._ZN6miosix10SDIODriverD0Ev
                0x0800a298       0x2c miosix/libmiosix.a(sd_stm32f2_f4.o)
                0x0800a298                _ZN6miosix10SDIODriverD0Ev
 .text._Z23DMA2_Stream3_IRQHandlerv
                0x0800a2c4       0x3c miosix/libmiosix.a(sd_stm32f2_f4.o)
                0x0800a2c4                _Z23DMA2_Stream3_IRQHandlerv
 .text._Z15SDIO_IRQHandlerv
                0x0800a300       0x3c miosix/libmiosix.a(sd_stm32f2_f4.o)
                0x0800a300                _Z15SDIO_IRQHandlerv
 .text._ZN6miosix18DMA2stream3irqImplEv
                0x0800a33c       0x5c miosix/libmiosix.a(sd_stm32f2_f4.o)
                0x0800a33c                _ZN6miosix18DMA2stream3irqImplEv
 .text._ZN6miosix11SDIOirqImplEv
                0x0800a398       0x5c miosix/libmiosix.a(sd_stm32f2_f4.o)
                0x0800a398                _ZN6miosix11SDIOirqImplEv
 .text._ZN6miosix15BufferConverter13toWordAlignedEPKh
                0x0800a3f4       0x40 miosix/libmiosix.a(sd_stm32f2_f4.o)
                0x0800a3f4                _ZN6miosix15BufferConverter13toWordAlignedEPKh
 .text._ZN6miosix15BufferConverter24toWordAlignedWithoutCopyEPh
                0x0800a434       0x30 miosix/libmiosix.a(sd_stm32f2_f4.o)
                0x0800a434                _ZN6miosix15BufferConverter24toWordAlignedWithoutCopyEPh
 .text._ZN6miosix15BufferConverter16toOriginalBufferEv
                0x0800a464       0x1c miosix/libmiosix.a(sd_stm32f2_f4.o)
                0x0800a464                _ZN6miosix15BufferConverter16toOriginalBufferEv
 .text._ZN6miosix9CmdResult18validateR1ResponseEv
                0x0800a480       0x20 miosix/libmiosix.a(sd_stm32f2_f4.o)
                0x0800a480                _ZN6miosix9CmdResult18validateR1ResponseEv
 .text._ZN6miosix7Command4sendENS0_11CommandTypeEj
                0x0800a4a0      0x140 miosix/libmiosix.a(sd_stm32f2_f4.o)
                0x0800a4a0                _ZN6miosix7Command4sendENS0_11CommandTypeEj
 .text._ZN6miosixL16waitForCardReadyEv
                0x0800a5e0       0x48 miosix/libmiosix.a(sd_stm32f2_f4.o)
 .text._ZN6miosix15ClockController19calibrateClockSpeedEPNS_10SDIODriverE
                0x0800a628       0xf8 miosix/libmiosix.a(sd_stm32f2_f4.o)
                0x0800a628                _ZN6miosix15ClockController19calibrateClockSpeedEPNS_10SDIODriverE
 .text._ZN6miosix15ClockController16reduceClockSpeedEv
                0x0800a720       0x54 miosix/libmiosix.a(sd_stm32f2_f4.o)
                0x0800a720                _ZN6miosix15ClockController16reduceClockSpeedEv
 .text._ZN6miosixL18multipleBlockWriteEPKhjj
                0x0800a774      0x164 miosix/libmiosix.a(sd_stm32f2_f4.o)
 .text._ZN6miosixL17multipleBlockReadEPhjj
                0x0800a8d8      0x14c miosix/libmiosix.a(sd_stm32f2_f4.o)
 .text._ZN6miosix12CardSelectorD2Ev
                0x0800aa24       0x18 miosix/libmiosix.a(sd_stm32f2_f4.o)
                0x0800aa24                _ZN6miosix12CardSelectorD1Ev
                0x0800aa24                _ZN6miosix12CardSelectorD2Ev
 .text._ZN6miosix10SDIODriverC2Ev
                0x0800aa3c      0x2a0 miosix/libmiosix.a(sd_stm32f2_f4.o)
                0x0800aa3c                _ZN6miosix10SDIODriverC1Ev
                0x0800aa3c                _ZN6miosix10SDIODriverC2Ev
 .text._ZN6miosix10SDIODriver5ioctlEiPv
                0x0800acdc       0x40 miosix/libmiosix.a(sd_stm32f2_f4.o)
                0x0800acdc                _ZN6miosix10SDIODriver5ioctlEiPv
 .text._ZN6miosix10SDIODriver10writeBlockEPKvjx
                0x0800ad1c      0x120 miosix/libmiosix.a(sd_stm32f2_f4.o)
                0x0800ad1c                _ZN6miosix10SDIODriver10writeBlockEPKvjx
 .text._ZN6miosix10SDIODriver9readBlockEPvjx
                0x0800ae3c      0x124 miosix/libmiosix.a(sd_stm32f2_f4.o)
                0x0800ae3c                _ZN6miosix10SDIODriver9readBlockEPvjx
 .text._ZN6miosix10SDIODriver8instanceEv
                0x0800af60      0x130 miosix/libmiosix.a(sd_stm32f2_f4.o)
                0x0800af60                _ZN6miosix10SDIODriver8instanceEv
 .text.SystemInit
                0x0800b090      0x128 miosix/libmiosix.a(system_stm32f4xx.o)
                0x0800b090                SystemInit
 .text.pthread_mutexattr_init
                0x0800b1b8        0x8 miosix/libmiosix.a(pthread.o)
                0x0800b1b8                pthread_mutexattr_init
 .text.pthread_mutexattr_destroy
                0x0800b1c0        0x4 miosix/libmiosix.a(pthread.o)
                0x0800b1c0                pthread_mutexattr_destroy
 .text.pthread_mutexattr_settype
                0x0800b1c4       0x14 miosix/libmiosix.a(pthread.o)
                0x0800b1c4                pthread_mutexattr_settype
 .text.pthread_mutex_init
                0x0800b1d8       0x24 miosix/libmiosix.a(pthread.o)
                0x0800b1d8                pthread_mutex_init
 .text.pthread_mutex_destroy
                0x0800b1fc        0xc miosix/libmiosix.a(pthread.o)
                0x0800b1fc                pthread_mutex_destroy
 .text.pthread_mutex_lock
                0x0800b208       0x74 miosix/libmiosix.a(pthread.o)
                0x0800b208                pthread_mutex_lock
 .text.pthread_mutex_unlock
                0x0800b27c       0x44 miosix/libmiosix.a(pthread.o)
                0x0800b27c                pthread_mutex_unlock
 .text.pthread_setcancelstate
                0x0800b2c0        0x4 miosix/libmiosix.a(pthread.o)
                0x0800b2c0                pthread_setcancelstate
 .text.unlikely._ZN9__gnu_cxxL18__exchange_and_addEPVii.constprop.42
                0x0800b2c4       0x1c miosix/libmiosix.a(file_access.o)
 .text._ZN6miosix12ResolvedPathD2Ev
                0x0800b2e0       0x30 miosix/libmiosix.a(file_access.o)
                0x0800b2e0                _ZN6miosix12ResolvedPathD2Ev
                0x0800b2e0                _ZN6miosix12ResolvedPathD1Ev
 .text._ZN6miosix17FilesystemManager8instanceEv
                0x0800b310       0x78 miosix/libmiosix.a(file_access.o)
                0x0800b310                _ZN6miosix17FilesystemManager8instanceEv
 .text._ZNSt4pairIN6miosix10StringPartENS0_17intrusive_ref_ptrINS0_14FilesystemBaseEEEED2Ev
                0x0800b388       0x40 miosix/libmiosix.a(file_access.o)
                0x0800b388                _ZNSt4pairIN6miosix10StringPartENS0_17intrusive_ref_ptrINS0_14FilesystemBaseEEEED1Ev
                0x0800b388                _ZNSt4pairIN6miosix10StringPartENS0_17intrusive_ref_ptrINS0_14FilesystemBaseEEEED2Ev
 .text._ZN6miosix17FilesystemManager15getFilesystemIdEv
                0x0800b3c8       0x18 miosix/libmiosix.a(file_access.o)
                0x0800b3c8                _ZN6miosix17FilesystemManager15getFilesystemIdEv
 .text._ZN6miosix12atomic_storeINS_5DevFsEEEvPNS_17intrusive_ref_ptrIT_EES4_
                0x0800b3e0       0x44 miosix/libmiosix.a(file_access.o)
                0x0800b3e0                _ZN6miosix12atomic_storeINS_5DevFsEEEvPNS_17intrusive_ref_ptrIT_EES4_
 .text._ZN6miosix15atomic_exchangeINS_8FileBaseEEENS_17intrusive_ref_ptrIT_EEPS4_S4_
                0x0800b424       0x30 miosix/libmiosix.a(file_access.o)
                0x0800b424                _ZN6miosix15atomic_exchangeINS_8FileBaseEEENS_17intrusive_ref_ptrIT_EEPS4_S4_
 .text._ZN6miosix17intrusive_ref_ptrINS_14FilesystemBaseEEaSERKS2_
                0x0800b454       0x48 miosix/libmiosix.a(file_access.o)
                0x0800b454                _ZN6miosix17intrusive_ref_ptrINS_14FilesystemBaseEEaSERKS2_
 .text._ZN6miosix14PathResolution13followSymlinkERSs
                0x0800b49c      0x210 miosix/libmiosix.a(file_access.o)
                0x0800b49c                _ZN6miosix14PathResolution13followSymlinkERSs
 .text._ZN6miosix14PathResolutionD2Ev
                0x0800b6ac       0x60 miosix/libmiosix.a(file_access.o)
                0x0800b6ac                _ZN6miosix14PathResolutionD2Ev
                0x0800b6ac                _ZN6miosix14PathResolutionD1Ev
 .text._ZN6miosix19FileDescriptorTable8closeAllEv
                0x0800b70c       0x74 miosix/libmiosix.a(file_access.o)
                0x0800b70c                _ZN6miosix19FileDescriptorTable8closeAllEv
 .text._ZN6miosix19FileDescriptorTable5closeEi
                0x0800b780       0xb0 miosix/libmiosix.a(file_access.o)
                0x0800b780                _ZN6miosix19FileDescriptorTable5closeEi
 .text._ZN6miosix19FileDescriptorTableD2Ev
                0x0800b830       0xa4 miosix/libmiosix.a(file_access.o)
                0x0800b830                _ZN6miosix19FileDescriptorTableD1Ev
                0x0800b830                _ZN6miosix19FileDescriptorTableD2Ev
 .text._ZN6miosix17intrusive_ref_ptrINS_5DevFsEE5resetEv
                0x0800b8d4       0x2c miosix/libmiosix.a(file_access.o)
                0x0800b8d4                _ZN6miosix17intrusive_ref_ptrINS_5DevFsEE5resetEv
 .text._ZNSt8_Rb_treeIN6miosix10StringPartESt4pairIKS1_NS0_17intrusive_ref_ptrINS0_14FilesystemBaseEEEESt10_Select1stIS7_ESt4lessIS1_ESaIS7_EE8_M_eraseEPSt13_Rb_tree_nodeIS7_E
                0x0800b900       0x68 miosix/libmiosix.a(file_access.o)
                0x0800b900                _ZNSt8_Rb_treeIN6miosix10StringPartESt4pairIKS1_NS0_17intrusive_ref_ptrINS0_14FilesystemBaseEEEESt10_Select1stIS7_ESt4lessIS1_ESaIS7_EE8_M_eraseEPSt13_Rb_tree_nodeIS7_E
 .text._ZN6miosix17FilesystemManagerD2Ev
                0x0800b968       0x54 miosix/libmiosix.a(file_access.o)
                0x0800b968                _ZN6miosix17FilesystemManagerD1Ev
                0x0800b968                _ZN6miosix17FilesystemManagerD2Ev
 .text._ZN6miosix19FileDescriptorTableC2Ev
                0x0800b9bc      0x144 miosix/libmiosix.a(file_access.o)
                0x0800b9bc                _ZN6miosix19FileDescriptorTableC2Ev
                0x0800b9bc                _ZN6miosix19FileDescriptorTableC1Ev
 .text._ZN6miosix22getFileDescriptorTableEv
                0x0800bb00       0x58 miosix/libmiosix.a(file_access.o)
                0x0800bb00                _ZN6miosix22getFileDescriptorTableEv
 .text._ZN6miosix17FilesystemManager9umountAllEv
                0x0800bb58       0x40 miosix/libmiosix.a(file_access.o)
                0x0800bb58                _ZN6miosix17FilesystemManager9umountAllEv
 .text._ZNKSt8_Rb_treeIN6miosix10StringPartESt4pairIKS1_NS0_17intrusive_ref_ptrINS0_14FilesystemBaseEEEESt10_Select1stIS7_ESt4lessIS1_ESaIS7_EE4findERS3_
                0x0800bb98       0x64 miosix/libmiosix.a(file_access.o)
                0x0800bb98                _ZNKSt8_Rb_treeIN6miosix10StringPartESt4pairIKS1_NS0_17intrusive_ref_ptrINS0_14FilesystemBaseEEEESt10_Select1stIS7_ESt4lessIS1_ESaIS7_EE4findERS3_
 .text._ZN6miosix14PathResolution15recursiveFindFsERSs
                0x0800bbfc       0x94 miosix/libmiosix.a(file_access.o)
                0x0800bbfc                _ZN6miosix14PathResolution15recursiveFindFsERSs
 .text._ZN6miosix14PathResolution15upPathComponentERSsj
                0x0800bc90       0x98 miosix/libmiosix.a(file_access.o)
                0x0800bc90                _ZN6miosix14PathResolution15upPathComponentERSsj
 .text._ZN6miosix14PathResolution19normalPathComponentERSsb
                0x0800bd28       0xe4 miosix/libmiosix.a(file_access.o)
                0x0800bd28                _ZN6miosix14PathResolution19normalPathComponentERSsb
 .text._ZN6miosix14PathResolution11resolvePathERSsb
                0x0800be0c      0x220 miosix/libmiosix.a(file_access.o)
                0x0800be0c                _ZN6miosix14PathResolution11resolvePathERSsb
 .text._ZN6miosix17FilesystemManager11resolvePathERSsb
                0x0800c02c       0xec miosix/libmiosix.a(file_access.o)
                0x0800c02c                _ZN6miosix17FilesystemManager11resolvePathERSsb
 .text._ZN6miosix17FilesystemManager10statHelperERSsP4statb
                0x0800c118       0x78 miosix/libmiosix.a(file_access.o)
                0x0800c118                _ZN6miosix17FilesystemManager10statHelperERSsP4statb
 .text._ZNSt8_Rb_treeIN6miosix10StringPartESt4pairIKS1_NS0_17intrusive_ref_ptrINS0_14FilesystemBaseEEEESt10_Select1stIS7_ESt4lessIS1_ESaIS7_EE10_M_insert_IS2_IS1_S6_EEESt17_Rb_tree_iteratorIS7_EPKSt18_Rb_tree_node_baseSK_OT_
                0x0800c190       0x98 miosix/libmiosix.a(file_access.o)
                0x0800c190                _ZNSt8_Rb_treeIN6miosix10StringPartESt4pairIKS1_NS0_17intrusive_ref_ptrINS0_14FilesystemBaseEEEESt10_Select1stIS7_ESt4lessIS1_ESaIS7_EE10_M_insert_IS2_IS1_S6_EEESt17_Rb_tree_iteratorIS7_EPKSt18_Rb_tree_node_baseSK_OT_
 .text._ZNSt8_Rb_treeIN6miosix10StringPartESt4pairIKS1_NS0_17intrusive_ref_ptrINS0_14FilesystemBaseEEEESt10_Select1stIS7_ESt4lessIS1_ESaIS7_EE16_M_insert_uniqueIS2_IS1_S6_EEES2_ISt17_Rb_tree_iteratorIS7_EbEOT_
                0x0800c228       0x9c miosix/libmiosix.a(file_access.o)
                0x0800c228                _ZNSt8_Rb_treeIN6miosix10StringPartESt4pairIKS1_NS0_17intrusive_ref_ptrINS0_14FilesystemBaseEEEESt10_Select1stIS7_ESt4lessIS1_ESaIS7_EE16_M_insert_uniqueIS2_IS1_S6_EEES2_ISt17_Rb_tree_iteratorIS7_EbEOT_
 .text._ZN6miosix17FilesystemManager6kmountEPKcNS_17intrusive_ref_ptrINS_14FilesystemBaseEEE
                0x0800c2c4      0x1c8 miosix/libmiosix.a(file_access.o)
                0x0800c2c4                _ZN6miosix17FilesystemManager6kmountEPKcNS_17intrusive_ref_ptrINS_14FilesystemBaseEEE
 .text._ZN6miosix20basicFilesystemSetupENS_17intrusive_ref_ptrINS_6DeviceEEE
                0x0800c48c      0x4ac miosix/libmiosix.a(file_access.o)
                0x0800c48c                _ZN6miosix20basicFilesystemSetupENS_17intrusive_ref_ptrINS_6DeviceEEE
 .text._ZNK6miosix8FileBase6isattyEv
                0x0800c938        0x4 miosix/libmiosix.a(file.o)
                0x0800c938                _ZNK6miosix8FileBase6isattyEv
 .text._ZN6miosix8FileBase5fcntlEii
                0x0800c93c       0x10 miosix/libmiosix.a(file.o)
                0x0800c93c                _ZN6miosix8FileBase5fcntlEii
 .text._ZN6miosix8FileBase5ioctlEiPv
                0x0800c94c        0x8 miosix/libmiosix.a(file.o)
                0x0800c94c                _ZN6miosix8FileBase5ioctlEiPv
 .text._ZN6miosix8FileBase8getdentsEPvi
                0x0800c954        0x8 miosix/libmiosix.a(file.o)
                0x0800c954                _ZN6miosix8FileBase8getdentsEPvi
 .text._ZN6miosix13DirectoryBase5writeEPKvj
                0x0800c95c        0x8 miosix/libmiosix.a(file.o)
                0x0800c95c                _ZN6miosix13DirectoryBase5writeEPKvj
 .text._ZN6miosix13DirectoryBase4readEPvj
                0x0800c964        0x8 miosix/libmiosix.a(file.o)
                0x0800c964                _ZN6miosix13DirectoryBase4readEPvj
 .text._ZN6miosix13DirectoryBase5lseekExi
                0x0800c96c        0xc miosix/libmiosix.a(file.o)
                0x0800c96c                _ZN6miosix13DirectoryBase5lseekExi
 .text._ZNK6miosix13DirectoryBase5fstatEP4stat
                0x0800c978        0x8 miosix/libmiosix.a(file.o)
                0x0800c978                _ZNK6miosix13DirectoryBase5fstatEP4stat
 .text._ZN6miosix14FilesystemBase8readlinkERNS_10StringPartERSs
                0x0800c980        0x8 miosix/libmiosix.a(file.o)
                0x0800c980                _ZN6miosix14FilesystemBase8readlinkERNS_10StringPartERSs
 .text._ZNK6miosix14FilesystemBase16supportsSymlinksEv
                0x0800c988        0x4 miosix/libmiosix.a(file.o)
                0x0800c988                _ZNK6miosix14FilesystemBase16supportsSymlinksEv
 .text._ZN6miosix14FilesystemBaseD2Ev
                0x0800c98c        0xc miosix/libmiosix.a(file.o)
                0x0800c98c                _ZN6miosix14FilesystemBaseD1Ev
                0x0800c98c                _ZN6miosix14FilesystemBaseD2Ev
 .text._ZN6miosix33IntrusiveRefCountedSharedFromThisINS_14FilesystemBaseEED2Ev
                0x0800c998        0xc miosix/libmiosix.a(file.o)
                0x0800c998                _ZN6miosix33IntrusiveRefCountedSharedFromThisINS_14FilesystemBaseEED2Ev
                0x0800c998                _ZN6miosix33IntrusiveRefCountedSharedFromThisINS_14FilesystemBaseEED1Ev
 .text._ZN6miosix33IntrusiveRefCountedSharedFromThisINS_14FilesystemBaseEED0Ev
                0x0800c9a4       0x14 miosix/libmiosix.a(file.o)
                0x0800c9a4                _ZN6miosix33IntrusiveRefCountedSharedFromThisINS_14FilesystemBaseEED0Ev
 .text._ZN6miosix14FilesystemBaseD0Ev
                0x0800c9b8       0x14 miosix/libmiosix.a(file.o)
                0x0800c9b8                _ZN6miosix14FilesystemBaseD0Ev
 .text._ZN6miosix8FileBaseC2ENS_17intrusive_ref_ptrINS_14FilesystemBaseEEE
                0x0800c9cc       0x3c miosix/libmiosix.a(file.o)
                0x0800c9cc                _ZN6miosix8FileBaseC2ENS_17intrusive_ref_ptrINS_14FilesystemBaseEEE
                0x0800c9cc                _ZN6miosix8FileBaseC1ENS_17intrusive_ref_ptrINS_14FilesystemBaseEEE
 .text._ZN6miosix13DirectoryBase8addEntryEPPcS1_icRKNS_10StringPartE
                0x0800ca08       0x4c miosix/libmiosix.a(file.o)
                0x0800ca08                _ZN6miosix13DirectoryBase8addEntryEPPcS1_icRKNS_10StringPartE
 .text._ZN6miosix13DirectoryBase17addDefaultEntriesEPPcii
                0x0800ca54       0x64 miosix/libmiosix.a(file.o)
                0x0800ca54                _ZN6miosix13DirectoryBase17addDefaultEntriesEPPcii
 .text._ZN6miosix13DirectoryBase19addTerminatingEntryEPPcS1_
                0x0800cab8       0x24 miosix/libmiosix.a(file.o)
                0x0800cab8                _ZN6miosix13DirectoryBase19addTerminatingEntryEPPcS1_
 .text._ZN6miosix14FilesystemBaseC2Ev
                0x0800cadc       0x30 miosix/libmiosix.a(file.o)
                0x0800cadc                _ZN6miosix14FilesystemBaseC1Ev
                0x0800cadc                _ZN6miosix14FilesystemBaseC2Ev
 .text._ZN6miosix14FilesystemBase13fileCloseHookEv
                0x0800cb0c       0x30 miosix/libmiosix.a(file.o)
                0x0800cb0c                _ZN6miosix14FilesystemBase13fileCloseHookEv
 .text._ZN6miosix8FileBaseD2Ev
                0x0800cb3c       0x68 miosix/libmiosix.a(file.o)
                0x0800cb3c                _ZN6miosix8FileBaseD1Ev
                0x0800cb3c                _ZN6miosix8FileBaseD2Ev
 .text._ZN6miosix8FileBaseD0Ev
                0x0800cba4       0x14 miosix/libmiosix.a(file.o)
                0x0800cba4                _ZN6miosix8FileBaseD0Ev
 .text._ZN6miosix13DirectoryBaseD2Ev
                0x0800cbb8       0x14 miosix/libmiosix.a(file.o)
                0x0800cbb8                _ZN6miosix13DirectoryBaseD2Ev
                0x0800cbb8                _ZN6miosix13DirectoryBaseD1Ev
 .text._ZN6miosix13DirectoryBaseD0Ev
                0x0800cbcc       0x1c miosix/libmiosix.a(file.o)
                0x0800cbcc                _ZN6miosix13DirectoryBaseD0Ev
 .text._ZN6miosix10StringPartC2ERSsjj
                0x0800cbe8       0x78 miosix/libmiosix.a(stringpart.o)
                0x0800cbe8                _ZN6miosix10StringPartC1ERSsjj
                0x0800cbe8                _ZN6miosix10StringPartC2ERSsjj
 .text._ZN6miosix10StringPartC2EPcjj
                0x0800cc60       0x64 miosix/libmiosix.a(stringpart.o)
                0x0800cc60                _ZN6miosix10StringPartC1EPcjj
                0x0800cc60                _ZN6miosix10StringPartC2EPcjj
 .text._ZN6miosix10StringPartC2EPKc
                0x0800ccc4       0x38 miosix/libmiosix.a(stringpart.o)
                0x0800ccc4                _ZN6miosix10StringPartC2EPKc
                0x0800ccc4                _ZN6miosix10StringPartC1EPKc
 .text._ZNK6miosix10StringPart5c_strEv
                0x0800ccfc       0x20 miosix/libmiosix.a(stringpart.o)
                0x0800ccfc                _ZNK6miosix10StringPart5c_strEv
 .text._ZNK6miosix10StringPart10findLastOfEc
                0x0800cd1c       0x24 miosix/libmiosix.a(stringpart.o)
                0x0800cd1c                _ZNK6miosix10StringPart10findLastOfEc
 .text._ZNK6miosix10StringPartixEj
                0x0800cd40       0x38 miosix/libmiosix.a(stringpart.o)
                0x0800cd40                _ZNK6miosix10StringPartixEj
 .text._ZN6miosix10StringPart5clearEv
                0x0800cd78       0xa4 miosix/libmiosix.a(stringpart.o)
                0x0800cd78                _ZN6miosix10StringPart5clearEv
 .text._ZN6miosix10StringPart6assignERKS0_
                0x0800ce1c       0x38 miosix/libmiosix.a(stringpart.o)
                0x0800ce1c                _ZN6miosix10StringPart6assignERKS0_
 .text._ZN6miosix10StringPartC2ERKS0_
                0x0800ce54       0x28 miosix/libmiosix.a(stringpart.o)
                0x0800ce54                _ZN6miosix10StringPartC2ERKS0_
                0x0800ce54                _ZN6miosix10StringPartC1ERKS0_
 .text._ZN6miosix10StringPartC2ERS0_jj
                0x0800ce7c       0xe4 miosix/libmiosix.a(stringpart.o)
                0x0800ce7c                _ZN6miosix10StringPartC2ERS0_jj
                0x0800ce7c                _ZN6miosix10StringPartC1ERS0_jj
 .text._ZN6miosix12MountpointFs6unlinkERNS_10StringPartE
                0x0800cf60        0x8 miosix/libmiosix.a(mountpointfs.o)
                0x0800cf60                _ZN6miosix12MountpointFs6unlinkERNS_10StringPartE
 .text._ZNSt8_Rb_treeIN6miosix10StringPartESt4pairIKS1_iESt10_Select1stIS4_ESt4lessIS1_ESaIS4_EE14_M_lower_boundEPSt13_Rb_tree_nodeIS4_ESD_RS3_.isra.11
                0x0800cf68       0x34 miosix/libmiosix.a(mountpointfs.o)
 .text._ZN6miosix21MountpointFsDirectoryD2Ev
                0x0800cf9c       0x58 miosix/libmiosix.a(mountpointfs.o)
                0x0800cf9c                _ZN6miosix21MountpointFsDirectoryD2Ev
                0x0800cf9c                _ZN6miosix21MountpointFsDirectoryD1Ev
 .text._ZN6miosix21MountpointFsDirectoryD0Ev
                0x0800cff4       0x5c miosix/libmiosix.a(mountpointfs.o)
                0x0800cff4                _ZN6miosix21MountpointFsDirectoryD0Ev
 .text._ZNSt8_Rb_treeIN6miosix10StringPartESt4pairIKS1_iESt10_Select1stIS4_ESt4lessIS1_ESaIS4_EE8_M_eraseEPSt13_Rb_tree_nodeIS4_E
                0x0800d050       0x28 miosix/libmiosix.a(mountpointfs.o)
                0x0800d050                _ZNSt8_Rb_treeIN6miosix10StringPartESt4pairIKS1_iESt10_Select1stIS4_ESt4lessIS1_ESaIS4_EE8_M_eraseEPSt13_Rb_tree_nodeIS4_E
 .text._ZN6miosix12MountpointFsD2Ev
                0x0800d078       0x30 miosix/libmiosix.a(mountpointfs.o)
                0x0800d078                _ZN6miosix12MountpointFsD2Ev
                0x0800d078                _ZN6miosix12MountpointFsD1Ev
 .text._ZN6miosix12MountpointFsD0Ev
                0x0800d0a8       0x38 miosix/libmiosix.a(mountpointfs.o)
                0x0800d0a8                _ZN6miosix12MountpointFsD0Ev
 .text._ZNSt8_Rb_treeIN6miosix10StringPartESt4pairIKS1_iESt10_Select1stIS4_ESt4lessIS1_ESaIS4_EE4findERS3_
                0x0800d0e0       0x3c miosix/libmiosix.a(mountpointfs.o)
                0x0800d0e0                _ZNSt8_Rb_treeIN6miosix10StringPartESt4pairIKS1_iESt10_Select1stIS4_ESt4lessIS1_ESaIS4_EE4findERS3_
 .text._ZN6miosix21MountpointFsDirectory8getdentsEPvi
                0x0800d11c       0xfc miosix/libmiosix.a(mountpointfs.o)
                0x0800d11c                _ZN6miosix21MountpointFsDirectory8getdentsEPvi
 .text._ZN6miosix12MountpointFs5lstatERNS_10StringPartEP4stat
                0x0800d218       0x84 miosix/libmiosix.a(mountpointfs.o)
                0x0800d218                _ZN6miosix12MountpointFs5lstatERNS_10StringPartEP4stat
 .text._ZN6miosix12MountpointFs4openERNS_17intrusive_ref_ptrINS_8FileBaseEEERNS_10StringPartEii
                0x0800d29c      0x294 miosix/libmiosix.a(mountpointfs.o)
                0x0800d29c                _ZN6miosix12MountpointFs4openERNS_17intrusive_ref_ptrINS_8FileBaseEEERNS_10StringPartEii
 .text._ZNSt8_Rb_treeIN6miosix10StringPartESt4pairIKS1_iESt10_Select1stIS4_ESt4lessIS1_ESaIS4_EE12_M_erase_auxESt23_Rb_tree_const_iteratorIS4_E
                0x0800d530       0x24 miosix/libmiosix.a(mountpointfs.o)
                0x0800d530                _ZNSt8_Rb_treeIN6miosix10StringPartESt4pairIKS1_iESt10_Select1stIS4_ESt4lessIS1_ESaIS4_EE12_M_erase_auxESt23_Rb_tree_const_iteratorIS4_E
 .text._ZNSt8_Rb_treeIN6miosix10StringPartESt4pairIKS1_iESt10_Select1stIS4_ESt4lessIS1_ESaIS4_EE10_M_insert_IS2_IS1_iEEESt17_Rb_tree_iteratorIS4_EPKSt18_Rb_tree_node_baseSH_OT_
                0x0800d554       0x84 miosix/libmiosix.a(mountpointfs.o)
                0x0800d554                _ZNSt8_Rb_treeIN6miosix10StringPartESt4pairIKS1_iESt10_Select1stIS4_ESt4lessIS1_ESaIS4_EE10_M_insert_IS2_IS1_iEEESt17_Rb_tree_iteratorIS4_EPKSt18_Rb_tree_node_baseSH_OT_
 .text._ZNSt8_Rb_treeIN6miosix10StringPartESt4pairIKS1_iESt10_Select1stIS4_ESt4lessIS1_ESaIS4_EE16_M_insert_uniqueIS2_IS1_iEEES2_ISt17_Rb_tree_iteratorIS4_EbEOT_
                0x0800d5d8       0x9c miosix/libmiosix.a(mountpointfs.o)
                0x0800d5d8                _ZNSt8_Rb_treeIN6miosix10StringPartESt4pairIKS1_iESt10_Select1stIS4_ESt4lessIS1_ESaIS4_EE16_M_insert_uniqueIS2_IS1_iEEES2_ISt17_Rb_tree_iteratorIS4_EbEOT_
 .text._ZN6miosix12MountpointFs5mkdirERNS_10StringPartEi
                0x0800d674       0x90 miosix/libmiosix.a(mountpointfs.o)
                0x0800d674                _ZN6miosix12MountpointFs5mkdirERNS_10StringPartEi
 .text._ZNSt8_Rb_treeIN6miosix10StringPartESt4pairIKS1_iESt10_Select1stIS4_ESt4lessIS1_ESaIS4_EE11equal_rangeERS3_
                0x0800d704       0xa8 miosix/libmiosix.a(mountpointfs.o)
                0x0800d704                _ZNSt8_Rb_treeIN6miosix10StringPartESt4pairIKS1_iESt10_Select1stIS4_ESt4lessIS1_ESaIS4_EE11equal_rangeERS3_
 .text._ZN6miosix12MountpointFs5rmdirERNS_10StringPartE
                0x0800d7ac       0xa0 miosix/libmiosix.a(mountpointfs.o)
                0x0800d7ac                _ZN6miosix12MountpointFs5rmdirERNS_10StringPartE
 .text._ZNSt8_Rb_treeIN6miosix10StringPartESt4pairIKS1_iESt10_Select1stIS4_ESt4lessIS1_ESaIS4_EE10_M_insert_IS4_EESt17_Rb_tree_iteratorIS4_EPKSt18_Rb_tree_node_baseSG_OT_
                0x0800d84c       0x84 miosix/libmiosix.a(mountpointfs.o)
                0x0800d84c                _ZNSt8_Rb_treeIN6miosix10StringPartESt4pairIKS1_iESt10_Select1stIS4_ESt4lessIS1_ESaIS4_EE10_M_insert_IS4_EESt17_Rb_tree_iteratorIS4_EPKSt18_Rb_tree_node_baseSG_OT_
 .text._ZNSt8_Rb_treeIN6miosix10StringPartESt4pairIKS1_iESt10_Select1stIS4_ESt4lessIS1_ESaIS4_EE16_M_insert_uniqueIS4_EES2_ISt17_Rb_tree_iteratorIS4_EbEOT_
                0x0800d8d0       0x9c miosix/libmiosix.a(mountpointfs.o)
                0x0800d8d0                _ZNSt8_Rb_treeIN6miosix10StringPartESt4pairIKS1_iESt10_Select1stIS4_ESt4lessIS1_ESaIS4_EE16_M_insert_uniqueIS4_EES2_ISt17_Rb_tree_iteratorIS4_EbEOT_
 .text._ZNSt8_Rb_treeIN6miosix10StringPartESt4pairIKS1_iESt10_Select1stIS4_ESt4lessIS1_ESaIS4_EE17_M_insert_unique_IS4_EESt17_Rb_tree_iteratorIS4_ESt23_Rb_tree_const_iteratorIS4_EOT_
                0x0800d96c      0x130 miosix/libmiosix.a(mountpointfs.o)
                0x0800d96c                _ZNSt8_Rb_treeIN6miosix10StringPartESt4pairIKS1_iESt10_Select1stIS4_ESt4lessIS1_ESaIS4_EE17_M_insert_unique_IS4_EESt17_Rb_tree_iteratorIS4_ESt23_Rb_tree_const_iteratorIS4_EOT_
 .text._ZN6miosix12MountpointFs6renameERNS_10StringPartES2_
                0x0800da9c       0xd8 miosix/libmiosix.a(mountpointfs.o)
                0x0800da9c                _ZN6miosix12MountpointFs6renameERNS_10StringPartES2_
 .text._ZNK6miosix9Fat32File5fstatEP4stat
                0x0800db74       0x7c miosix/libmiosix.a(fat32.o)
                0x0800db74                _ZNK6miosix9Fat32File5fstatEP4stat
 .text._ZN6miosix7Fat32Fs17unlinkRmdirHelperERNS_10StringPartEb
                0x0800dbf0       0x94 miosix/libmiosix.a(fat32.o)
                0x0800dbf0                _ZN6miosix7Fat32Fs17unlinkRmdirHelperERNS_10StringPartEb
 .text._ZN6miosix7Fat32Fs5rmdirERNS_10StringPartE
                0x0800dc84        0x8 miosix/libmiosix.a(fat32.o)
                0x0800dc84                _ZN6miosix7Fat32Fs5rmdirERNS_10StringPartE
 .text._ZN6miosix7Fat32Fs6unlinkERNS_10StringPartE
                0x0800dc8c        0x8 miosix/libmiosix.a(fat32.o)
                0x0800dc8c                _ZN6miosix7Fat32Fs6unlinkERNS_10StringPartE
 .text._ZN6miosix7Fat32Fs5mkdirERNS_10StringPartEi
                0x0800dc94       0x5c miosix/libmiosix.a(fat32.o)
                0x0800dc94                _ZN6miosix7Fat32Fs5mkdirERNS_10StringPartEi
 .text._ZN6miosix7Fat32Fs6renameERNS_10StringPartES2_
                0x0800dcf0       0x68 miosix/libmiosix.a(fat32.o)
                0x0800dcf0                _ZN6miosix7Fat32Fs6renameERNS_10StringPartES2_
 .text._ZN6miosix7Fat32Fs5lstatERNS_10StringPartEP4stat
                0x0800dd58       0xc8 miosix/libmiosix.a(fat32.o)
                0x0800dd58                _ZN6miosix7Fat32Fs5lstatERNS_10StringPartEP4stat
 .text._ZN6miosix9Fat32FileD2Ev
                0x0800de20       0x4c miosix/libmiosix.a(fat32.o)
                0x0800de20                _ZN6miosix9Fat32FileD2Ev
                0x0800de20                _ZN6miosix9Fat32FileD1Ev
 .text._ZN6miosix9Fat32FileD0Ev
                0x0800de6c       0x14 miosix/libmiosix.a(fat32.o)
                0x0800de6c                _ZN6miosix9Fat32FileD0Ev
 .text._ZN6miosix9Fat32File5ioctlEiPv
                0x0800de80       0x50 miosix/libmiosix.a(fat32.o)
                0x0800de80                _ZN6miosix9Fat32File5ioctlEiPv
 .text._ZN6miosix9Fat32File5lseekExi
                0x0800ded0       0xa8 miosix/libmiosix.a(fat32.o)
                0x0800ded0                _ZN6miosix9Fat32File5lseekExi
 .text._ZN6miosix9Fat32File4readEPvj
                0x0800df78       0x54 miosix/libmiosix.a(fat32.o)
                0x0800df78                _ZN6miosix9Fat32File4readEPvj
 .text._ZN6miosix9Fat32File5writeEPKvj
                0x0800dfcc       0x64 miosix/libmiosix.a(fat32.o)
                0x0800dfcc                _ZN6miosix9Fat32File5writeEPKvj
 .text._ZN6miosix14Fat32DirectoryD2Ev
                0x0800e030       0x50 miosix/libmiosix.a(fat32.o)
                0x0800e030                _ZN6miosix14Fat32DirectoryD2Ev
                0x0800e030                _ZN6miosix14Fat32DirectoryD1Ev
 .text._ZN6miosix14Fat32DirectoryD0Ev
                0x0800e080       0x14 miosix/libmiosix.a(fat32.o)
                0x0800e080                _ZN6miosix14Fat32DirectoryD0Ev
 .text._ZN6miosix14Fat32Directory8getdentsEPvi
                0x0800e094      0x14c miosix/libmiosix.a(fat32.o)
                0x0800e094                _ZN6miosix14Fat32Directory8getdentsEPvi
 .text._ZN6miosix7Fat32FsC2ENS_17intrusive_ref_ptrINS_8FileBaseEEE
                0x0800e1e0       0xc4 miosix/libmiosix.a(fat32.o)
                0x0800e1e0                _ZN6miosix7Fat32FsC1ENS_17intrusive_ref_ptrINS_8FileBaseEEE
                0x0800e1e0                _ZN6miosix7Fat32FsC2ENS_17intrusive_ref_ptrINS_8FileBaseEEE
 .text._ZN6miosix7Fat32FsD2Ev
                0x0800e2a4       0xdc miosix/libmiosix.a(fat32.o)
                0x0800e2a4                _ZN6miosix7Fat32FsD2Ev
                0x0800e2a4                _ZN6miosix7Fat32FsD1Ev
 .text._ZN6miosix7Fat32FsD0Ev
                0x0800e380       0x14 miosix/libmiosix.a(fat32.o)
                0x0800e380                _ZN6miosix7Fat32FsD0Ev
 .text._ZN6miosix9Fat32FileC2ENS_17intrusive_ref_ptrINS_14FilesystemBaseEEERNS_9FastMutexE
                0x0800e394       0x6c miosix/libmiosix.a(fat32.o)